---
source: crates/friction-cli/tests/snapshot.rs
expression: stdout
---
METRIC                         VALUE  BAND                STATUS
sentence_length_mean         13.0952  [7.2222, 22.6122]   in    
sentence_length_stddev        7.7228  [6.7106, 12.6994]   in    
sentence_length_cv            0.5897  [0.4975, 1.1375]    in    
discourse_marker_density      4.7450  [0.0000, 2.8618]    OUT   
triad_rate                    0.0159  [0.0000, 0.0870]    in    
contraction_ratio             0.3333  [0.0000, 0.7308]    in    
bullet_parallelism            0.9375  [0.0000, 1.0000]    in    
paragraph_shape_mean          1.4651  [1.1641, 3.5385]    in    
paragraph_shape_cv            0.4959  [0.3858, 0.7954]    in    
em_dash_density               0.0000  [0.0000, 4.2445]    in    
semicolon_density             0.0000  [0.0000, 3.4200]    in    
participial_closer_rate       0.0476  [0.0000, 0.0231]    OUT   
not_just_but_rate             0.0159  [0.0000, 0.0093]    OUT   
ritual_marker_rate            0.0233  [0.0000, 0.0000]    OUT   
llm_favored_phrase_rate      47.4496  [0.9225, 19.3120]   OUT   
human_favored_phrase_rate    13.0486  [11.1492, 39.2610]  in    
heading_density               8.3037  [0.6072, 10.3668]   in    
list_item_density            18.9798  [0.0000, 16.8244]   OUT   
bold_span_density            28.4698  [0.0000, 10.6682]   OUT   
sentence_opener_repeat_rate   0.0645  [0.0067, 0.1343]    in    
top_opener_concentration      0.0794  [0.0588, 0.2154]    in    
symmetry.participial_closer

  ⚠ sentence-final participial closer reads as an LLM tic; promoting it to its own sentence preserves the claim
   ╭─[corpus/llm/blog/152f7fa1159f4910.md:3:63]
 2 │ 
 3 │ When starting a new venture, especially with limited resources, selecting the right database can significantly impact your project’s success. For a two-person startup, deciding between PostgreSQL and MySQL is crucial as it affects both technical and operational aspects of the business. This blog post aims to provide an in-depth comparison based on specific features and operational tradeoffs that drove our decision.
   ·                                                               ───────────────────────────────────────┬──────────────────────────────────────
   ·                                                                                                      ╰── sentence-final participial closer reads as an LLM tic; promoting it to its own sentence preserves the claim
 4 │ 
   ╰────

symmetry.participial_closer

  × sentence-final participial closer reads as an LLM tic, but it has no clear object to promote; deleting it cannot be verified to preserve the sentence's claim, so this needs a human decision
   ╭─[corpus/llm/blog/152f7fa1159f4910.md:3:169]
 2 │ 
 3 │ When starting a new venture, especially with limited resources, selecting the right database can significantly impact your project’s success. For a two-person startup, deciding between PostgreSQL and MySQL is crucial as it affects both technical and operational aspects of the business. This blog post aims to provide an in-depth comparison based on specific features and operational tradeoffs that drove our decision.
   ·                                                                                                                                                                       ───────────────────────────────────────────────────────────┬───────────────────────────────────────────────────────────
   ·                                                                                                                                                                                                                                  ╰── sentence-final participial closer reads as an LLM tic, but it has no clear object to promote; deleting it cannot be verified to preserve the sentence's claim, so this needs a human decision
 4 │ 
   ╰────

lexical.substitution

  ⚠ "crucial" reads as machine-favored register (mined llm-favored (MINING.md, z=6.47); key keeps the emphasis, drops the register); "key" is a plain near-synonym
   ╭─[corpus/llm/blog/152f7fa1159f4910.md:3:212]
 2 │ 
 3 │ When starting a new venture, especially with limited resources, selecting the right database can significantly impact your project’s success. For a two-person startup, deciding between PostgreSQL and MySQL is crucial as it affects both technical and operational aspects of the business. This blog post aims to provide an in-depth comparison based on specific features and operational tradeoffs that drove our decision.
   ·                                                                                                                                                                                                                  ───┬───
   ·                                                                                                                                                                                                                     ╰── "crucial" reads as machine-favored register (mined llm-favored (MINING.md, z=6.47); key keeps the emphasis, drops the register); "key" is a plain near-synonym
 4 │ 
   ╰────

lexical.substitution

  ⚠ "specific" reads as machine-favored register (mined llm-favored (MINING.md); particular is a plainer near-synonym); "particular" is a plain near-synonym
   ╭─[corpus/llm/blog/152f7fa1159f4910.md:3:353]
 2 │ 
 3 │ When starting a new venture, especially with limited resources, selecting the right database can significantly impact your project’s success. For a two-person startup, deciding between PostgreSQL and MySQL is crucial as it affects both technical and operational aspects of the business. This blog post aims to provide an in-depth comparison based on specific features and operational tradeoffs that drove our decision.
   ·                                                                                                                                                                                                                                                                                                                                                               ────┬───
   ·                                                                                                                                                                                                                                                                                                                                                                   ╰── "specific" reads as machine-favored register (mined llm-favored (MINING.md); particular is a plainer near-synonym); "particular" is a plain near-synonym
 4 │ 
   ╰────

lexical.substitution

  ⚠ "robust" reads as machine-favored register (mined llm-favored (MINING.md, z=6.29); solid is the plain equivalent); "solid" is a plain near-synonym
   ╭─[corpus/llm/blog/152f7fa1159f4910.md:7:68]
 6 │ 
 7 │ Our startup is focused on building a web application that requires robust data management capabilities but operates with limited financial resources. We need a database system that not only meets our current needs but also scales well as we grow. After careful consideration, we decided to choose PostgreSQL over MySQL. In this post, I'll outline the key features and tradeoffs that led us to make this choice.
   ·                                                                    ───┬──
   ·                                                                       ╰── "robust" reads as machine-favored register (mined llm-favored (MINING.md, z=6.29); solid is the plain equivalent); "solid" is a plain near-synonym
 8 │ 
   ╰────

symmetry.not_just_but

  × "not just/only X but (also) Y" reads as an LLM tic; consider reframing which half the sentence emphasizes
   ╭─[corpus/llm/blog/152f7fa1159f4910.md:7:182]
 6 │ 
 7 │ Our startup is focused on building a web application that requires robust data management capabilities but operates with limited financial resources. We need a database system that not only meets our current needs but also scales well as we grow. After careful consideration, we decided to choose PostgreSQL over MySQL. In this post, I'll outline the key features and tradeoffs that led us to make this choice.
   ·                                                                                                                                                                                      ────────────────────┬────────────────────
   ·                                                                                                                                                                                                          ╰── "not just/only X but (also) Y" reads as an LLM tic; consider reframing which half the sentence emphasizes
 8 │ 
   ╰────

lexical.substitution

  ⚠ "powerful" reads as machine-favored register (mined llm-favored (MINING.md); strong is the plain equivalent); "strong" is a plain near-synonym
    ╭─[corpus/llm/blog/152f7fa1159f4910.md:14:122]
 13 │ **PostgreSQL:**
 14 │ - **Advanced Features:** PostgreSQL offers advanced features such as JSONB data type, full-text search capabilities, and powerful indexing options that can handle complex queries efficiently.
    ·                                                                                                                          ────┬───
    ·                                                                                                                              ╰── "powerful" reads as machine-favored register (mined llm-favored (MINING.md); strong is the plain equivalent); "strong" is a plain near-synonym
 15 │ - **Dynamic Schema Changes:** It supports dynamic schema changes without downtime, which is crucial for a two-person startup where requirements might change rapidly.
    ╰────

lexical.substitution

  ⚠ "crucial" reads as machine-favored register (mined llm-favored (MINING.md, z=6.47); key keeps the emphasis, drops the register); "key" is a plain near-synonym
    ╭─[corpus/llm/blog/152f7fa1159f4910.md:15:93]
 14 │ - **Advanced Features:** PostgreSQL offers advanced features such as JSONB data type, full-text search capabilities, and powerful indexing options that can handle complex queries efficiently.
 15 │ - **Dynamic Schema Changes:** It supports dynamic schema changes without downtime, which is crucial for a two-person startup where requirements might change rapidly.
    ·                                                                                             ───┬───
    ·                                                                                                ╰── "crucial" reads as machine-favored register (mined llm-favored (MINING.md, z=6.47); key keeps the emphasis, drops the register); "key" is a plain near-synonym
 16 │ 
    ╰────

connective.surgery

  ⚠ sentence-initial connective "However" is over this genre's envelope
    ╭─[corpus/llm/blog/152f7fa1159f4910.md:18:109]
 17 │ **MySQL:**
 18 │ - **Simplicity:** MySQL has a simpler architecture, making it easier to manage in smaller-scale operations. However, it requires more manual intervention when scaling out.
    ·                                                                                                             ───┬───
    ·                                                                                                                ╰── sentence-initial connective "However" is over this genre's envelope
 19 │ - **Community Support:** MySQL benefits from a large community and extensive documentation, which can be advantageous for troubleshooting and learning.
    ╰────

lexical.substitution

  ⚠ "crucial" reads as machine-favored register (mined llm-favored (MINING.md, z=6.47); key keeps the emphasis, drops the register); "key" is a plain near-synonym
    ╭─[corpus/llm/blog/152f7fa1159f4910.md:21:136]
 20 │ 
 21 │ For our startup, the ability to handle complex data structures and dynamic schema changes without significant operational overhead was crucial. PostgreSQL’s advanced features provided us with flexibility that we could not easily achieve with MySQL.
    ·                                                                                                                                        ───┬───
    ·                                                                                                                                           ╰── "crucial" reads as machine-favored register (mined llm-favored (MINING.md, z=6.47); key keeps the emphasis, drops the register); "key" is a plain near-synonym
 22 │ 
    ╰────

lexical.substitution

  ⚠ "paramount" reads as machine-favored register (paramount is a more formal synonym of key); "key" is a plain near-synonym
    ╭─[corpus/llm/blog/152f7fa1159f4910.md:25:19]
 24 │ 
 25 │ Data integrity is paramount in any application, especially when handling sensitive information or critical business operations.
    ·                   ────┬────
    ·                       ╰── "paramount" reads as machine-favored register (paramount is a more formal synonym of key); "key" is a plain near-synonym
 26 │ 
    ╰────

symmetry.participial_closer

  ⚠ sentence-final participial closer reads as an LLM tic; promoting it to its own sentence preserves the claim
    ╭─[corpus/llm/blog/152f7fa1159f4910.md:28:118]
 27 │ **PostgreSQL:**
 28 │ - **ACID Compliance:** PostgreSQL strictly adheres to ACID (Atomicity, Consistency, Isolation, Durability) properties, ensuring that data transactions are reliable.
    ·                                                                                                                      ───────────────────────┬──────────────────────
    ·                                                                                                                                             ╰── sentence-final participial closer reads as an LLM tic; promoting it to its own sentence preserves the claim
 29 │ - **Advanced Transactions:** It supports complex transactional workflows, including nested transactions and multi-version concurrency control (MVCC), which helps in maintaining consistency during concurrent operations.
    ╰────

lexical.substitution

  ⚠ "robust" reads as machine-favored register (mined llm-favored (MINING.md, z=6.29); solid is the plain equivalent); "solid" is a plain near-synonym
    ╭─[corpus/llm/blog/152f7fa1159f4910.md:33:44]
 32 │ - **ACID Compliance:** While MySQL also supports ACID compliance, its implementation might be less strict compared to PostgreSQL. This can lead to potential data inconsistencies.
 33 │ - **Replication Features:** MySQL provides robust replication features but requires careful configuration and management to ensure reliability.
    ·                                            ───┬──
    ·                                               ╰── "robust" reads as machine-favored register (mined llm-favored (MINING.md, z=6.29); solid is the plain equivalent); "solid" is a plain near-synonym
 34 │ 
    ╰────

lexical.substitution

  ⚠ "powerful" reads as machine-favored register (mined llm-favored (MINING.md); strong is the plain equivalent); "strong" is a plain near-synonym
    ╭─[corpus/llm/blog/152f7fa1159f4910.md:42:44]
 41 │ **PostgreSQL:**
 42 │ - **Query Optimization:** PostgreSQL has a powerful query optimizer that can handle complex queries efficiently. It supports advanced indexing techniques and parallel processing.
    ·                                            ────┬───
    ·                                                ╰── "powerful" reads as machine-favored register (mined llm-favored (MINING.md); strong is the plain equivalent); "strong" is a plain near-synonym
 43 │ - **Customizability:** The ability to customize functions and operators allows for fine-grained control over data manipulation processes, which is beneficial for optimizing performance in specific use cases.
    ╰────

lexical.substitution

  ⚠ "optimizing" reads as machine-favored register (optimize is a more formal synonym of improve); "improve" is a plain near-synonym
    ╭─[corpus/llm/blog/152f7fa1159f4910.md:43:163]
 42 │ - **Query Optimization:** PostgreSQL has a powerful query optimizer that can handle complex queries efficiently. It supports advanced indexing techniques and parallel processing.
 43 │ - **Customizability:** The ability to customize functions and operators allows for fine-grained control over data manipulation processes, which is beneficial for optimizing performance in specific use cases.
    ·                                                                                                                                                                   ─────┬────
    ·                                                                                                                                                                        ╰── "optimizing" reads as machine-favored register (optimize is a more formal synonym of improve); "improve" is a plain near-synonym
 44 │ 
    ╰────

lexical.substitution

  ⚠ "specific" reads as machine-favored register (mined llm-favored (MINING.md); particular is a plainer near-synonym); "particular" is a plain near-synonym
    ╭─[corpus/llm/blog/152f7fa1159f4910.md:43:189]
 42 │ - **Query Optimization:** PostgreSQL has a powerful query optimizer that can handle complex queries efficiently. It supports advanced indexing techniques and parallel processing.
 43 │ - **Customizability:** The ability to customize functions and operators allows for fine-grained control over data manipulation processes, which is beneficial for optimizing performance in specific use cases.
    ·                                                                                                                                                                                             ────┬───
    ·                                                                                                                                                                                                 ╰── "specific" reads as machine-favored register (mined llm-favored (MINING.md); particular is a plainer near-synonym); "particular" is a plain near-synonym
 44 │ 
    ╰────

connective.surgery

  ⚠ sentence-initial connective "However" is over this genre's envelope
    ╭─[corpus/llm/blog/152f7fa1159f4910.md:60:102]
 59 │ **MySQL:**
 60 │ - **Community Edition vs. Enterprise Edition:** The MySQL Community Edition is free and open-source. However, for enterprise-level features, a commercial license might be required.
    ·                                                                                                      ───┬───
    ·                                                                                                         ╰── sentence-initial connective "However" is over this genre's envelope
 61 │ - **Vendor Support:** While the community edition is sufficient for many use cases, enterprise features come at an additional cost if you require professional support.
    ╰────

lexical.substitution

  ⚠ "robust" reads as machine-favored register (mined llm-favored (MINING.md, z=6.29); solid is the plain equivalent); "solid" is a plain near-synonym
    ╭─[corpus/llm/blog/152f7fa1159f4910.md:67:161]
 66 │ 
 67 │ After carefully weighing the pros and cons, we chose PostgreSQL for our two-person startup’s first production database. The combination of advanced features, robust data integrity, superior performance in complex query operations, and no licensing fees made it an ideal choice. However, every project is unique, and your decision should be based on your specific needs and constraints.
    ·                                                                                                                                                               ───┬──
    ·                                                                                                                                                                  ╰── "robust" reads as machine-favored register (mined llm-favored (MINING.md, z=6.29); solid is the plain equivalent); "solid" is a plain near-synonym
 68 │ 
    ╰────

connective.surgery

  ⚠ sentence-initial connective "However" is over this genre's envelope
    ╭─[corpus/llm/blog/152f7fa1159f4910.md:67:281]
 66 │ 
 67 │ After carefully weighing the pros and cons, we chose PostgreSQL for our two-person startup’s first production database. The combination of advanced features, robust data integrity, superior performance in complex query operations, and no licensing fees made it an ideal choice. However, every project is unique, and your decision should be based on your specific needs and constraints.
    ·                                                                                                                                                                                                                                                                                       ───┬───
    ·                                                                                                                                                                                                                                                                                          ╰── sentence-initial connective "However" is over this genre's envelope
 68 │ 
    ╰────

lexical.substitution

  ⚠ "specific" reads as machine-favored register (mined llm-favored (MINING.md); particular is a plainer near-synonym); "particular" is a plain near-synonym
    ╭─[corpus/llm/blog/152f7fa1159f4910.md:67:357]
 66 │ 
 67 │ After carefully weighing the pros and cons, we chose PostgreSQL for our two-person startup’s first production database. The combination of advanced features, robust data integrity, superior performance in complex query operations, and no licensing fees made it an ideal choice. However, every project is unique, and your decision should be based on your specific needs and constraints.
    ·                                                                                                                                                                                                                                                                                                                                                                   ────┬───
    ·                                                                                                                                                                                                                                                                                                                                                                       ╰── "specific" reads as machine-favored register (mined llm-favored (MINING.md); particular is a plainer near-synonym); "particular" is a plain near-synonym
 68 │ 
    ╰────

symmetry.ritual_conclusion

  × the document's final paragraph opens with the ritual conclusion marker "Ultimately"
    ╭─[corpus/llm/blog/152f7fa1159f4910.md:69:1]
 68 │ 
 69 │ Ultimately, the key takeaway is to carefully assess your application requirements before making a decision. PostgreSQL and MySQL are both excellent choices, but their strengths lie in different areas. By understanding these differences, you can make an informed choice that best suits your startup’s goals.
    · ─────┬────
    ·      ╰── the document's final paragraph opens with the ritual conclusion marker "Ultimately"
    ╰────
