---
source: crates/friction-cli/tests/snapshot.rs
expression: stdout
---
METRIC                         VALUE  BAND               STATUS
sentence_length_mean         13.0952  [3.4918, 22.6122]  in    
sentence_length_stddev        7.7228  [3.4228, 13.4118]  in    
sentence_length_cv            0.5897  [0.4975, 1.3592]   in    
discourse_marker_density      4.7450  [0.0000, 4.2373]   OUT   
triad_rate                    0.0159  [0.0000, 0.0870]   in    
contraction_ratio             0.3333  [0.0000, 1.0000]   in    
bullet_parallelism            0.8125  [0.0000, 1.0000]   weak  
paragraph_shape_mean          1.4651  [1.0357, 3.5385]   in    
paragraph_shape_cv            0.4959  [0.1792, 0.7954]   in    
em_dash_density               0.0000  [0.0000, 4.2445]   weak  
semicolon_density             0.0000  [0.0000, 3.9683]   in    
participial_closer_rate       0.1111  [0.0000, 0.0312]   OUT   
not_just_but_rate             0.0159  [0.0000, 0.0093]   weak  
ritual_marker_rate            0.0233  [0.0000, 0.0000]   OUT   
llm_favored_phrase_rate      47.4496  [0.0000, 21.6346]  OUT   
human_favored_phrase_rate    13.0486  [8.5911, 48.8215]  in    
heading_density               8.3037  [0.0000, 43.0464]  in    
list_item_density            18.9798  [0.0000, 98.2659]  in    
bold_span_density            28.4698  [0.0000, 14.7059]  OUT   
sentence_opener_repeat_rate   0.0645  [0.0000, 0.1379]   in    
top_opener_concentration      0.0794  [0.0442, 0.2154]   in    

dms: mean_machine=20.0043  mean_human=1.6283  differential=18.3759  tokens=939

tell counts (31 span(s) total):
  dms: 28
  lvc: 1
  sub: 2
dms.machine

  ⚠ machine-favored phrasing peaks at 'drove our decision.'
   ╭─[corpus/llm/blog/152f7fa1159f4910.md:3:1]
 2 │ 
 3 │ When starting a new venture, especially with limited resources, selecting the right database can significantly impact your project’s success. For a two-person startup, deciding between PostgreSQL and MySQL is crucial as it affects both technical and operational aspects of the business. This blog post aims to provide an in-depth comparison based on specific features and operational tradeoffs that drove our decision.
   · ─────────────────────────────────────────────────────────────────────────────────────────────────────────────────────────────────────────────────────────────────────────────────────────────────────────────────┬────────────────────────────────────────────────────────────────────────────────────────────────────────────────────────────────────────────────────────────────────────────────────────────────────────────────
   ·                                                                                                                                                                                                                  ╰── machine-favored phrasing peaks at 'drove our decision.'
 4 │ 
   ╰────

sub.is_crucial

  ⚠ Literal tell: sub.is_crucial
   ╭─[corpus/llm/blog/152f7fa1159f4910.md:3:209]
 2 │ 
 3 │ When starting a new venture, especially with limited resources, selecting the right database can significantly impact your project’s success. For a two-person startup, deciding between PostgreSQL and MySQL is crucial as it affects both technical and operational aspects of the business. This blog post aims to provide an in-depth comparison based on specific features and operational tradeoffs that drove our decision.
   ·                                                                                                                                                                                                               ─────┬────
   ·                                                                                                                                                                                                                    ╰── Literal tell: sub.is_crucial
 4 │ 
   ╰────

dms.machine

  ⚠ machine-favored phrasing peaks at 'make this choice.'
   ╭─[corpus/llm/blog/152f7fa1159f4910.md:7:1]
 6 │ 
 7 │ Our startup is focused on building a web application that requires robust data management capabilities but operates with limited financial resources. We need a database system that not only meets our current needs but also scales well as we grow. After careful consideration, we decided to choose PostgreSQL over MySQL. In this post, I'll outline the key features and tradeoffs that led us to make this choice.
   · ─────────────────────────────────────────────────────────────────────────────────────────────────────────────────────────────────────────────────────────────────────────────────────────────────────────────┬────────────────────────────────────────────────────────────────────────────────────────────────────────────────────────────────────────────────────────────────────────────────────────────────────────────
   ·                                                                                                                                                                                                              ╰── machine-favored phrasing peaks at 'make this choice.'
 8 │ 
   ╰────

dms.machine

  ⚠ machine-favored phrasing peaks at 'approaches differ significantly.'
    ╭─[corpus/llm/blog/152f7fa1159f4910.md:11:1]
 10 │ 
 11 │ Scalability is often cited as one of the main reasons for choosing a database system. While both PostgreSQL and MySQL support horizontal scaling through sharding or replication, their approaches differ significantly. 
    · ────────────────────────────────────────────────────────────────────────────────────────────────────────────┬───────────────────────────────────────────────────────────────────────────────────────────────────────────
    ·                                                                                                             ╰── machine-favored phrasing peaks at 'approaches differ significantly.'
 12 │ 
    ╰────

dms.machine

  ⚠ machine-favored phrasing peaks at 'complex queries efficiently.'
    ╭─[corpus/llm/blog/152f7fa1159f4910.md:14:5]
 13 │ **PostgreSQL:**
 14 │ - **Advanced Features:** PostgreSQL offers advanced features such as JSONB data type, full-text search capabilities, and powerful indexing options that can handle complex queries efficiently.
    ·     ─────────────────────────────────────────────────────────────────────────────────────────────┬─────────────────────────────────────────────────────────────────────────────────────────────
    ·                                                                                                  ╰── machine-favored phrasing peaks at 'complex queries efficiently.'
 15 │ - **Dynamic Schema Changes:** It supports dynamic schema changes without downtime, which is crucial for a two-person startup where requirements might change rapidly.
    ╰────

dms.machine

  ⚠ machine-favored phrasing peaks at 'might change rapidly.'
    ╭─[corpus/llm/blog/152f7fa1159f4910.md:15:5]
 14 │ - **Advanced Features:** PostgreSQL offers advanced features such as JSONB data type, full-text search capabilities, and powerful indexing options that can handle complex queries efficiently.
 15 │ - **Dynamic Schema Changes:** It supports dynamic schema changes without downtime, which is crucial for a two-person startup where requirements might change rapidly.
    ·     ────────────────────────────────────────────────────────────────────────────────┬────────────────────────────────────────────────────────────────────────────────
    ·                                                                                     ╰── machine-favored phrasing peaks at 'might change rapidly.'
 16 │ 
    ╰────

sub.is_crucial

  ⚠ Literal tell: sub.is_crucial
    ╭─[corpus/llm/blog/152f7fa1159f4910.md:15:90]
 14 │ - **Advanced Features:** PostgreSQL offers advanced features such as JSONB data type, full-text search capabilities, and powerful indexing options that can handle complex queries efficiently.
 15 │ - **Dynamic Schema Changes:** It supports dynamic schema changes without downtime, which is crucial for a two-person startup where requirements might change rapidly.
    ·                                                                                          ─────┬────
    ·                                                                                               ╰── Literal tell: sub.is_crucial
 16 │ 
    ╰────

dms.machine

  ⚠ machine-favored phrasing peaks at 'when scaling out.'
    ╭─[corpus/llm/blog/152f7fa1159f4910.md:18:5]
 17 │ **MySQL:**
 18 │ - **Simplicity:** MySQL has a simpler architecture, making it easier to manage in smaller-scale operations. However, it requires more manual intervention when scaling out.
    ·     ───────────────────────────────────────────────────────────────────────────────────┬───────────────────────────────────────────────────────────────────────────────────
    ·                                                                                        ╰── machine-favored phrasing peaks at 'when scaling out.'
 19 │ - **Community Support:** MySQL benefits from a large community and extensive documentation, which can be advantageous for troubleshooting and learning.
    ╰────

dms.machine

  ⚠ machine-favored phrasing peaks at 'troubleshooting and learning.'
    ╭─[corpus/llm/blog/152f7fa1159f4910.md:19:5]
 18 │ - **Simplicity:** MySQL has a simpler architecture, making it easier to manage in smaller-scale operations. However, it requires more manual intervention when scaling out.
 19 │ - **Community Support:** MySQL benefits from a large community and extensive documentation, which can be advantageous for troubleshooting and learning.
    ·     ─────────────────────────────────────────────────────────────────────────┬─────────────────────────────────────────────────────────────────────────
    ·                                                                              ╰── machine-favored phrasing peaks at 'troubleshooting and learning.'
 20 │ 
    ╰────

dms.machine

  ⚠ machine-favored phrasing peaks at 'achieve with MySQL.'
    ╭─[corpus/llm/blog/152f7fa1159f4910.md:21:1]
 20 │ 
 21 │ For our startup, the ability to handle complex data structures and dynamic schema changes without significant operational overhead was crucial. PostgreSQL’s advanced features provided us with flexibility that we could not easily achieve with MySQL.
    · ────────────────────────────────────────────────────────────────────────────────────────────────────────────────────────────┬───────────────────────────────────────────────────────────────────────────────────────────────────────────────────────────
    ·                                                                                                                             ╰── machine-favored phrasing peaks at 'achieve with MySQL.'
 22 │ 
    ╰────

dms.machine

  ⚠ machine-favored phrasing peaks at 'critical business operations.'
    ╭─[corpus/llm/blog/152f7fa1159f4910.md:25:1]
 24 │ 
 25 │ Data integrity is paramount in any application, especially when handling sensitive information or critical business operations.
    · ───────────────────────────────────────────────────────────────┬───────────────────────────────────────────────────────────────
    ·                                                                ╰── machine-favored phrasing peaks at 'critical business operations.'
 26 │ 
    ╰────

dms.machine

  ⚠ machine-favored phrasing peaks at 'transactions are reliable.'
    ╭─[corpus/llm/blog/152f7fa1159f4910.md:28:5]
 27 │ **PostgreSQL:**
 28 │ - **ACID Compliance:** PostgreSQL strictly adheres to ACID (Atomicity, Consistency, Isolation, Durability) properties, ensuring that data transactions are reliable.
    ·     ────────────────────────────────────────────────────────────────────────────────┬───────────────────────────────────────────────────────────────────────────────
    ·                                                                                     ╰── machine-favored phrasing peaks at 'transactions are reliable.'
 29 │ - **Advanced Transactions:** It supports complex transactional workflows, including nested transactions and multi-version concurrency control (MVCC), which helps in maintaining consistency during concurrent operations.
    ╰────

dms.machine

  ⚠ machine-favored phrasing peaks at 'during concurrent operations.'
    ╭─[corpus/llm/blog/152f7fa1159f4910.md:29:5]
 28 │ - **ACID Compliance:** PostgreSQL strictly adheres to ACID (Atomicity, Consistency, Isolation, Durability) properties, ensuring that data transactions are reliable.
 29 │ - **Advanced Transactions:** It supports complex transactional workflows, including nested transactions and multi-version concurrency control (MVCC), which helps in maintaining consistency during concurrent operations.
    ·     ───────────────────────────────────────────────────────────────────────────────────────────────────────────┬──────────────────────────────────────────────────────────────────────────────────────────────────────────
    ·                                                                                                                ╰── machine-favored phrasing peaks at 'during concurrent operations.'
 30 │ 
    ╰────

dms.machine

  ⚠ machine-favored phrasing peaks at 'potential data inconsistencies.'
    ╭─[corpus/llm/blog/152f7fa1159f4910.md:32:5]
 31 │ **MySQL:**
 32 │ - **ACID Compliance:** While MySQL also supports ACID compliance, its implementation might be less strict compared to PostgreSQL. This can lead to potential data inconsistencies.
    ·     ───────────────────────────────────────────────────────────────────────────────────────┬──────────────────────────────────────────────────────────────────────────────────────
    ·                                                                                            ╰── machine-favored phrasing peaks at 'potential data inconsistencies.'
 33 │ - **Replication Features:** MySQL provides robust replication features but requires careful configuration and management to ensure reliability.
    ╰────

dms.machine

  ⚠ machine-favored phrasing peaks at 'to ensure reliability.'
    ╭─[corpus/llm/blog/152f7fa1159f4910.md:33:5]
 32 │ - **ACID Compliance:** While MySQL also supports ACID compliance, its implementation might be less strict compared to PostgreSQL. This can lead to potential data inconsistencies.
 33 │ - **Replication Features:** MySQL provides robust replication features but requires careful configuration and management to ensure reliability.
    ·     ─────────────────────────────────────────────────────────────────────┬─────────────────────────────────────────────────────────────────────
    ·                                                                          ╰── machine-favored phrasing peaks at 'to ensure reliability.'
 34 │ 
    ╰────

dms.machine

  ⚠ machine-favored phrasing peaks at 'in our decision.'
    ╭─[corpus/llm/blog/152f7fa1159f4910.md:35:1]
 34 │ 
 35 │ Given our startup’s need for high data integrity, PostgreSQL's strict adherence to ACID properties and advanced transactional support were compelling factors in our decision.
    · ───────────────────────────────────────────────────────────────────────────────────────┬──────────────────────────────────────────────────────────────────────────────────────
    ·                                                                                        ╰── machine-favored phrasing peaks at 'in our decision.'
 36 │ 
    ╰────

dms.machine

  ⚠ machine-favored phrasing peaks at 'in different areas.'
    ╭─[corpus/llm/blog/152f7fa1159f4910.md:39:1]
 38 │ 
 39 │ Performance is another critical aspect when choosing a database system. Both PostgreSQL and MySQL have strong performance capabilities, but their strengths lie in different areas.
    · ─────────────────────────────────────────────────────────────────────────────────────────┬─────────────────────────────────────────────────────────────────────────────────────────
    ·                                                                                          ╰── machine-favored phrasing peaks at 'in different areas.'
 40 │ 
    ╰────

dms.machine

  ⚠ machine-favored phrasing peaks at 'and parallel processing.'
    ╭─[corpus/llm/blog/152f7fa1159f4910.md:42:5]
 41 │ **PostgreSQL:**
 42 │ - **Query Optimization:** PostgreSQL has a powerful query optimizer that can handle complex queries efficiently. It supports advanced indexing techniques and parallel processing.
    ·     ───────────────────────────────────────────────────────────────────────────────────────┬──────────────────────────────────────────────────────────────────────────────────────
    ·                                                                                            ╰── machine-favored phrasing peaks at 'and parallel processing.'
 43 │ - **Customizability:** The ability to customize functions and operators allows for fine-grained control over data manipulation processes, which is beneficial for optimizing performance in specific use cases.
    ╰────

dms.machine

  ⚠ machine-favored phrasing peaks at 'specific use cases.'
    ╭─[corpus/llm/blog/152f7fa1159f4910.md:43:5]
 42 │ - **Query Optimization:** PostgreSQL has a powerful query optimizer that can handle complex queries efficiently. It supports advanced indexing techniques and parallel processing.
 43 │ - **Customizability:** The ability to customize functions and operators allows for fine-grained control over data manipulation processes, which is beneficial for optimizing performance in specific use cases.
    ·     ─────────────────────────────────────────────────────────────────────────────────────────────────────┬─────────────────────────────────────────────────────────────────────────────────────────────────────
    ·                                                                                                          ╰── machine-favored phrasing peaks at 'specific use cases.'
 44 │ 
    ╰────

dms.machine

  ⚠ machine-favored phrasing peaks at 'read-heavy workloads.'
    ╭─[corpus/llm/blog/152f7fa1159f4910.md:46:5]
 45 │ **MySQL:**
 46 │ - **Speed:** MySQL is often faster in simple query operations due to its simpler architecture. It excels in read-heavy workloads.
    ·     ──────────────────────────────────────────────────────────────┬──────────────────────────────────────────────────────────────
    ·                                                                   ╰── machine-favored phrasing peaks at 'read-heavy workloads.'
 47 │ - **Community Performance Tuning:** The large community of MySQL users has shared many optimization techniques that can be applied out-of-the-box, making it easy to get started.
    ╰────

dms.machine

  ⚠ machine-favored phrasing peaks at 'to get started.'
    ╭─[corpus/llm/blog/152f7fa1159f4910.md:47:5]
 46 │ - **Speed:** MySQL is often faster in simple query operations due to its simpler architecture. It excels in read-heavy workloads.
 47 │ - **Community Performance Tuning:** The large community of MySQL users has shared many optimization techniques that can be applied out-of-the-box, making it easy to get started.
    ·     ──────────────────────────────────────────────────────────────────────────────────────┬──────────────────────────────────────────────────────────────────────────────────────
    ·                                                                                           ╰── machine-favored phrasing peaks at 'to get started.'
 48 │ 
    ╰────

dms.machine

  ⚠ machine-favored phrasing peaks at 'choice for us.'
    ╭─[corpus/llm/blog/152f7fa1159f4910.md:49:1]
 48 │ 
 49 │ For our application, which involves complex data processing and analysis, PostgreSQL’s superior query optimization and customizability were key factors. While MySQL might offer a slight edge in read-heavy operations, the performance gains from PostgreSQL’s advanced features justified its choice for us.
    · ───────────────────────────────────────────────────────────────────────────────────────────────────────────────────────────────────────────────────────┬───────────────────────────────────────────────────────────────────────────────────────────────────────────────────────────────────────────────────────
    ·                                                                                                                                                        ╰── machine-favored phrasing peaks at 'choice for us.'
 50 │ 
    ╰────

dms.machine

  ⚠ machine-favored phrasing peaks at 'cost-effective solutions.'
    ╭─[corpus/llm/blog/152f7fa1159f4910.md:53:1]
 52 │ 
 53 │ Cost is always a significant factor when starting a new venture. Both PostgreSQL and MySQL are open-source, making them cost-effective solutions.
    · ────────────────────────────────────────────────────────────────────────┬────────────────────────────────────────────────────────────────────────
    ·                                                                         ╰── machine-favored phrasing peaks at 'cost-effective solutions.'
 54 │ 
    ╰────

dms.machine

  ⚠ machine-favored phrasing peaks at 'without any restrictions.'
    ╭─[corpus/llm/blog/152f7fa1159f4910.md:56:5]
 55 │ **PostgreSQL:**
 56 │ - **Free License:** PostgreSQL is licensed under the PostgreSQL License, which is free to use without any restrictions.
    ·     ─────────────────────────────────────────────────────────┬─────────────────────────────────────────────────────────
    ·                                                              ╰── machine-favored phrasing peaks at 'without any restrictions.'
 57 │ - **No Licensing Fees:** There are no licensing fees associated with using PostgreSQL in production environments.
    ╰────

dms.machine

  ⚠ machine-favored phrasing peaks at 'in production environments.'
    ╭─[corpus/llm/blog/152f7fa1159f4910.md:57:5]
 56 │ - **Free License:** PostgreSQL is licensed under the PostgreSQL License, which is free to use without any restrictions.
 57 │ - **No Licensing Fees:** There are no licensing fees associated with using PostgreSQL in production environments.
    ·     ──────────────────────────────────────────────────────┬──────────────────────────────────────────────────────
    ·                                                           ╰── machine-favored phrasing peaks at 'in production environments.'
 58 │ 
    ╰────

dms.machine

  ⚠ machine-favored phrasing peaks at 'might be required.'
    ╭─[corpus/llm/blog/152f7fa1159f4910.md:60:5]
 59 │ **MySQL:**
 60 │ - **Community Edition vs. Enterprise Edition:** The MySQL Community Edition is free and open-source. However, for enterprise-level features, a commercial license might be required.
    ·     ────────────────────────────────────────────────────────────────────────────────────────┬───────────────────────────────────────────────────────────────────────────────────────
    ·                                                                                             ╰── machine-favored phrasing peaks at 'might be required.'
 61 │ - **Vendor Support:** While the community edition is sufficient for many use cases, enterprise features come at an additional cost if you require professional support.
    ╰────

dms.machine

  ⚠ machine-favored phrasing peaks at 'require professional support.'
    ╭─[corpus/llm/blog/152f7fa1159f4910.md:61:5]
 60 │ - **Community Edition vs. Enterprise Edition:** The MySQL Community Edition is free and open-source. However, for enterprise-level features, a commercial license might be required.
 61 │ - **Vendor Support:** While the community edition is sufficient for many use cases, enterprise features come at an additional cost if you require professional support.
    ·     ─────────────────────────────────────────────────────────────────────────────────┬─────────────────────────────────────────────────────────────────────────────────
    ·                                                                                      ╰── machine-favored phrasing peaks at 'require professional support.'
 62 │ 
    ╰────

dms.machine

  ⚠ machine-favored phrasing peaks at 'incurring unnecessary costs.'
    ╭─[corpus/llm/blog/152f7fa1159f4910.md:63:1]
 62 │ 
 63 │ For our startup, the fact that PostgreSQL does not have any licensing fees was a significant advantage. It allowed us to allocate more resources towards other critical aspects of the business without incurring unnecessary costs.
    · ──────────────────────────────────────────────────────────────────────────────────────────────────────────────────┬─────────────────────────────────────────────────────────────────────────────────────────────────────────────────
    ·                                                                                                                   ╰── machine-favored phrasing peaks at 'incurring unnecessary costs.'
 64 │ 
    ╰────

dms.machine

  ⚠ machine-favored phrasing peaks at 'needs and constraints.'
    ╭─[corpus/llm/blog/152f7fa1159f4910.md:67:1]
 66 │ 
 67 │ After carefully weighing the pros and cons, we chose PostgreSQL for our two-person startup’s first production database. The combination of advanced features, robust data integrity, superior performance in complex query operations, and no licensing fees made it an ideal choice. However, every project is unique, and your decision should be based on your specific needs and constraints.
    · ────────────────────────────────────────────────────────────────────────────────────────────────────────────────────────────────────────────────────────────────────────────────────────────────┬────────────────────────────────────────────────────────────────────────────────────────────────────────────────────────────────────────────────────────────────────────────────────────────────
    ·                                                                                                                                                                                                 ╰── machine-favored phrasing peaks at 'needs and constraints.'
 68 │ 
    ╰────

dms.machine

  ⚠ machine-favored phrasing peaks at 'your startup’s goals.'
    ╭─[corpus/llm/blog/152f7fa1159f4910.md:69:1]
 68 │ 
 69 │ Ultimately, the key takeaway is to carefully assess your application requirements before making a decision. PostgreSQL and MySQL are both excellent choices, but their strengths lie in different areas. By understanding these differences, you can make an informed choice that best suits your startup’s goals.
    · ─────────────────────────────────────────────────────────────────────────────────────────────────────────────────────────────────────────────────────────┬────────────────────────────────────────────────────────────────────────────────────────────────────────────────────────────────────────────────────────
    ·                                                                                                                                                          ╰── machine-favored phrasing peaks at 'your startup’s goals.'
    ╰────

lvc.decision

  ⚠ Lvc tell: lvc.decision
    ╭─[corpus/llm/blog/152f7fa1159f4910.md:69:90]
 68 │ 
 69 │ Ultimately, the key takeaway is to carefully assess your application requirements before making a decision. PostgreSQL and MySQL are both excellent choices, but their strengths lie in different areas. By understanding these differences, you can make an informed choice that best suits your startup’s goals.
    ·                                                                                          ────────┬────────
    ·                                                                                                  ╰── Lvc tell: lvc.decision
    ╰────
