---
source: crates/friction-cli/tests/snapshot.rs
expression: stdout
---
pass 1: 4 operation(s) fired
  wrap.the-power-of        2585..2602  -> "Heap"
  vsub.utilize             2687..2697  -> "used a"
  sub.apply                5263..5271  -> "Use"
  adv.ultimately-opener::lit 6035..6229  -> "Tracking down this memory leak was a testament to the power of systematic investigation, combined with a deep understanding of our application’s architecture and potential pitfalls"
  46 held:
    intg.recently          294..302  KEPT (frame intg.recently: measured 82.2/M machine vs 79.8/M human; report-only)
    adjg.complex           598..605  KEPT (frame adjg.complex: measured 372.7/M machine vs 182.7/M human; report-only)
    vguard.highlight       619..630  KEPT (frame vguard.highlight: measured 123.2/M machine vs 90.6/M human; report-only)
    vguard.monitor         658..668  KEPT (frame vguard.monitor: measured 701.3/M machine vs 164.3/M human; report-only)
    vsub.navigate          585..597  KEPT (frame vsub.navigate held: slot head is a literal-motion object (navigate-literal-object guard))
    vguard.monitor         832..842  KEPT (frame vguard.monitor: measured 701.3/M machine vs 164.3/M human; report-only)
    vguard.monitor         887..897  KEPT (frame vguard.monitor: measured 701.3/M machine vs 164.3/M human; report-only)
    vguard.designate       1004..1014  KEPT (frame vguard.designate: measured 29.3/M machine vs 24.6/M human; report-only)
    pilot.within           1272..1278  KEPT (frame pilot.within: report-only (see the frame-pack compile report))
    vguard.highlight       1429..1440  KEPT (frame vguard.highlight: measured 123.2/M machine vs 90.6/M human; report-only)
    intg.particularly      1529..1541  KEPT (frame intg.particularly: measured 176.1/M machine vs 64.5/M human; report-only)
    vguard.suggest         1585..1594  KEPT (frame vguard.suggest: measured 93.9/M machine vs 76.8/M human; report-only)
    pilot.within           1640..1646  KEPT (frame pilot.within: report-only (see the frame-pack compile report))
    lex.leverage-dl::utilize 2687..2697  KEPT (frame lex.leverage-dl::utilize: measured 143.8/M machine vs 17.7/M human; report-only)
    vguard.observe         2989..2996  KEPT (frame vguard.observe: measured 120.3/M machine vs 20.0/M human; report-only)
    vguard.allocate        3112..3121  KEPT (frame vguard.allocate: measured 231.8/M machine vs 55.3/M human; report-only)
    pilot.within           3122..3128  KEPT (frame pilot.within: report-only (see the frame-pack compile report))
    intg.specifically      3250..3262  KEPT (frame intg.specifically: measured 199.5/M machine vs 86.0/M human; report-only)
    pilot.within           3484..3490  KEPT (frame pilot.within: report-only (see the frame-pack compile report))
    adjg.basic             3737..3742  KEPT (frame adjg.basic: measured 434.3/M machine vs 231.9/M human; report-only)
    intg.simply            4027..4033  KEPT (frame intg.simply: measured 220.1/M machine vs 145.9/M human; report-only)
    span.delete            3946..4100  KEPT (deletion span.simply held: SeamNotAttested)
    adjg.robust            4244..4250  KEPT (frame adjg.robust: measured 349.2/M machine vs 30.7/M human; report-only)
    adj.powerful-guard::robust 4244..4258  KEPT (frame adj.powerful-guard::robust: measured 639.7/M machine vs 153.0/M human; report-only)
    adjg.simple            4302..4308  KEPT (frame adjg.simple: measured 748.3/M machine vs 317.9/M human; report-only)
    adjg.robust            4353..4359  KEPT (frame adjg.robust: measured 349.2/M machine vs 30.7/M human; report-only)
    pilot.within           4378..4384  KEPT (frame pilot.within: report-only (see the frame-pack compile report))
    vguard.ensure          4409..4416  KEPT (frame vguard.ensure: measured 1376.3/M machine vs 314.8/M human; report-only)
    adjg.clear             4616..4621  KEPT (frame adjg.clear: measured 228.9/M machine vs 112.1/M human; report-only)
    vguard.monitor         4783..4792  KEPT (frame vguard.monitor: measured 701.3/M machine vs 164.3/M human; report-only)
    phg.best-practices     4932..4946  KEPT (frame phg.best-practices: measured 67.5/M machine vs 44.5/M human; report-only)
    lex.leverage-dl::leverage 5263..5282  KEPT (frame lex.leverage-dl::leverage: measured 143.8/M machine vs 17.7/M human; report-only)
    vguard.monitor         5272..5282  KEPT (frame vguard.monitor: measured 701.3/M machine vs 164.3/M human; report-only)
    intg.effectively       5289..5300  KEPT (frame intg.effectively: measured 152.6/M machine vs 29.2/M human; report-only)
    adjg.complex           5511..5518  KEPT (frame adjg.complex: measured 372.7/M machine vs 182.7/M human; report-only)
    vguard.ensure          5666..5672  KEPT (frame vguard.ensure: measured 1376.3/M machine vs 314.8/M human; report-only)
    adjg.clean             5692..5699  KEPT (frame adjg.clean: measured 267.0/M machine vs 109.0/M human; report-only)
    intg.especially        5714..5724  KEPT (frame intg.especially: measured 226.0/M machine vs 141.3/M human; report-only)
    pilot.within           5845..5851  KEPT (frame pilot.within: report-only (see the frame-pack compile report))
    vguard.ensure          5947..5953  KEPT (frame vguard.ensure: measured 1376.3/M machine vs 314.8/M human; report-only)
    intg.carefully         6336..6345  KEPT (frame intg.carefully: measured 117.4/M machine vs 18.4/M human; report-only)
    vguard.monitor         6346..6355  KEPT (frame vguard.monitor: measured 701.3/M machine vs 164.3/M human; report-only)
    vguard.emphasize       6412..6421  KEPT (frame vguard.emphasize: measured 17.6/M machine vs 4.6/M human; report-only)
    adjg.robust            6440..6446  KEPT (frame adjg.robust: measured 349.2/M machine vs 30.7/M human; report-only)
    adj.powerful-guard::robust 6440..6452  KEPT (frame adj.powerful-guard::robust: measured 639.7/M machine vs 153.0/M human; report-only)
    ph.the-importance-of   6422..6439  KEPT (frame ph.the-importance-of held: left seam not attested)
pass 2: 0 operation(s) fired — converged
  45 held:
    intg.recently          292..512  KEPT (frame intg.recently: measured 82.2/M machine vs 79.8/M human; report-only)
    adjg.complex           513..711  KEPT (frame adjg.complex: measured 372.7/M machine vs 182.7/M human; report-only)
    vguard.highlight       513..711  KEPT (frame vguard.highlight: measured 123.2/M machine vs 90.6/M human; report-only)
    vguard.monitor         513..711  KEPT (frame vguard.monitor: measured 701.3/M machine vs 164.3/M human; report-only)
    vsub.navigate          513..711  KEPT (frame vsub.navigate held: slot head is a literal-motion object (navigate-literal-object guard))
    vguard.monitor         799..851  KEPT (frame vguard.monitor: measured 701.3/M machine vs 164.3/M human; report-only)
    vguard.monitor         872..1033  KEPT (frame vguard.monitor: measured 701.3/M machine vs 164.3/M human; report-only)
    vguard.designate       872..1033  KEPT (frame vguard.designate: measured 29.3/M machine vs 24.6/M human; report-only)
    pilot.within           1238..1405  KEPT (frame pilot.within: report-only (see the frame-pack compile report))
    vguard.highlight       1407..1456  KEPT (frame vguard.highlight: measured 123.2/M machine vs 90.6/M human; report-only)
    intg.particularly      1482..1567  KEPT (frame intg.particularly: measured 176.1/M machine vs 64.5/M human; report-only)
    vguard.suggest         1568..1682  KEPT (frame vguard.suggest: measured 93.9/M machine vs 76.8/M human; report-only)
    pilot.within           1568..1682  KEPT (frame pilot.within: report-only (see the frame-pack compile report))
    vguard.observe         2909..3019  KEPT (frame vguard.observe: measured 120.3/M machine vs 20.0/M human; report-only)
    vguard.allocate        3020..3130  KEPT (frame vguard.allocate: measured 231.8/M machine vs 55.3/M human; report-only)
    pilot.within           3020..3130  KEPT (frame pilot.within: report-only (see the frame-pack compile report))
    intg.specifically      3132..3301  KEPT (frame intg.specifically: measured 199.5/M machine vs 86.0/M human; report-only)
    pilot.within           3403..3550  KEPT (frame pilot.within: report-only (see the frame-pack compile report))
    adjg.basic             3648..3725  KEPT (frame adjg.basic: measured 434.3/M machine vs 231.9/M human; report-only)
    intg.simply            3929..4083  KEPT (frame intg.simply: measured 220.1/M machine vs 145.9/M human; report-only)
    span.delete            3929..4083  KEPT (deletion span.simply held: SeamNotAttested)
    adjg.robust            4214..4253  KEPT (frame adjg.robust: measured 349.2/M machine vs 30.7/M human; report-only)
    adj.powerful-guard::robust 4214..4253  KEPT (frame adj.powerful-guard::robust: measured 639.7/M machine vs 153.0/M human; report-only)
    adjg.simple            4255..4318  KEPT (frame adjg.simple: measured 748.3/M machine vs 317.9/M human; report-only)
    adjg.robust            4319..4480  KEPT (frame adjg.robust: measured 349.2/M machine vs 30.7/M human; report-only)
    pilot.within           4319..4480  KEPT (frame pilot.within: report-only (see the frame-pack compile report))
    vguard.ensure          4319..4480  KEPT (frame vguard.ensure: measured 1376.3/M machine vs 314.8/M human; report-only)
    adjg.clear             4523..4623  KEPT (frame adjg.clear: measured 228.9/M machine vs 112.1/M human; report-only)
    vguard.monitor         4734..4810  KEPT (frame vguard.monitor: measured 701.3/M machine vs 164.3/M human; report-only)
    phg.best-practices     4895..4931  KEPT (frame phg.best-practices: measured 67.5/M machine vs 44.5/M human; report-only)
    vguard.monitor         5250..5260  KEPT (frame vguard.monitor: measured 701.3/M machine vs 164.3/M human; report-only)
    intg.effectively       5267..5278  KEPT (frame intg.effectively: measured 152.6/M machine vs 29.2/M human; report-only)
    adjg.complex           5408..5506  KEPT (frame adjg.complex: measured 372.7/M machine vs 182.7/M human; report-only)
    vguard.ensure          5637..5729  KEPT (frame vguard.ensure: measured 1376.3/M machine vs 314.8/M human; report-only)
    adjg.clean             5637..5729  KEPT (frame adjg.clean: measured 267.0/M machine vs 109.0/M human; report-only)
    intg.especially        5637..5729  KEPT (frame intg.especially: measured 226.0/M machine vs 141.3/M human; report-only)
    pilot.within           5793..5850  KEPT (frame pilot.within: report-only (see the frame-pack compile report))
    vguard.ensure          5853..6011  KEPT (frame vguard.ensure: measured 1376.3/M machine vs 314.8/M human; report-only)
    design.is-testament-to::lit 6044..6066  KEPT (frame design.is-testament-to::lit held: left seam not attested)
    intg.carefully         6197..6334  KEPT (frame intg.carefully: measured 117.4/M machine vs 18.4/M human; report-only)
    vguard.monitor         6197..6334  KEPT (frame vguard.monitor: measured 701.3/M machine vs 164.3/M human; report-only)
    vguard.emphasize       6336..6538  KEPT (frame vguard.emphasize: measured 17.6/M machine vs 4.6/M human; report-only)
    adjg.robust            6336..6538  KEPT (frame adjg.robust: measured 349.2/M machine vs 30.7/M human; report-only)
    adj.powerful-guard::robust 6336..6538  KEPT (frame adj.powerful-guard::robust: measured 639.7/M machine vs 153.0/M human; report-only)
    ph.the-importance-of   6336..6538  KEPT (frame ph.the-importance-of held: left seam not attested)
pass 3: 0 operation(s) fired — converged
  1 held:
    restructure.ensures_that 5644..5677  KEPT (restructure held: no licensed outer mood shape (unsupported construction))
pass 4: 3 operation(s) fired
  register.past_progressive 1623..1639  -> "accumulated"
  register.past_progressive 2876..2889  -> "consumed"
  register.past_progressive 4706..4721  -> "functioned"
  2 held:
    register.past_progressive 450..458  KEPT (past_progressive: this instance has no licensed rewrite and the document is still above the human band (2.20 > 0.00 per 1000 words) — needs a human hand)
    register.past_progressive 3882..3890  KEPT (past_progressive: this instance has no licensed rewrite and the document is still above the human band (2.20 > 0.00 per 1000 words) — needs a human hand)
