---
source: crates/friction-cli/tests/snapshot.rs
expression: stdout
---
{
  "metrics": [
    {
      "name": "sentence_length_mean",
      "value": 13.095238095238095,
      "lo": 3.4918032786885247,
      "hi": 22.612244897959183,
      "in_envelope": true
    },
    {
      "name": "sentence_length_stddev",
      "value": 7.722805407104926,
      "lo": 3.4227587963188086,
      "hi": 13.411800359716398,
      "in_envelope": true
    },
    {
      "name": "sentence_length_cv",
      "value": 0.5897415038152852,
      "lo": 0.49754649007902846,
      "hi": 1.3591689344136941,
      "in_envelope": true
    },
    {
      "name": "discourse_marker_density",
      "value": 4.744958481613286,
      "lo": 0.0,
      "hi": 4.237288135593221,
      "in_envelope": false
    },
    {
      "name": "triad_rate",
      "value": 0.015873015873015872,
      "lo": 0.0,
      "hi": 0.08695652173913043,
      "in_envelope": true
    },
    {
      "name": "contraction_ratio",
      "value": 0.3333333333333333,
      "lo": 0.0,
      "hi": 1.0,
      "in_envelope": true
    },
    {
      "name": "bullet_parallelism",
      "value": 0.8125,
      "lo": 0.0,
      "hi": 1.0,
      "in_envelope": true
    },
    {
      "name": "paragraph_shape_mean",
      "value": 1.4651162790697674,
      "lo": 1.0357142857142858,
      "hi": 3.5384615384615383,
      "in_envelope": true
    },
    {
      "name": "paragraph_shape_cv",
      "value": 0.49588886831153367,
      "lo": 0.179177669748504,
      "hi": 0.7953949089757174,
      "in_envelope": true
    },
    {
      "name": "em_dash_density",
      "value": 0.0,
      "lo": 0.0,
      "hi": 4.244482173174872,
      "in_envelope": true
    },
    {
      "name": "semicolon_density",
      "value": 0.0,
      "lo": 0.0,
      "hi": 3.9682539682539684,
      "in_envelope": true
    },
    {
      "name": "participial_closer_rate",
      "value": 0.1111111111111111,
      "lo": 0.0,
      "hi": 0.03125,
      "in_envelope": false
    },
    {
      "name": "not_just_but_rate",
      "value": 0.015873015873015872,
      "lo": 0.0,
      "hi": 0.009259259259259259,
      "in_envelope": false
    },
    {
      "name": "ritual_marker_rate",
      "value": 0.023255813953488372,
      "lo": 0.0,
      "hi": 0.0,
      "in_envelope": false
    },
    {
      "name": "llm_favored_phrase_rate",
      "value": 47.44958481613286,
      "lo": 0.0,
      "hi": 21.634615384615383,
      "in_envelope": false
    },
    {
      "name": "human_favored_phrase_rate",
      "value": 13.048635824436536,
      "lo": 8.59106529209622,
      "hi": 48.821548821548824,
      "in_envelope": true
    },
    {
      "name": "heading_density",
      "value": 8.303677342823251,
      "lo": 0.0,
      "hi": 43.04635761589404,
      "in_envelope": true
    },
    {
      "name": "list_item_density",
      "value": 18.979833926453143,
      "lo": 0.0,
      "hi": 98.26589595375722,
      "in_envelope": true
    },
    {
      "name": "bold_span_density",
      "value": 28.469750889679716,
      "lo": 0.0,
      "hi": 14.705882352941176,
      "in_envelope": false
    },
    {
      "name": "sentence_opener_repeat_rate",
      "value": 0.06451612903225806,
      "lo": 0.0,
      "hi": 0.13793103448275862,
      "in_envelope": true
    },
    {
      "name": "top_opener_concentration",
      "value": 0.07936507936507936,
      "lo": 0.04424778761061947,
      "hi": 0.2153846153846154,
      "in_envelope": true
    }
  ],
  "spans": [
    {
      "channel": "dms",
      "frame_id": "dms.machine",
      "start": 79,
      "end": 499,
      "line": 3,
      "column": 1,
      "score": 2303
    },
    {
      "channel": "literal",
      "frame_id": "sub.is_crucial",
      "start": 287,
      "end": 297,
      "line": 3,
      "column": 207,
      "score": null
    },
    {
      "channel": "dms",
      "frame_id": "dms.machine",
      "start": 518,
      "end": 928,
      "line": 7,
      "column": 1,
      "score": 2554
    },
    {
      "channel": "dms",
      "frame_id": "dms.machine",
      "start": 948,
      "end": 1164,
      "line": 11,
      "column": 1,
      "score": 537
    },
    {
      "channel": "dms",
      "frame_id": "dms.machine",
      "start": 1187,
      "end": 1374,
      "line": 14,
      "column": 5,
      "score": 390
    },
    {
      "channel": "dms",
      "frame_id": "dms.machine",
      "start": 1379,
      "end": 1540,
      "line": 15,
      "column": 5,
      "score": 309
    },
    {
      "channel": "literal",
      "frame_id": "sub.is_crucial",
      "start": 1464,
      "end": 1474,
      "line": 15,
      "column": 90,
      "score": null
    },
    {
      "channel": "dms",
      "frame_id": "dms.machine",
      "start": 1557,
      "end": 1724,
      "line": 18,
      "column": 5,
      "score": 376
    },
    {
      "channel": "dms",
      "frame_id": "dms.machine",
      "start": 1729,
      "end": 1876,
      "line": 19,
      "column": 5,
      "score": 211
    },
    {
      "channel": "dms",
      "frame_id": "dms.machine",
      "start": 1878,
      "end": 2128,
      "line": 21,
      "column": 1,
      "score": 675
    },
    {
      "channel": "dms",
      "frame_id": "dms.machine",
      "start": 2167,
      "end": 2294,
      "line": 25,
      "column": 1,
      "score": 142
    },
    {
      "channel": "dms",
      "frame_id": "dms.machine",
      "start": 2316,
      "end": 2476,
      "line": 28,
      "column": 5,
      "score": 270
    },
    {
      "channel": "dms",
      "frame_id": "dms.machine",
      "start": 2481,
      "end": 2695,
      "line": 29,
      "column": 5,
      "score": 363
    },
    {
      "channel": "dms",
      "frame_id": "dms.machine",
      "start": 2712,
      "end": 2886,
      "line": 32,
      "column": 5,
      "score": 362
    },
    {
      "channel": "dms",
      "frame_id": "dms.machine",
      "start": 2891,
      "end": 3030,
      "line": 33,
      "column": 5,
      "score": 143
    },
    {
      "channel": "dms",
      "frame_id": "dms.machine",
      "start": 3032,
      "end": 3208,
      "line": 35,
      "column": 1,
      "score": 318
    },
    {
      "channel": "dms",
      "frame_id": "dms.machine",
      "start": 3228,
      "end": 3407,
      "line": 39,
      "column": 1,
      "score": 359
    },
    {
      "channel": "dms",
      "frame_id": "dms.machine",
      "start": 3429,
      "end": 3603,
      "line": 42,
      "column": 5,
      "score": 281
    },
    {
      "channel": "dms",
      "frame_id": "dms.machine",
      "start": 3608,
      "end": 3811,
      "line": 43,
      "column": 5,
      "score": 405
    },
    {
      "channel": "dms",
      "frame_id": "dms.machine",
      "start": 3828,
      "end": 3953,
      "line": 46,
      "column": 5,
      "score": 241
    },
    {
      "channel": "dms",
      "frame_id": "dms.machine",
      "start": 3958,
      "end": 4131,
      "line": 47,
      "column": 5,
      "score": 430
    },
    {
      "channel": "dms",
      "frame_id": "dms.machine",
      "start": 4133,
      "end": 4440,
      "line": 49,
      "column": 1,
      "score": 1054
    },
    {
      "channel": "dms",
      "frame_id": "dms.machine",
      "start": 4468,
      "end": 4613,
      "line": 53,
      "column": 1,
      "score": 300
    },
    {
      "channel": "dms",
      "frame_id": "dms.machine",
      "start": 4635,
      "end": 4750,
      "line": 56,
      "column": 5,
      "score": 170
    },
    {
      "channel": "dms",
      "frame_id": "dms.machine",
      "start": 4755,
      "end": 4864,
      "line": 57,
      "column": 5,
      "score": 123
    },
    {
      "channel": "dms",
      "frame_id": "dms.machine",
      "start": 4881,
      "end": 5057,
      "line": 60,
      "column": 5,
      "score": 435
    },
    {
      "channel": "dms",
      "frame_id": "dms.machine",
      "start": 5062,
      "end": 5225,
      "line": 61,
      "column": 5,
      "score": 330
    },
    {
      "channel": "dms",
      "frame_id": "dms.machine",
      "start": 5227,
      "end": 5455,
      "line": 63,
      "column": 1,
      "score": 677
    },
    {
      "channel": "dms",
      "frame_id": "dms.machine",
      "start": 5474,
      "end": 5861,
      "line": 67,
      "column": 1,
      "score": 2162
    },
    {
      "channel": "dms",
      "frame_id": "dms.machine",
      "start": 5863,
      "end": 6171,
      "line": 69,
      "column": 1,
      "score": 1240
    },
    {
      "channel": "lvc",
      "frame_id": "lvc.decision",
      "start": 5952,
      "end": 5969,
      "line": 69,
      "column": 90,
      "score": null
    }
  ],
  "tell_counts": {
    "dms": 28,
    "lvc": 1,
    "sub": 2
  },
  "dms": {
    "mean_machine": 20.004259850905218,
    "mean_human": 1.6283280085197018,
    "differential": 18.375931842385516,
    "token_count": 939
  }
}
