---
source: crates/friction-cli/tests/snapshot.rs
expression: stdout
---
METRIC                        BEFORE    AFTER  BAND                MOVEMENT  
sentence_length_mean          8.3333   8.3333  [7.1400, 21.5455]   in -> in  
sentence_length_stddev        7.1230   7.1230  [6.9737, 13.4118]   in -> in  
sentence_length_cv            0.8548   0.8548  [0.5491, 0.9915]    in -> in  
discourse_marker_density      0.0000   0.0000  [0.0000, 4.2373]    in -> in  
triad_rate                    0.0152   0.0152  [0.0000, 0.0426]    in -> in  
contraction_ratio             1.0000   1.0000  [0.2000, 0.9000]    OUT -> OUT
bullet_parallelism            0.5333   0.5333  [0.0000, 1.0000]    in -> in  
paragraph_shape_mean          1.1786   1.1786  [1.2258, 2.4762]    OUT -> OUT
paragraph_shape_cv            0.4566   0.4566  [0.3899, 0.7591]    in -> in  
em_dash_density               0.0000   0.0000  [0.0000, 2.4155]    in -> in  
semicolon_density             0.0000   0.0000  [0.0000, 2.9994]    in -> in  
participial_closer_rate       0.0152   0.0152  [0.0000, 0.0312]    in -> in  
not_just_but_rate             0.0000   0.0000  [0.0000, 0.0000]    in -> in  
ritual_marker_rate            0.0000   0.0000  [0.0000, 0.0000]    in -> in  
llm_favored_phrase_rate      11.3208  11.3208  [0.0000, 19.6560]   in -> in  
human_favored_phrase_rate     5.6604   5.6604  [19.4175, 48.8215]  OUT -> OUT
heading_density               0.0000   0.0000  [0.0000, 8.1037]    in -> in  
list_item_density            32.0755  32.0755  [0.0000, 22.2222]   OUT -> OUT
bold_span_density            18.8679  18.8679  [0.0000, 10.4822]   OUT -> OUT
sentence_opener_repeat_rate   0.0154   0.0154  [0.0000, 0.1111]    in -> in  
top_opener_concentration      0.0984   0.0984  [0.0694, 0.1818]    in -> in  

plan schedule (friction-plan, built from the document's original metrics):
| family | budget | metric | current | lo | hi | excess |
|---|---|---|---|---|---|---|
| structural | 17 | bold_span_density | 18.8679 | 0.0000 | 10.4822 | 8.3857 |
|  |  | list_item_density | 32.0755 | 0.0000 | 22.2222 | 9.8532 |
|  |  | heading_density | 0.0000 | 0.0000 | 8.1037 | 0.0000 |
| symmetry | 0 | not_just_but_rate | 0.0000 | 0.0000 | 0.0000 | 0.0000 |
|  |  | participial_closer_rate | 0.0152 | 0.0000 | 0.0312 | 0.0000 |
|  |  | ritual_marker_rate | 0.0000 | 0.0000 | 0.0000 | 0.0000 |
|  |  | triad_rate | 0.0152 | 0.0000 | 0.0426 | 0.0000 |
| connective | 0 | discourse_marker_density | 0.0000 | 0.0000 | 4.2373 | 0.0000 |
| lexical | 0 | discourse_marker_density | 0.0000 | 0.0000 | 4.2373 | 0.0000 |
|  |  | llm_favored_phrase_rate | 11.3208 | 0.0000 | 19.6560 | 0.0000 |
| rhythm | 0 | sentence_length_cv | 0.8548 | 0.5491 | 0.9915 | 0.0000 |
| contraction | 0 | contraction_ratio | 1.0000 | 0.2000 | 0.9000 | 0.0000 |

fixpoint: 1 round(s), 0 patch(es) applied
