---
source: crates/friction-cli/tests/snapshot.rs
expression: stdout
---
pass 1: 4 operation(s) fired
  sub.apply                261..271  -> "matters"
  sub.apply                273..305  -> "This guide covers"
  span.delete              3969..3995  (deleted)
  edit.recapitalize        3995..3996  -> "Y"
pass 2: 0 operation(s) fired — converged
