---
source: crates/friction-cli/tests/snapshot.rs
expression: stdout
---
## The Ghost in the Machine: Hunting Down a Memory Leak in a Long-Running Node.js Worker

Debugging performance issues in production can feel like chasing ghosts. You’ve got alerts, metrics, and logs, but pinpointing the *why* behind the slowdown is often a frustrating, iterative process. I recently experienced this firsthand with a seemingly innocuous memory leak plaguing one of our long-running Node.js worker processes – a process that was handling a significant chunk of our real-time data processing. The journey from first alerts to identifying the root cause felt like navigating a complex maze, and it highlighted some key lessons about monitoring, debugging, and event listener management.

Let’s walk through the experience, detailing how we tracked down this “ghost.”

**The First Whispers: Production Monitoring Alerts**

It started subtly. Our production monitoring system (Prometheus + Grafana) began showing a gradual increase in the memory usage of our worker process, designated "DataProcessor-1". Initially, it was just a few megabytes creeping up over several hours. We dismissed it as normal background activity – the worker was constantly processing data streams, and some overhead was expected. However, the trend persisted, and within 24 hours, the memory usage had climbed to nearly 500MB - a significant spike compared to its typical baseline of around 150MB.

The Grafana dashboard highlighted the key metric: `process.memoryUsage()`. The ‘used’ column was steadily increasing, particularly the ‘heapUsed’ value. This immediately suggested a memory leak – something was accumulating within the process without being released. We set up an alert to trigger when `heapUsed` exceeded 75% of the worker's total memory, hoping to catch it early.

**Digging Deeper: Log Analysis and Initial Hypotheses**

Armed with this alert, we started digging into the logs generated by DataProcessor-1. The logs were verbose, as they should be, but there wasn’t anything immediately obvious. We filtered for errors and warnings, hoping to find a clue – perhaps a crash or an unexpected exception that might explain the memory growth. Nothing stood out. 

Our first hypotheses ranged from database connection issues (we weren't seeing any errors related to our database connections) to inefficient data processing logic. We considered profiling the code using tools like `node --inspect` and Chrome DevTools, but this felt premature – we needed more concrete evidence before investing significant time in detailed performance analysis.

**The Power of Heap Snapshots: Narrowing Down the Scope**

We decided to take a different approach.  We used a heap snapshotting tool called `heapdump-psml`. This tool allows us to capture snapshots of the Node.js process’s memory allocation at specific intervals, providing a detailed breakdown of what was consuming the most memory. 

Taking regular heap snapshots (every 15 minutes) allowed us to observe how the memory usage evolved over time. The first few snapshots showed a gradual increase in the number of objects allocated within the worker's heap.  We started noticing a particular pattern: a large number of objects related to our message queue – specifically, objects representing messages waiting to be processed. 

**The Revelation: An Event Listener Without an Exit Strategy**

This was a critical turning point. The heap snapshots pointed us towards a specific event listener within the worker that was responsible for consuming these messages from the queue. This listener was designed to handle incoming data and push it through our processing pipeline.  However, we’d implemented a simplified error handling mechanism – a basic `try...catch` block – but *never* removed the listener after each processed message.

Here's where the ghost revealed itself: The `try...catch` block was catching exceptions during message processing. Instead of releasing the associated objects from the heap, the exception handler simply swallowed the error and continued to hold onto the message object.  Because this listener never exited, it kept accumulating new message objects, leading to a relentless increase in memory usage.

**The Fix: A Robust Cleanup Mechanism**

The solution was surprisingly simple – yet very common. We implemented a solid cleanup mechanism within the event listener that ensured all associated objects were released from the heap after each processed message. This involved explicitly calling `delete` on the message object and potentially triggering garbage collection to help clear out unused memory. 

We also added logging around the cleanup process, allowing us to verify that it was functioning correctly.  After deploying this change, we monitored the worker's memory usage closely. The increase vanished, and the memory consumption returned to its normal baseline.

**Lessons Learned & Best Practices**

This experience reinforced several key lessons about debugging performance issues in production:

* **Don’t Ignore Initial Alerts:** Even seemingly minor increases in resource use should be investigated promptly.  Early detection can prevent a small problem from escalating into a major outage.
* **Leverage Monitoring Tools Effectively:** Heap snapshots, memory profiling tools, and detailed metrics are invaluable for pinpointing the source of performance issues. Don't rely solely on logs – they often lack the granularity needed to diagnose complex problems.
* **Event Listener Management is Critical:** Event listeners can be a significant source of memory leaks if not properly managed. Always ensure that listeners are cleaned up after use, especially in long-running processes.  Consider using techniques like `clearInterval`, `clearTimeout`, and proper resource cleanup within your event handlers.
* **Test Your Cleanup Logic:** Thoroughly test your cleanup mechanisms to ensure they function correctly under various scenarios – including error conditions.

Ultimately, tracking down this memory leak was a testament to the power of systematic investigation, combined with a deep understanding of our application’s architecture and potential pitfalls. It served as a stark reminder that even seemingly well-designed code can harbor unexpected ghosts if not carefully monitored and managed.  And it's a story we now use internally to emphasize the importance of solid event listener management – a lesson that saved us significant time, resources, and potentially, a major production outage.
