---
source: crates/friction-cli/tests/snapshot.rs
expression: stdout
---
METRIC                         VALUE  BAND               STATUS
sentence_length_mean         14.5946  [3.4918, 22.6122]  in    
sentence_length_stddev        8.8148  [3.4228, 13.4118]  in    
sentence_length_cv            0.6040  [0.4975, 1.3592]   in    
discourse_marker_density      0.0000  [0.0000, 4.2373]   in    
triad_rate                    0.0541  [0.0000, 0.0870]   in    
contraction_ratio             0.0000  [0.0000, 1.0000]   in    
bullet_parallelism            0.0000  [0.0000, 1.0000]   weak  
paragraph_shape_mean          1.8500  [1.0357, 3.5385]   in    
paragraph_shape_cv            0.3926  [0.1792, 0.7954]   in    
em_dash_density               0.0000  [0.0000, 4.2445]   weak  
semicolon_density             0.0000  [0.0000, 3.9683]   in    
participial_closer_rate       0.0270  [0.0000, 0.0312]   in    
not_just_but_rate             0.0000  [0.0000, 0.0093]   weak  
ritual_marker_rate            0.0000  [0.0000, 0.0000]   in    
llm_favored_phrase_rate      65.1769  [0.0000, 21.6346]  OUT   
human_favored_phrase_rate     9.3110  [8.5911, 48.8215]  in    
heading_density               0.0000  [0.0000, 43.0464]  in    
list_item_density             0.0000  [0.0000, 98.2659]  in    
bold_span_density            29.7952  [0.0000, 14.7059]  OUT   
sentence_opener_repeat_rate   0.0000  [0.0000, 0.1379]   in    
top_opener_concentration      0.0909  [0.0442, 0.2154]   in    

dms: mean_machine=25.4469  mean_human=1.6594  differential=23.7875  tokens=593

tell counts (17 span(s) total):
  dms: 17
dms.machine

  ⚠ machine-favored phrasing peaks at 'a Difference Together!'
   ╭─[corpus/llm/email/29ff22ba7de18cf6.md:1:3]
 1 │ **Subject: Quarterly Update – Making a Difference Together!**
   ·   ────────────────────────────┬────────────────────────────
   ·                               ╰── machine-favored phrasing peaks at 'a Difference Together!'
 2 │ 
   ╰────

dms.machine

  ⚠ machine-favored phrasing peaks at 'during challenging times.'
   ╭─[corpus/llm/email/29ff22ba7de18cf6.md:5:1]
 4 │ 
 5 │ As we wrap up another fantastic quarter at [Nonprofit Food Bank Name], I hope this email finds you well and energized for the work ahead. It’s always inspiring to reflect on how our collective efforts have made a tangible impact in our community, especially during challenging times.
   · ─────────────────────────────────────────────────────────────────────────────────────────────────────────────────────────────────────────────┬─────────────────────────────────────────────────────────────────────────────────────────────────────────────────────────────────────────────
   ·                                                                                                                                              ╰── machine-favored phrasing peaks at 'during challenging times.'
 6 │ 
   ╰────

dms.machine

  ⚠ machine-favored phrasing peaks at 'Meals Distributed Last Quarter'
   ╭─[corpus/llm/email/29ff22ba7de18cf6.md:7:4]
 6 │ 
 7 │ **1. Meals Distributed Last Quarter**
   ·    ────────────────┬───────────────
   ·                    ╰── machine-favored phrasing peaks at 'Meals Distributed Last Quarter'
 8 │ 
   ╰────

dms.machine

  ⚠ machine-favored phrasing peaks at 'a common cause.'
    ╭─[corpus/llm/email/29ff22ba7de18cf6.md:9:1]
  8 │ 
  9 │ We are thrilled to share that over the past three months, we successfully distributed an impressive **[X,XXX]** meals across our service areas. This remarkable achievement is thanks to the dedication and hard work of our incredible volunteers like you. Your commitment ensures that no one in our community goes hungry, and it’s a testament to what can be accomplished when we unite for a common cause.
    · ────────────────────────────────────────────────────────────────────────────────────────────────────────────────────────────────────────────────────────────────────────────────────────────────────────┬────────────────────────────────────────────────────────────────────────────────────────────────────────────────────────────────────────────────────────────────────────────────────────────────────────
    ·                                                                                                                                                                                                         ╰── machine-favored phrasing peaks at 'a common cause.'
 10 │ 
    ╰────

dms.machine

  ⚠ machine-favored phrasing peaks at 'New Mobile Distribution Route'
    ╭─[corpus/llm/email/29ff22ba7de18cf6.md:11:4]
 10 │ 
 11 │ **2. Spotlight on Our New Mobile Distribution Route**
    ·    ────────────────────────┬───────────────────────
    ·                            ╰── machine-favored phrasing peaks at 'New Mobile Distribution Route'
 12 │ 
    ╰────

dms.machine

  ⚠ machine-favored phrasing peaks at 'from community members.'
    ╭─[corpus/llm/email/29ff22ba7de18cf6.md:13:1]
 12 │ 
 13 │ In an effort to reach more families in need, we’ve launched a new mobile distribution route this quarter! This initiative allows us to bring food directly to neighborhoods that have limited access to traditional distribution sites. The first route has already made its rounds, delivering essential meals to **[Y]** households and garnering positive feedback from community members.
    · ──────────────────────────────────────────────────────────────────────────────────────────────────────────────────────────────────────────────────────────────────────────────────────────────┬──────────────────────────────────────────────────────────────────────────────────────────────────────────────────────────────────────────────────────────────────────────────────────────────
    ·                                                                                                                                                                                               ╰── machine-favored phrasing peaks at 'from community members.'
 14 │ 
    ╰────

dms.machine

  ⚠ machine-favored phrasing peaks at 'at **[Contact Information]**.'
    ╭─[corpus/llm/email/29ff22ba7de18cf6.md:15:1]
 14 │ 
 15 │ We’re excited about the potential of expanding these routes further and are looking for enthusiastic volunteers who might be interested in assisting with logistics or outreach on future trips. If you’d like to get involved or learn more about how you can help, please reach out to our Outreach Coordinator at **[Contact Information]**.
    · ───────────────────────────────────────────────────────────────────────────────────────────────────────────────────────────────────────────────────────────────────────┬───────────────────────────────────────────────────────────────────────────────────────────────────────────────────────────────────────────────────────────────────────
    ·                                                                                                                                                                        ╰── machine-favored phrasing peaks at 'at **[Contact Information]**.'
 16 │ 
    ╰────

dms.machine

  ⚠ machine-favored phrasing peaks at 'Upcoming Volunteer Appreciation Event'
    ╭─[corpus/llm/email/29ff22ba7de18cf6.md:17:4]
 16 │ 
 17 │ **3. Upcoming Volunteer Appreciation Event**
    ·    ───────────────────┬───────────────────
    ·                       ╰── machine-favored phrasing peaks at 'Upcoming Volunteer Appreciation Event'
 18 │ 
    ╰────

dms.machine

  ⚠ machine-favored phrasing peaks at 'the Quarter” awards.'
    ╭─[corpus/llm/email/29ff22ba7de18cf6.md:19:1]
 18 │ 
 19 │ To celebrate the incredible contributions of our volunteer community, we’re hosting a special appreciation event on **[Date]** at **[Venue]** from **[Time]** to **[Time]**. This will be an opportunity to thank you all for your unwavering support and dedication. We’ll have food, fun activities, and a chance to recognize outstanding volunteers with our annual “Volunteer of the Quarter” awards.
    · ─────────────────────────────────────────────────────────────────────────────────────────────────────────────────────────────────────────────────────────────────────────────────────────────────────┬────────────────────────────────────────────────────────────────────────────────────────────────────────────────────────────────────────────────────────────────────────────────────────────────────
    ·                                                                                                                                                                                                      ╰── machine-favored phrasing peaks at 'the Quarter” awards.'
 20 │ 
    ╰────

dms.machine

  ⚠ machine-favored phrasing peaks at 'if you’d like!'
    ╭─[corpus/llm/email/29ff22ba7de18cf6.md:21:1]
 20 │ 
 21 │ Please RSVP by **[RSVP Deadline]** so we can ensure everyone has a spot. Light refreshments will be provided, but feel free to bring a dish or two if you’d like!
    · ────────────────────────────────────────────────────────────────────────────────┬────────────────────────────────────────────────────────────────────────────────
    ·                                                                                 ╰── machine-favored phrasing peaks at 'if you’d like!'
 22 │ 
    ╰────

dms.machine

  ⚠ machine-favored phrasing peaks at 'of the Holiday Season'
    ╭─[corpus/llm/email/29ff22ba7de18cf6.md:23:4]
 22 │ 
 23 │ **4. Call for Donations Ahead of the Holiday Season**
    ·    ────────────────────────┬───────────────────────
    ·                            ╰── machine-favored phrasing peaks at 'of the Holiday Season'
 24 │ 
    ╰────

dms.machine

  ⚠ machine-favored phrasing peaks at 'emergency food boxes.'
    ╭─[corpus/llm/email/29ff22ba7de18cf6.md:25:1]
 24 │ 
 25 │ As we approach the holiday season, our need for support is greater than ever. Many families are facing food insecurity this time of year, and your generosity can make all the difference. We’re currently in dire need of **[X]** cases of canned goods to stock our emergency food boxes.
    · ─────────────────────────────────────────────────────────────────────────────────────────────────────────────────────────────────────────────┬─────────────────────────────────────────────────────────────────────────────────────────────────────────────────────────────────────────────
    ·                                                                                                                                              ╰── machine-favored phrasing peaks at 'emergency food boxes.'
 26 │ 
    ╰────

dms.machine

  ⚠ machine-favored phrasing peaks at 'holidays and beyond.'
    ╭─[corpus/llm/email/29ff22ba7de18cf6.md:27:1]
 26 │ 
 27 │ You can help by donating canned fruits, vegetables, soups, or stews at any of our distribution sites or through our online donation portal: **[Donation Link]**. Every item counts and ensures that we can provide meals to those in need during the holidays and beyond.
    · ────────────────────────────────────────────────────────────────────────────────────────────────────────────────────────────────────┬────────────────────────────────────────────────────────────────────────────────────────────────────────────────────────────────────
    ·                                                                                                                                     ╰── machine-favored phrasing peaks at 'holidays and beyond.'
 28 │ 
    ╰────

dms.machine

  ⚠ machine-favored phrasing peaks at 'at **[Contact Information]**.'
    ╭─[corpus/llm/email/29ff22ba7de18cf6.md:31:1]
 30 │ 
 31 │ Your commitment to helping others is truly inspiring, and it’s because of you that [Nonprofit Food Bank Name] continues to thrive. If you have any questions or would like to get involved in a new project, please don’t hesitate to contact us at **[Contact Information]**.
    · ───────────────────────────────────────────────────────────────────────────────────────────────────────────────────────────────────────┬──────────────────────────────────────────────────────────────────────────────────────────────────────────────────────────────────────
    ·                                                                                                                                        ╰── machine-favored phrasing peaks at 'at **[Contact Information]**.'
 32 │ 
    ╰────

dms.machine

  ⚠ machine-favored phrasing peaks at 'a difference together!'
    ╭─[corpus/llm/email/29ff22ba7de18cf6.md:33:1]
 32 │ 
 33 │ Let’s keep making a difference together!
    · ────────────────────┬───────────────────
    ·                     ╰── machine-favored phrasing peaks at 'a difference together!'
 34 │ 
    ╰────

dms.machine

  ⚠ machine-favored phrasing peaks at 'Website URL]
  │ [Phone Number'
    ╭─[corpus/llm/email/29ff22ba7de18cf6.md:37:4]
 36 │     
 37 │ ╭─▶ **[Your Name]**  
 38 │ │   **Executive Director**  
 39 │ │   [Nonprofit Food Bank Name]  
 40 │ │   [Website URL]  
 41 │ ├─▶ [Phone Number]  
    · ╰──┤ machine-favored phrasing peaks at 'Website URL]  
    ·    │ [Phone Number'
 42 │     
    ╰────

dms.machine

  ⚠ machine-favored phrasing peaks at 'accurate and engaging.'
    ╭─[corpus/llm/email/29ff22ba7de18cf6.md:45:3]
 44 │ 
 45 │ **Note:** Ensure that the placeholders such as [X,XXX], [Y], and specific dates are replaced with actual data from your organization's records to make this newsletter accurate and engaging.
    ·   ─────────────────────────────────────────────────────────────────────────────────────────────┬─────────────────────────────────────────────────────────────────────────────────────────────
    ·                                                                                                ╰── machine-favored phrasing peaks at 'accurate and engaging.'
    ╰────
