---
source: crates/friction-cli/tests/snapshot.rs
expression: stdout
---
{
  "metrics": [
    {
      "name": "sentence_length_mean",
      "value": 9.125,
      "lo": 3.4918032786885247,
      "hi": 22.612244897959183,
      "in_envelope": true
    },
    {
      "name": "sentence_length_stddev",
      "value": 5.8957081847730555,
      "lo": 3.4227587963188086,
      "hi": 13.411800359716398,
      "in_envelope": true
    },
    {
      "name": "sentence_length_cv",
      "value": 0.6461050065504719,
      "lo": 0.49754649007902846,
      "hi": 1.3591689344136941,
      "in_envelope": true
    },
    {
      "name": "discourse_marker_density",
      "value": 0.0,
      "lo": 0.0,
      "hi": 4.237288135593221,
      "in_envelope": true
    },
    {
      "name": "triad_rate",
      "value": 0.1,
      "lo": 0.0,
      "hi": 0.08695652173913043,
      "in_envelope": false
    },
    {
      "name": "contraction_ratio",
      "value": 0.0,
      "lo": 0.0,
      "hi": 1.0,
      "in_envelope": true
    },
    {
      "name": "bullet_parallelism",
      "value": 0.7053571428571428,
      "lo": 0.0,
      "hi": 1.0,
      "in_envelope": true
    },
    {
      "name": "paragraph_shape_mean",
      "value": 1.1764705882352942,
      "lo": 1.0357142857142858,
      "hi": 3.5384615384615383,
      "in_envelope": true
    },
    {
      "name": "paragraph_shape_cv",
      "value": 0.3840572873934304,
      "lo": 0.179177669748504,
      "hi": 0.7953949089757174,
      "in_envelope": true
    },
    {
      "name": "em_dash_density",
      "value": 0.0,
      "lo": 0.0,
      "hi": 4.244482173174872,
      "in_envelope": true
    },
    {
      "name": "semicolon_density",
      "value": 0.0,
      "lo": 0.0,
      "hi": 3.9682539682539684,
      "in_envelope": true
    },
    {
      "name": "participial_closer_rate",
      "value": 0.05,
      "lo": 0.0,
      "hi": 0.03125,
      "in_envelope": false
    },
    {
      "name": "not_just_but_rate",
      "value": 0.0,
      "lo": 0.0,
      "hi": 0.009259259259259259,
      "in_envelope": true
    },
    {
      "name": "ritual_marker_rate",
      "value": 0.0,
      "lo": 0.0,
      "hi": 0.0,
      "in_envelope": true
    },
    {
      "name": "llm_favored_phrase_rate",
      "value": 58.047493403693935,
      "lo": 0.0,
      "hi": 21.634615384615383,
      "in_envelope": false
    },
    {
      "name": "human_favored_phrase_rate",
      "value": 0.0,
      "lo": 8.59106529209622,
      "hi": 48.821548821548824,
      "in_envelope": false
    },
    {
      "name": "heading_density",
      "value": 2.638522427440633,
      "lo": 0.0,
      "hi": 43.04635761589404,
      "in_envelope": true
    },
    {
      "name": "list_item_density",
      "value": 42.21635883905013,
      "lo": 0.0,
      "hi": 98.26589595375722,
      "in_envelope": true
    },
    {
      "name": "bold_span_density",
      "value": 58.047493403693935,
      "lo": 0.0,
      "hi": 14.705882352941176,
      "in_envelope": false
    },
    {
      "name": "sentence_opener_repeat_rate",
      "value": 0.02564102564102564,
      "lo": 0.0,
      "hi": 0.13793103448275862,
      "in_envelope": true
    },
    {
      "name": "top_opener_concentration",
      "value": 0.05128205128205128,
      "lo": 0.04424778761061947,
      "hi": 0.2153846153846154,
      "in_envelope": true
    }
  ],
  "spans": [
    {
      "channel": "dms",
      "frame_id": "dms.machine",
      "start": 60,
      "end": 312,
      "line": 3,
      "column": 3,
      "score": 1039
    },
    {
      "channel": "dms",
      "frame_id": "dms.machine",
      "start": 317,
      "end": 337,
      "line": 5,
      "column": 3,
      "score": 6
    },
    {
      "channel": "dms",
      "frame_id": "dms.machine",
      "start": 345,
      "end": 445,
      "line": 7,
      "column": 5,
      "score": 125
    },
    {
      "channel": "dms",
      "frame_id": "dms.machine",
      "start": 450,
      "end": 585,
      "line": 8,
      "column": 5,
      "score": 215
    },
    {
      "channel": "dms",
      "frame_id": "dms.machine",
      "start": 590,
      "end": 694,
      "line": 9,
      "column": 5,
      "score": 119
    },
    {
      "channel": "dms",
      "frame_id": "dms.machine",
      "start": 699,
      "end": 779,
      "line": 10,
      "column": 5,
      "score": 59
    },
    {
      "channel": "dms",
      "frame_id": "dms.machine",
      "start": 800,
      "end": 893,
      "line": 14,
      "column": 5,
      "score": 85
    },
    {
      "channel": "dms",
      "frame_id": "dms.machine",
      "start": 898,
      "end": 1008,
      "line": 15,
      "column": 5,
      "score": 174
    },
    {
      "channel": "dms",
      "frame_id": "dms.machine",
      "start": 1013,
      "end": 1120,
      "line": 16,
      "column": 5,
      "score": 114
    },
    {
      "channel": "dms",
      "frame_id": "dms.machine",
      "start": 1125,
      "end": 1242,
      "line": 17,
      "column": 5,
      "score": 147
    },
    {
      "channel": "dms",
      "frame_id": "dms.machine",
      "start": 1276,
      "end": 1379,
      "line": 21,
      "column": 6,
      "score": 93
    },
    {
      "channel": "dms",
      "frame_id": "dms.machine",
      "start": 1456,
      "end": 1510,
      "line": 28,
      "column": 6,
      "score": 16
    },
    {
      "channel": "dms",
      "frame_id": "dms.machine",
      "start": 1571,
      "end": 1690,
      "line": 34,
      "column": 6,
      "score": 143
    },
    {
      "channel": "dms",
      "frame_id": "dms.machine",
      "start": 1705,
      "end": 1755,
      "line": 34,
      "column": 140,
      "score": 20
    },
    {
      "channel": "dms",
      "frame_id": "dms.machine",
      "start": 1763,
      "end": 1818,
      "line": 36,
      "column": 6,
      "score": 27
    },
    {
      "channel": "dms",
      "frame_id": "dms.machine",
      "start": 1872,
      "end": 1980,
      "line": 42,
      "column": 6,
      "score": 136
    },
    {
      "channel": "dms",
      "frame_id": "dms.machine",
      "start": 2042,
      "end": 2135,
      "line": 48,
      "column": 4,
      "score": 151
    },
    {
      "channel": "dms",
      "frame_id": "dms.machine",
      "start": 2178,
      "end": 2292,
      "line": 52,
      "column": 6,
      "score": 231
    },
    {
      "channel": "dms",
      "frame_id": "dms.machine",
      "start": 2338,
      "end": 2364,
      "line": 54,
      "column": 6,
      "score": 12
    },
    {
      "channel": "dms",
      "frame_id": "dms.machine",
      "start": 2371,
      "end": 2412,
      "line": 56,
      "column": 4,
      "score": 18
    },
    {
      "channel": "dms",
      "frame_id": "dms.machine",
      "start": 2575,
      "end": 2643,
      "line": 64,
      "column": 1,
      "score": 80
    },
    {
      "channel": "dms",
      "frame_id": "dms.machine",
      "start": 2681,
      "end": 2732,
      "line": 64,
      "column": 107,
      "score": 49
    },
    {
      "channel": "dms",
      "frame_id": "dms.machine",
      "start": 2754,
      "end": 2945,
      "line": 69,
      "column": 1,
      "score": 577
    },
    {
      "channel": "dms",
      "frame_id": "dms.machine",
      "start": 2961,
      "end": 3066,
      "line": 73,
      "column": 1,
      "score": 173
    },
    {
      "channel": "dms",
      "frame_id": "dms.machine",
      "start": 3068,
      "end": 3116,
      "line": 73,
      "column": 108,
      "score": 27
    },
    {
      "channel": "dms",
      "frame_id": "dms.machine",
      "start": 3170,
      "end": 3203,
      "line": 76,
      "column": 1,
      "score": 19
    }
  ],
  "tell_counts": {
    "dms": 26
  },
  "dms": {
    "mean_machine": 10.676537585421412,
    "mean_human": 1.7403189066059226,
    "differential": 8.93621867881549,
    "token_count": 439
  }
}
