---
source: crates/friction-cli/tests/snapshot.rs
expression: stdout
---
pass 1: 1 operation(s) fired
  sub.apply                1980..1988  -> "uses"
  26 held:
    vguard.achieve         190..199  KEPT (frame vguard.achieve: measured 114.4/M machine vs 79.8/M human; report-only)
    adjg.robust            212..218  KEPT (frame adjg.robust: measured 349.2/M machine vs 30.7/M human; report-only)
    pilot.within           388..394  KEPT (frame pilot.within: report-only (see the frame-pack compile report))
    lex.leverage-dl::employ 591..600  KEPT (frame lex.leverage-dl::employ: measured 143.8/M machine vs 17.7/M human; report-only)
    adjg.complex           945..952  KEPT (frame adjg.complex: measured 372.7/M machine vs 182.7/M human; report-only)
    pilot.within           996..1002  KEPT (frame pilot.within: report-only (see the frame-pack compile report))
    adjg.efficient         1255..1264  KEPT (frame adjg.efficient: measured 270.0/M machine vs 79.8/M human; report-only)
    vguard.ensure          1833..1840  KEPT (frame vguard.ensure: measured 1376.3/M machine vs 314.8/M human; report-only)
    span.delete            1828..1935  KEPT (deletion span.this_ensures recorded: diagnostic-only, no safe rewrite)
    able.ensures-that-short::ensure 1833..1855  KEPT (frame able.ensures-that-short::ensure held: template did not realize)
    lex.leverage-dl::utilize 1980..1991  KEPT (frame lex.leverage-dl::utilize: measured 143.8/M machine vs 17.7/M human; report-only)
    conng.finally          2512..2519  KEPT (frame conng.finally: measured 190.7/M machine vs 165.8/M human; report-only)
    lex.leverage-dl::employ 2957..2968  KEPT (frame lex.leverage-dl::employ: measured 143.8/M machine vs 17.7/M human; report-only)
    vguard.achieve         3269..3277  KEPT (frame vguard.achieve: measured 114.4/M machine vs 79.8/M human; report-only)
    phg.by-default         3818..3828  KEPT (frame phg.by-default: measured 231.8/M machine vs 565.1/M human; report-only)
    pilot.instance         3922..3930  KEPT (frame pilot.instance: report-only (see the frame-pack compile report))
    lvc.make-a-request     3885..3900  KEPT (frame lvc.make-a-request held: left seam not attested)
    pilot.within           4020..4026  KEPT (frame pilot.within: report-only (see the frame-pack compile report))
    vguard.maintain        4305..4314  KEPT (frame vguard.maintain: measured 275.8/M machine vs 227.3/M human; report-only)
    intg.quickly           4993..5000  KEPT (frame intg.quickly: measured 199.5/M machine vs 86.0/M human; report-only)
    vsub.incorporate       5167..5189  KEPT (frame vsub.incorporate: measured 64.6/M machine vs 27.6/M human; report-only)
    adjg.robust            5330..5336  KEPT (frame adjg.robust: measured 349.2/M machine vs 30.7/M human; report-only)
    lex.leverage-dl::leverage 5445..5467  KEPT (frame lex.leverage-dl::leverage: measured 143.8/M machine vs 17.7/M human; report-only)
    vguard.optimize        5499..5507  KEPT (frame vguard.optimize: measured 237.7/M machine vs 93.7/M human; report-only)
    vsub.leverage          5445..5467  KEPT (frame vsub.leverage held: right seam not attested)
    conng.overall          5764..5771  KEPT (frame conng.overall: measured 208.3/M machine vs 49.1/M human; report-only)
pass 2: 0 operation(s) fired — converged
  25 held:
    vguard.achieve         163..326  KEPT (frame vguard.achieve: measured 114.4/M machine vs 79.8/M human; report-only)
    adjg.robust            163..326  KEPT (frame adjg.robust: measured 349.2/M machine vs 30.7/M human; report-only)
    pilot.within           327..540  KEPT (frame pilot.within: report-only (see the frame-pack compile report))
    lex.leverage-dl::employ 580..712  KEPT (frame lex.leverage-dl::employ: measured 143.8/M machine vs 17.7/M human; report-only)
    adjg.complex           892..1094  KEPT (frame adjg.complex: measured 372.7/M machine vs 182.7/M human; report-only)
    pilot.within           892..1094  KEPT (frame pilot.within: report-only (see the frame-pack compile report))
    adjg.efficient         1098..1278  KEPT (frame adjg.efficient: measured 270.0/M machine vs 79.8/M human; report-only)
    vguard.ensure          1828..1935  KEPT (frame vguard.ensure: measured 1376.3/M machine vs 314.8/M human; report-only)
    span.delete            1828..1935  KEPT (deletion span.this_ensures recorded: diagnostic-only, no safe rewrite)
    able.ensures-that-short::ensure 1828..1935  KEPT (frame able.ensures-that-short::ensure held: template did not realize)
    conng.finally          2368..2537  KEPT (frame conng.finally: measured 190.7/M machine vs 165.8/M human; report-only)
    lex.leverage-dl::employ 2942..3007  KEPT (frame lex.leverage-dl::employ: measured 143.8/M machine vs 17.7/M human; report-only)
    vguard.achieve         3247..3320  KEPT (frame vguard.achieve: measured 114.4/M machine vs 79.8/M human; report-only)
    phg.by-default         3764..3863  KEPT (frame phg.by-default: measured 231.8/M machine vs 565.1/M human; report-only)
    pilot.instance         3864..3964  KEPT (frame pilot.instance: report-only (see the frame-pack compile report))
    lvc.make-a-request     3864..3964  KEPT (frame lvc.make-a-request held: left seam not attested)
    pilot.within           3965..4065  KEPT (frame pilot.within: report-only (see the frame-pack compile report))
    vguard.maintain        4263..4350  KEPT (frame vguard.maintain: measured 275.8/M machine vs 227.3/M human; report-only)
    intg.quickly           4887..5069  KEPT (frame intg.quickly: measured 199.5/M machine vs 86.0/M human; report-only)
    vsub.incorporate       5099..5191  KEPT (frame vsub.incorporate: measured 64.6/M machine vs 27.6/M human; report-only)
    adjg.robust            5195..5407  KEPT (frame adjg.robust: measured 349.2/M machine vs 30.7/M human; report-only)
    lex.leverage-dl::leverage 5410..5559  KEPT (frame lex.leverage-dl::leverage: measured 143.8/M machine vs 17.7/M human; report-only)
    vguard.optimize        5410..5559  KEPT (frame vguard.optimize: measured 237.7/M machine vs 93.7/M human; report-only)
    vsub.leverage          5410..5559  KEPT (frame vsub.leverage held: right seam not attested)
    conng.overall          5563..5781  KEPT (frame conng.overall: measured 208.3/M machine vs 49.1/M human; report-only)
pass 3: 0 operation(s) fired — converged
