---
source: crates/friction-cli/tests/snapshot.rs
expression: stdout
---
METRIC                         VALUE  BAND                STATUS
sentence_length_mean          9.1250  [3.4918, 8.0284]    OUT   
sentence_length_stddev        5.8957  [3.4228, 7.1793]    in    
sentence_length_cv            0.6461  [0.8732, 1.3592]    OUT   
discourse_marker_density      0.0000  [0.0000, 3.1847]    in    
triad_rate                    0.1000  [0.0000, 0.0142]    OUT   
contraction_ratio             0.0000  [0.0000, 1.0000]    in    
bullet_parallelism            0.7054  [0.5000, 0.9139]    in    
paragraph_shape_mean          1.1765  [1.0357, 1.2946]    in    
paragraph_shape_cv            0.3841  [0.1792, 0.5170]    in    
em_dash_density               0.0000  [0.0000, 0.0000]    in    
semicolon_density             0.0000  [0.0000, 3.9683]    in    
participial_closer_rate       0.0500  [0.0000, 0.0114]    OUT   
not_just_but_rate             0.0000  [0.0000, 0.0000]    in    
ritual_marker_rate            0.0000  [0.0000, 0.0000]    in    
llm_favored_phrase_rate      58.0475  [0.0000, 21.6346]   OUT   
human_favored_phrase_rate     0.0000  [8.5911, 35.4610]   OUT   
heading_density               2.6385  [10.3806, 43.0464]  OUT   
list_item_density            42.2164  [4.9261, 98.2659]   in    
bold_span_density            58.0475  [0.0000, 14.7059]   OUT   
sentence_opener_repeat_rate   0.0256  [0.0079, 0.1379]    in    
top_opener_concentration      0.0513  [0.0442, 0.1609]    in    

dms (target family: qwen):
  qwen     mean_machine=1.7358  mean_human=1.7403  differential=-0.0046  tokens=439
  gemma    mean_machine=10.6765  mean_human=1.7403  differential=8.9362  tokens=439
  llama    mean_machine=1.7859  mean_human=1.7403  differential=0.0456  tokens=439
  granite  mean_machine=1.2483  mean_human=1.7403  differential=-0.4920  tokens=439

tell counts (4 span(s) total):
  dms: 4
dms.qwen

  ⚠ Dms tell: dms.qwen
   ╭─[corpus/llm/readme/04c4c78e378a7c8f.md:8:63]
 7 │ * **Privacy:** Keep your reading history and preferences private by running Feedwell on your own server.
 8 │ * **Customization:** Tailor the experience to your needs with folder organization, read/unread tracking, and full-text search capabilities.
   ·                                                               ─────────────────────┬────────────────────
   ·                                                                                    ╰── Dms tell: dms.qwen
 9 │ * **Flexibility:** Deploy behind any WSGI-compliant web server, giving you control over your infrastructure.
   ╰────

dms.qwen

  ⚠ Dms tell: dms.qwen
    ╭─[corpus/llm/readme/04c4c78e378a7c8f.md:21:6]
 20 │ 
 21 │ 1. **Create a Virtual Environment:** We recommend using virtual environments to manage project dependencies. 
    ·      ──────────────┬──────────────
    ·                    ╰── Dms tell: dms.qwen
 22 │ 
    ╰────

dms.qwen

  ⚠ Dms tell: dms.qwen
    ╭─[corpus/llm/readme/04c4c78e378a7c8f.md:52:28]
 51 │ 
 52 │    * Configure your chosen WSGI server (e.g., Gunicorn, uWSGI) according to its documentation. Ensure that it points to `feedwell/wsgi.py` as the entry point.
    ·                            ─────────────────┬────────────────
    ·                                             ╰── Dms tell: dms.qwen
 53 │ 
    ╰────

dms.qwen

  ⚠ Dms tell: dms.qwen
    ╭─[corpus/llm/readme/04c4c78e378a7c8f.md:73:1]
 72 │ 
 73 │ If you have any questions or need assistance, please reach out to us through the issue tracker on GitHub: [https://github.com/your-username/feedwell/issues](https://github.com/your-username/feedwell/issues)
    · ──────────────────────┬─────────────────────
    ·                       ╰── Dms tell: dms.qwen
 74 │ 
    ╰────
