---
source: crates/friction-cli/tests/snapshot.rs
expression: stdout
---
## Feedwell: A Lightweight Self-Hosted RSS & Atom Reader

**Feedwell** is a self-hosted RSS and Atom feed reader built with performance and simplicity in mind. It boasts a clean, lightweight web UI allowing you to manage your favorite feeds, keep track of unread articles, and easily search through your archive. 

**Why Choose Feedwell?**

* **Privacy:** Keep your reading history and preferences private by running Feedwell on your own server.
* **Customization:** Tailor the experience to your needs with folder organization, read/unread tracking, and full-text search capabilities.
* **Flexibility:** Deploy behind any WSGI-compliant web server, giving you control over your infrastructure.
* **Lightweight:**  Enjoy a fast and responsive interface without unnecessary bloat.

**Features:**

* **Folder Organization:** Categorize your feeds into folders for easy navigation and management.
* **Read/Unread Tracking:** Mark articles as read to keep track of your progress and quickly identify new content.
* **Full-Text Search:**  Search through cached articles using keywords, finding specific information instantly.
* **OPML Import/Export:** Seamlessly import and export your OPML feed subscriptions for easy migration between platforms.

**Installation & Setup:**

1. **Create a Virtual Environment:** We recommend using virtual environments to manage project dependencies. 

   ```bash
   python3 -m venv env
   source env/bin/activate
   ```

2. **Install Dependencies:** Install the required packages:

   ```bash
   pip install -r requirements.txt
   ```

3. **Database Configuration:** Feedwell supports SQLite as its default database and PostgreSQL as an alternative. Update the `settings.py` file to configure your preferred database backend. 

4. **Run Migrations:** Create the needed database tables:

   ```bash
   python manage.py migrate
   ```

5. **First-Time Setup:** Run the following command to create an administrator account and complete first setup:

   ```bash
   python manage.py create_admin_user
   ```

   You will be prompted to enter a username, password, and email address for your admin account.

6. **WSGI Server Configuration:** 

   * Configure your chosen WSGI server (e.g., Gunicorn, uWSGI) according to its documentation. Ensure that it points to `feedwell/wsgi.py` as the entry point.

7. **Cron Job for Feed Polling:**

   Schedule regular feed updates using cron:

   ```bash
   */15 * * * * python /path/to/your/env/bin/python manage.py update_feeds  # Update feeds every 15 minutes
   ```

**Accessing the Web Interface:**

Once your WSGI server is running, open a web browser and navigate to `http://[your_server_ip]:[your_port]`. You will be greeted with the Feedwell login page.


**Contributing:**

Feel free to contribute to Feedwell's development! We welcome bug reports, feature requests, and pull requests. Please refer to the CONTRIBUTING.md file for guidelines on how to get involved.

**Contact:**

If you have any questions or need assistance, please reach out to us through the issue tracker on GitHub: [https://github.com/your-username/feedwell/issues](https://github.com/your-username/feedwell/issues)


We hope you enjoy using Feedwell!
