---
source: crates/friction-cli/tests/snapshot.rs
expression: stdout
---
{
  "genre": "docs",
  "family": "qwen",
  "metrics": [
    {
      "name": "sentence_length_mean",
      "value": 15.127272727272727,
      "lo": 5.079601990049751,
      "hi": 11.36986301369863,
      "in_envelope": false
    },
    {
      "name": "sentence_length_stddev",
      "value": 8.629873159195427,
      "lo": 4.841157658992773,
      "hi": 9.53557474351129,
      "in_envelope": true
    },
    {
      "name": "sentence_length_cv",
      "value": 0.5704844035525823,
      "lo": 0.6938000297364706,
      "hi": 1.1063157464161906,
      "in_envelope": false
    },
    {
      "name": "discourse_marker_density",
      "value": 1.1918951132300357,
      "lo": 0.0,
      "hi": 3.076923076923077,
      "in_envelope": true
    },
    {
      "name": "triad_rate",
      "value": 0.01818181818181818,
      "lo": 0.0,
      "hi": 0.030303030303030304,
      "in_envelope": true
    },
    {
      "name": "contraction_ratio",
      "value": 0.0,
      "lo": 0.0,
      "hi": 0.6666666666666666,
      "in_envelope": true
    },
    {
      "name": "bullet_parallelism",
      "value": 0.8333333333333333,
      "lo": 0.0,
      "hi": 1.0,
      "in_envelope": true
    },
    {
      "name": "paragraph_shape_mean",
      "value": 1.6176470588235294,
      "lo": 1.0970149253731343,
      "hi": 1.509433962264151,
      "in_envelope": false
    },
    {
      "name": "paragraph_shape_cv",
      "value": 0.5612854196521138,
      "lo": 0.28827503026587703,
      "hi": 0.7259662712736925,
      "in_envelope": true
    },
    {
      "name": "em_dash_density",
      "value": 0.0,
      "lo": 0.0,
      "hi": 0.0,
      "in_envelope": true
    },
    {
      "name": "semicolon_density",
      "value": 1.2019230769230769,
      "lo": 0.0,
      "hi": 3.5335689045936394,
      "in_envelope": true
    },
    {
      "name": "participial_closer_rate",
      "value": 0.03636363636363636,
      "lo": 0.0,
      "hi": 0.018518518518518517,
      "in_envelope": false
    },
    {
      "name": "not_just_but_rate",
      "value": 0.0,
      "lo": 0.0,
      "hi": 0.0,
      "in_envelope": true
    },
    {
      "name": "ritual_marker_rate",
      "value": 0.0,
      "lo": 0.0,
      "hi": 0.0,
      "in_envelope": true
    },
    {
      "name": "llm_favored_phrase_rate",
      "value": 17.878426698450536,
      "lo": 0.0,
      "hi": 17.89709172259508,
      "in_envelope": true
    },
    {
      "name": "human_favored_phrase_rate",
      "value": 3.575685339690107,
      "lo": 12.599160055996267,
      "hi": 43.890865954922894,
      "in_envelope": false
    },
    {
      "name": "heading_density",
      "value": 1.1918951132300357,
      "lo": 2.3094688221709005,
      "hi": 14.9812734082397,
      "in_envelope": false
    },
    {
      "name": "list_item_density",
      "value": 15.494636471990464,
      "lo": 0.0,
      "hi": 31.62486368593239,
      "in_envelope": true
    },
    {
      "name": "bold_span_density",
      "value": 22.64600715137068,
      "lo": 0.0,
      "hi": 14.176663031624864,
      "in_envelope": false
    },
    {
      "name": "sentence_opener_repeat_rate",
      "value": 0.05555555555555555,
      "lo": 0.0,
      "hi": 0.06557377049180328,
      "in_envelope": true
    },
    {
      "name": "top_opener_concentration",
      "value": 0.18518518518518517,
      "lo": 0.05454545454545454,
      "hi": 0.16129032258064516,
      "in_envelope": false
    }
  ],
  "spans": [
    {
      "channel": "dms",
      "frame_id": "dms.machine",
      "start": 59,
      "end": 540,
      "line": 3,
      "column": 1,
      "score": 2889
    },
    {
      "channel": "dms",
      "frame_id": "dms.machine",
      "start": 544,
      "end": 576,
      "line": 5,
      "column": 3,
      "score": 8
    },
    {
      "channel": "dms",
      "frame_id": "dms.machine",
      "start": 580,
      "end": 736,
      "line": 7,
      "column": 1,
      "score": 285
    },
    {
      "channel": "dms",
      "frame_id": "dms.machine",
      "start": 743,
      "end": 888,
      "line": 9,
      "column": 6,
      "score": 241
    },
    {
      "channel": "dms",
      "frame_id": "dms.machine",
      "start": 894,
      "end": 1094,
      "line": 10,
      "column": 6,
      "score": 477
    },
    {
      "channel": "dms",
      "frame_id": "dms.machine",
      "start": 1100,
      "end": 1278,
      "line": 11,
      "column": 6,
      "score": 363
    },
    {
      "channel": "dms",
      "frame_id": "dms.machine",
      "start": 1283,
      "end": 1320,
      "line": 14,
      "column": 3,
      "score": 6
    },
    {
      "channel": "dms",
      "frame_id": "dms.machine",
      "start": 1324,
      "end": 1457,
      "line": 16,
      "column": 1,
      "score": 254
    },
    {
      "channel": "dms",
      "frame_id": "dms.machine",
      "start": 1479,
      "end": 1631,
      "line": 16,
      "column": 154,
      "score": 304
    },
    {
      "channel": "dms",
      "frame_id": "dms.machine",
      "start": 1660,
      "end": 1935,
      "line": 20,
      "column": 5,
      "score": 1133
    },
    {
      "channel": "dms",
      "frame_id": "dms.machine",
      "start": 1940,
      "end": 2168,
      "line": 21,
      "column": 5,
      "score": 823
    },
    {
      "channel": "literal",
      "frame_id": "sub.utilize_3sg",
      "start": 1980,
      "end": 1988,
      "line": 21,
      "column": 45,
      "score": null
    },
    {
      "channel": "dms",
      "frame_id": "dms.machine",
      "start": 2173,
      "end": 2195,
      "line": 22,
      "column": 5,
      "score": 6
    },
    {
      "channel": "dms",
      "frame_id": "dms.machine",
      "start": 2206,
      "end": 2541,
      "line": 22,
      "column": 38,
      "score": 1952
    },
    {
      "channel": "dms",
      "frame_id": "dms.machine",
      "start": 2546,
      "end": 2807,
      "line": 23,
      "column": 5,
      "score": 1092
    },
    {
      "channel": "dms",
      "frame_id": "dms.machine",
      "start": 2811,
      "end": 2850,
      "line": 25,
      "column": 3,
      "score": 7
    },
    {
      "channel": "dms",
      "frame_id": "dms.machine",
      "start": 2854,
      "end": 3011,
      "line": 27,
      "column": 1,
      "score": 311
    },
    {
      "channel": "dms",
      "frame_id": "dms.machine",
      "start": 3017,
      "end": 3133,
      "line": 29,
      "column": 5,
      "score": 213
    },
    {
      "channel": "dms",
      "frame_id": "dms.machine",
      "start": 3167,
      "end": 3324,
      "line": 29,
      "column": 155,
      "score": 360
    },
    {
      "channel": "dms",
      "frame_id": "dms.machine",
      "start": 3329,
      "end": 3374,
      "line": 30,
      "column": 5,
      "score": 12
    },
    {
      "channel": "dms",
      "frame_id": "dms.machine",
      "start": 3416,
      "end": 3609,
      "line": 30,
      "column": 92,
      "score": 460
    },
    {
      "channel": "dms",
      "frame_id": "dms.machine",
      "start": 3614,
      "end": 3659,
      "line": 33,
      "column": 3,
      "score": 36
    },
    {
      "channel": "dms",
      "frame_id": "dms.machine",
      "start": 3663,
      "end": 3764,
      "line": 35,
      "column": 1,
      "score": 111
    },
    {
      "channel": "dms",
      "frame_id": "dms.machine",
      "start": 3770,
      "end": 4190,
      "line": 37,
      "column": 5,
      "score": 2492
    },
    {
      "channel": "dms",
      "frame_id": "dms.machine",
      "start": 4195,
      "end": 4684,
      "line": 38,
      "column": 5,
      "score": 3492
    },
    {
      "channel": "dms",
      "frame_id": "dms.machine",
      "start": 4721,
      "end": 5073,
      "line": 42,
      "column": 1,
      "score": 1737
    },
    {
      "channel": "dms",
      "frame_id": "dms.machine",
      "start": 5103,
      "end": 5195,
      "line": 46,
      "column": 1,
      "score": 66
    },
    {
      "channel": "dms",
      "frame_id": "dms.machine",
      "start": 5201,
      "end": 5411,
      "line": 48,
      "column": 5,
      "score": 741
    },
    {
      "channel": "dms",
      "frame_id": "dms.machine",
      "start": 5416,
      "end": 5563,
      "line": 49,
      "column": 5,
      "score": 216
    },
    {
      "channel": "dms",
      "frame_id": "dms.machine",
      "start": 5567,
      "end": 5785,
      "line": 53,
      "column": 1,
      "score": 472
    }
  ],
  "tell_counts": {
    "dms": 29,
    "sub": 1
  },
  "dms": {
    "mean_machine": 23.785026737967915,
    "mean_human": 1.6887700534759358,
    "differential": 22.09625668449198,
    "token_count": 935
  }
}
