---
source: crates/friction-cli/tests/snapshot.rs
expression: stdout
---
pass 1: 2 operation(s) fired
  sub.apply                191..202  -> "important for"
  vsub.streamline          3515..3531  -> "simplifies your"
  12 held:
    adjg.robust            73..79  KEPT (frame adjg.robust: measured 349.2/M machine vs 30.7/M human; report-only)
    intg.especially        81..91  KEPT (frame intg.especially: measured 226.0/M machine vs 141.3/M human; report-only)
    intg.particularly      130..142  KEPT (frame intg.particularly: measured 176.1/M machine vs 64.5/M human; report-only)
    vguard.ensure          203..211  KEPT (frame vguard.ensure: measured 1376.3/M machine vs 314.8/M human; report-only)
    vguard.maintain        737..745  KEPT (frame vguard.maintain: measured 275.8/M machine vs 227.3/M human; report-only)
    phg.at-least           1036..1044  KEPT (frame phg.at-least: measured 249.4/M machine vs 145.9/M human; report-only)
    phg.at-least           1447..1455  KEPT (frame phg.at-least: measured 249.4/M machine vs 145.9/M human; report-only)
    pilot.within           1485..1491  KEPT (frame pilot.within: report-only (see the frame-pack compile report))
    vguard.ensure          2207..2214  KEPT (frame vguard.ensure: measured 1376.3/M machine vs 314.8/M human; report-only)
    span.delete            2202..2286  KEPT (deletion span.this_ensures recorded: diagnostic-only, no safe rewrite)
    phg.at-least           2960..2968  KEPT (frame phg.at-least: measured 249.4/M machine vs 145.9/M human; report-only)
    vguard.maintain        3256..3267  KEPT (frame vguard.maintain: measured 275.8/M machine vs 227.3/M human; report-only)
pass 2: 0 operation(s) fired — converged
  12 held:
    adjg.robust            49..176  KEPT (frame adjg.robust: measured 349.2/M machine vs 30.7/M human; report-only)
    intg.especially        49..176  KEPT (frame intg.especially: measured 226.0/M machine vs 141.3/M human; report-only)
    intg.particularly      49..176  KEPT (frame intg.particularly: measured 176.1/M machine vs 64.5/M human; report-only)
    vguard.ensure          205..213  KEPT (frame vguard.ensure: measured 1376.3/M machine vs 314.8/M human; report-only)
    vguard.maintain        722..795  KEPT (frame vguard.maintain: measured 275.8/M machine vs 227.3/M human; report-only)
    phg.at-least           988..1091  KEPT (frame phg.at-least: measured 249.4/M machine vs 145.9/M human; report-only)
    phg.at-least           1439..1507  KEPT (frame phg.at-least: measured 249.4/M machine vs 145.9/M human; report-only)
    pilot.within           1439..1507  KEPT (frame pilot.within: report-only (see the frame-pack compile report))
    vguard.ensure          2204..2288  KEPT (frame vguard.ensure: measured 1376.3/M machine vs 314.8/M human; report-only)
    span.delete            2204..2288  KEPT (deletion span.this_ensures recorded: diagnostic-only, no safe rewrite)
    phg.at-least           2882..2981  KEPT (frame phg.at-least: measured 249.4/M machine vs 145.9/M human; report-only)
    vguard.maintain        3085..3312  KEPT (frame vguard.maintain: measured 275.8/M machine vs 227.3/M human; report-only)
pass 3: 0 operation(s) fired — converged
pass 4: 0 operation(s) fired — converged
  35 held:
    register.unpack        297..307  KEPT (nominalization: "annotation" has no licensed rewrite and the document is still above the human band (70.98 > 50.56 per 1000 words) — needs a human hand)
    register.unpack        363..373  KEPT (nominalization: "complexity" has no licensed rewrite and the document is still above the human band (70.98 > 50.56 per 1000 words) — needs a human hand)
    register.unpack        415..422  KEPT (nominalization: "elision" has no licensed rewrite and the document is still above the human band (70.98 > 50.56 per 1000 words) — needs a human hand)
    register.unpack        632..641  KEPT (nominalization: "reference" has no licensed rewrite and the document is still above the human band (70.98 > 50.56 per 1000 words) — needs a human hand)
    register.unpack        748..757  KEPT (nominalization: "soundness" has no licensed rewrite and the document is still above the human band (70.98 > 50.56 per 1000 words) — needs a human hand)
    register.unpack        785..794  KEPT (nominalization: "verbosity" has no licensed rewrite and the document is still above the human band (70.98 > 50.56 per 1000 words) — needs a human hand)
    register.unpack        854..862  KEPT (nominalization: "function" has no licensed rewrite and the document is still above the human band (70.98 > 50.56 per 1000 words) — needs a human hand)
    register.unpack        876..885  KEPT (nominalization: "reference" has no licensed rewrite and the document is still above the human band (70.98 > 50.56 per 1000 words) — needs a human hand)
    register.unpack        956..965  KEPT (nominalization: "reference" has no licensed rewrite and the document is still above the human band (70.98 > 50.56 per 1000 words) — needs a human hand)
    register.unpack        973..981  KEPT (nominalization: "argument" has no licensed rewrite and the document is still above the human band (70.98 > 50.56 per 1000 words) — needs a human hand)
    register.unpack        1081..1090  KEPT (nominalization: "reference" has no licensed rewrite and the document is still above the human band (70.98 > 50.56 per 1000 words) — needs a human hand)
    register.unpack        1389..1398  KEPT (nominalization: "reference" has no licensed rewrite and the document is still above the human band (70.98 > 50.56 per 1000 words) — needs a human hand)
    register.unpack        1498..1506  KEPT (nominalization: "function" has no licensed rewrite and the document is still above the human band (70.98 > 50.56 per 1000 words) — needs a human hand)
    register.unpack        1523..1532  KEPT (nominalization: "Reference" has no licensed rewrite and the document is still above the human band (70.98 > 50.56 per 1000 words) — needs a human hand)
    register.unpack        1556..1564  KEPT (nominalization: "function" has no licensed rewrite and the document is still above the human band (70.98 > 50.56 per 1000 words) — needs a human hand)
    register.unpack        1583..1592  KEPT (nominalization: "reference" has no licensed rewrite and the document is still above the human band (70.98 > 50.56 per 1000 words) — needs a human hand)
    register.unpack        1666..1675  KEPT (nominalization: "reference" has no licensed rewrite and the document is still above the human band (70.98 > 50.56 per 1000 words) — needs a human hand)
    register.unpack        2229..2238  KEPT (nominalization: "reference" has no licensed rewrite and the document is still above the human band (70.98 > 50.56 per 1000 words) — needs a human hand)
    register.unpack        2320..2328  KEPT (nominalization: "function" has no licensed rewrite and the document is still above the human band (70.98 > 50.56 per 1000 words) — needs a human hand)
    register.unpack        2356..2365  KEPT (nominalization: "reference" has no licensed rewrite and the document is still above the human band (70.98 > 50.56 per 1000 words) — needs a human hand)
    register.unpack        2412..2425  KEPT (nominalization: "non-reference" has no licensed rewrite and the document is still above the human band (70.98 > 50.56 per 1000 words) — needs a human hand)
    register.unpack        2480..2489  KEPT (nominalization: "reference" has no licensed rewrite and the document is still above the human band (70.98 > 50.56 per 1000 words) — needs a human hand)
    register.unpack        2527..2535  KEPT (nominalization: "argument" has no licensed rewrite and the document is still above the human band (70.98 > 50.56 per 1000 words) — needs a human hand)
    register.unpack        2579..2587  KEPT (nominalization: "function" has no licensed rewrite and the document is still above the human band (70.98 > 50.56 per 1000 words) — needs a human hand)
    register.unpack        2858..2867  KEPT (nominalization: "reference" has no licensed rewrite and the document is still above the human band (70.98 > 50.56 per 1000 words) — needs a human hand)
    register.unpack        2942..2951  KEPT (nominalization: "reference" has no licensed rewrite and the document is still above the human band (70.98 > 50.56 per 1000 words) — needs a human hand)
    register.unpack        3022..3029  KEPT (nominalization: "elision" has no licensed rewrite and the document is still above the human band (70.98 > 50.56 per 1000 words) — needs a human hand)
    register.unpack        3045..3052  KEPT (nominalization: "balance" has no licensed rewrite and the document is still above the human band (70.98 > 50.56 per 1000 words) — needs a human hand)
    register.unpack        3194..3203  KEPT (nominalization: "reference" has no licensed rewrite and the document is still above the human band (70.98 > 50.56 per 1000 words) — needs a human hand)
    register.unpack        3433..3442  KEPT (nominalization: "ambiguity" has no licensed rewrite and the document is still above the human band (70.98 > 50.56 per 1000 words) — needs a human hand)
    register.unpack        3670..3677  KEPT (nominalization: "elision" has no licensed rewrite and the document is still above the human band (70.98 > 50.56 per 1000 words) — needs a human hand)
    register.unpack        3753..3762  KEPT (nominalization: "reference" has no licensed rewrite and the document is still above the human band (70.98 > 50.56 per 1000 words) — needs a human hand)
    register.unpack        3857..3864  KEPT (nominalization: "clarity" has no licensed rewrite and the document is still above the human band (70.98 > 50.56 per 1000 words) — needs a human hand)
    register.unpack        3878..3888  KEPT (nominalization: "management" has no licensed rewrite and the document is still above the human band (70.98 > 50.56 per 1000 words) — needs a human hand)
    register.em_dash       127..130  KEPT (em_dash: this instance has no licensed rewrite and the document is still above the human band (2.09 > 0.00 per 1000 words) — needs a human hand)
