---
source: crates/friction-cli/tests/snapshot.rs
expression: stdout
---
pass 1: 1 operation(s) fired
  sub.apply                7459..7468  -> "uses"
pass 2: 0 operation(s) fired — converged
pass 3: 0 operation(s) fired — converged
  2 held:
    register.em_dash       2733..2743  KEPT (register held: matched inside quotation)
    register.em_dash       0..0  KEPT (em_dash: 3 instance(s) remain and the document is still above the human band (2.07 > 0.00 per 1000 words) — none has a licensed rewrite, so each needs a human hand)
