---
source: crates/friction-cli/tests/snapshot.rs
expression: stdout
---
pass 1: 3 operation(s) fired
  mod.feel-free-to::lit    2754..2780  -> "You can contribute to"
  ritual.delete            2961..3066  (deleted)
  ritual.delete            3170..3203  (deleted)
  3 held:
    lex.boast::lit         163..171  KEPT (frame lex.boast::lit held: left seam not attested)
    pilot.seamlessly       1147..1157  KEPT (frame pilot.seamlessly held: SkeletonNotAttested)
    vsub.navigate          2632..2643  KEPT (frame vsub.navigate held: slot opens with a preposition (untested construction))
  6 report-only observation(s) (--verbose to list)
pass 2: 0 operation(s) fired — converged
  3 held:
    lex.boast::lit         160..312  KEPT (frame lex.boast::lit held: left seam not attested)
    pilot.seamlessly       1123..1242  KEPT (frame pilot.seamlessly held: SkeletonNotAttested)
    vsub.navigate          2575..2643  KEPT (frame vsub.navigate held: slot opens with a preposition (untested construction))
  6 report-only observation(s) (--verbose to list)
pass 3: 0 operation(s) fired — converged
  2 held:
    restructure.participial_closer 648..656  KEPT (restructure held: the clause preceding the comma is not a complete clause on its own)
    restructure.participial_closer 1079..1088  KEPT (restructure held: the clause preceding the comma is not a complete clause on its own)
pass 4: 0 operation(s) fired — converged
