---
source: crates/friction-cli/tests/snapshot.rs
expression: stdout
---
{
  "metrics": [
    {
      "name": "sentence_length_mean",
      "value": 9.2,
      "lo": 3.4918032786885247,
      "hi": 22.612244897959183,
      "in_envelope": true
    },
    {
      "name": "sentence_length_stddev",
      "value": 7.891962805479819,
      "lo": 3.4227587963188086,
      "hi": 13.411800359716398,
      "in_envelope": true
    },
    {
      "name": "sentence_length_cv",
      "value": 0.8578220440738935,
      "lo": 0.49754649007902846,
      "hi": 1.3591689344136941,
      "in_envelope": true
    },
    {
      "name": "discourse_marker_density",
      "value": 0.0,
      "lo": 0.0,
      "hi": 4.237288135593221,
      "in_envelope": true
    },
    {
      "name": "triad_rate",
      "value": 0.06153846153846154,
      "lo": 0.0,
      "hi": 0.08695652173913043,
      "in_envelope": true
    },
    {
      "name": "contraction_ratio",
      "value": 0.0,
      "lo": 0.0,
      "hi": 1.0,
      "in_envelope": true
    },
    {
      "name": "bullet_parallelism",
      "value": 0.7857142857142857,
      "lo": 0.0,
      "hi": 1.0,
      "in_envelope": true
    },
    {
      "name": "paragraph_shape_mean",
      "value": 1.25,
      "lo": 1.0357142857142858,
      "hi": 3.5384615384615383,
      "in_envelope": true
    },
    {
      "name": "paragraph_shape_cv",
      "value": 0.41137667560372115,
      "lo": 0.179177669748504,
      "hi": 0.7953949089757174,
      "in_envelope": true
    },
    {
      "name": "em_dash_density",
      "value": 0.0,
      "lo": 0.0,
      "hi": 4.244482173174872,
      "in_envelope": true
    },
    {
      "name": "semicolon_density",
      "value": 1.6722408026755853,
      "lo": 0.0,
      "hi": 3.9682539682539684,
      "in_envelope": true
    },
    {
      "name": "participial_closer_rate",
      "value": 0.03076923076923077,
      "lo": 0.0,
      "hi": 0.03125,
      "in_envelope": true
    },
    {
      "name": "not_just_but_rate",
      "value": 0.0,
      "lo": 0.0,
      "hi": 0.009259259259259259,
      "in_envelope": true
    },
    {
      "name": "ritual_marker_rate",
      "value": 0.0,
      "lo": 0.0,
      "hi": 0.0,
      "in_envelope": true
    },
    {
      "name": "llm_favored_phrase_rate",
      "value": 32.25806451612903,
      "lo": 0.0,
      "hi": 21.634615384615383,
      "in_envelope": false
    },
    {
      "name": "human_favored_phrase_rate",
      "value": 8.488964346349745,
      "lo": 8.59106529209622,
      "hi": 48.821548821548824,
      "in_envelope": false
    },
    {
      "name": "heading_density",
      "value": 18.67572156196944,
      "lo": 0.0,
      "hi": 43.04635761589404,
      "in_envelope": true
    },
    {
      "name": "list_item_density",
      "value": 22.07130730050934,
      "lo": 0.0,
      "hi": 98.26589595375722,
      "in_envelope": true
    },
    {
      "name": "bold_span_density",
      "value": 13.582342954159593,
      "lo": 0.0,
      "hi": 14.705882352941176,
      "in_envelope": true
    },
    {
      "name": "sentence_opener_repeat_rate",
      "value": 0.0,
      "lo": 0.0,
      "hi": 0.13793103448275862,
      "in_envelope": true
    },
    {
      "name": "top_opener_concentration",
      "value": 0.11666666666666667,
      "lo": 0.04424778761061947,
      "hi": 0.2153846153846154,
      "in_envelope": true
    }
  ],
  "spans": [
    {
      "channel": "dms",
      "frame_id": "dms.machine",
      "start": 33,
      "end": 479,
      "line": 5,
      "column": 1,
      "score": 2311
    },
    {
      "channel": "literal",
      "frame_id": "sub.leverage_3sg",
      "start": 119,
      "end": 128,
      "line": 5,
      "column": 87,
      "score": null
    },
    {
      "channel": "dms",
      "frame_id": "dms.machine",
      "start": 503,
      "end": 576,
      "line": 9,
      "column": 1,
      "score": 63
    },
    {
      "channel": "literal",
      "frame_id": "sub.utilize_base",
      "start": 506,
      "end": 513,
      "line": 9,
      "column": 4,
      "score": null
    },
    {
      "channel": "dms",
      "frame_id": "dms.machine",
      "start": 594,
      "end": 783,
      "line": 11,
      "column": 17,
      "score": 433
    },
    {
      "channel": "dms",
      "frame_id": "dms.machine",
      "start": 838,
      "end": 904,
      "line": 11,
      "column": 261,
      "score": 58
    },
    {
      "channel": "dms",
      "frame_id": "dms.machine",
      "start": 921,
      "end": 1151,
      "line": 13,
      "column": 16,
      "score": 879
    },
    {
      "channel": "dms",
      "frame_id": "dms.machine",
      "start": 1171,
      "end": 1227,
      "line": 17,
      "column": 1,
      "score": 40
    },
    {
      "channel": "dms",
      "frame_id": "dms.machine",
      "start": 1254,
      "end": 1473,
      "line": 23,
      "column": 1,
      "score": 645
    },
    {
      "channel": "dms",
      "frame_id": "dms.machine",
      "start": 1500,
      "end": 1577,
      "line": 27,
      "column": 1,
      "score": 66
    },
    {
      "channel": "dms",
      "frame_id": "dms.machine",
      "start": 1604,
      "end": 1646,
      "line": 33,
      "column": 1,
      "score": 22
    },
    {
      "channel": "dms",
      "frame_id": "dms.machine",
      "start": 1670,
      "end": 1880,
      "line": 33,
      "column": 67,
      "score": 638
    },
    {
      "channel": "dms",
      "frame_id": "dms.machine",
      "start": 1907,
      "end": 1958,
      "line": 37,
      "column": 1,
      "score": 24
    },
    {
      "channel": "dms",
      "frame_id": "dms.machine",
      "start": 1965,
      "end": 2013,
      "line": 39,
      "column": 6,
      "score": 15
    },
    {
      "channel": "dms",
      "frame_id": "dms.machine",
      "start": 2029,
      "end": 2065,
      "line": 39,
      "column": 70,
      "score": 21
    },
    {
      "channel": "dms",
      "frame_id": "dms.machine",
      "start": 2076,
      "end": 2239,
      "line": 39,
      "column": 117,
      "score": 384
    },
    {
      "channel": "dms",
      "frame_id": "dms.machine",
      "start": 2246,
      "end": 2332,
      "line": 41,
      "column": 6,
      "score": 67
    },
    {
      "channel": "dms",
      "frame_id": "dms.machine",
      "start": 2347,
      "end": 2400,
      "line": 41,
      "column": 107,
      "score": 26
    },
    {
      "channel": "dms",
      "frame_id": "dms.machine",
      "start": 2527,
      "end": 2654,
      "line": 52,
      "column": 1,
      "score": 133
    },
    {
      "channel": "dms",
      "frame_id": "dms.machine",
      "start": 2661,
      "end": 2831,
      "line": 54,
      "column": 6,
      "score": 355
    },
    {
      "channel": "dms",
      "frame_id": "dms.machine",
      "start": 2838,
      "end": 2955,
      "line": 56,
      "column": 6,
      "score": 174
    },
    {
      "channel": "literal",
      "frame_id": "span.simply",
      "start": 2943,
      "end": 2949,
      "line": 56,
      "column": 111,
      "score": null
    },
    {
      "channel": "dms",
      "frame_id": "dms.machine",
      "start": 2966,
      "end": 3025,
      "line": 56,
      "column": 134,
      "score": 49
    },
    {
      "channel": "dms",
      "frame_id": "dms.machine",
      "start": 3241,
      "end": 3319,
      "line": 70,
      "column": 42,
      "score": 81
    },
    {
      "channel": "dms",
      "frame_id": "dms.machine",
      "start": 3589,
      "end": 3695,
      "line": 82,
      "column": 19,
      "score": 222
    },
    {
      "channel": "dms",
      "frame_id": "dms.machine",
      "start": 3765,
      "end": 3936,
      "line": 84,
      "column": 69,
      "score": 341
    },
    {
      "channel": "dms",
      "frame_id": "dms.machine",
      "start": 3962,
      "end": 4045,
      "line": 86,
      "column": 25,
      "score": 78
    },
    {
      "channel": "dms",
      "frame_id": "dms.machine",
      "start": 4059,
      "end": 4175,
      "line": 86,
      "column": 122,
      "score": 150
    },
    {
      "channel": "dms",
      "frame_id": "dms.machine",
      "start": 4202,
      "end": 4247,
      "line": 90,
      "column": 6,
      "score": 20
    },
    {
      "channel": "dms",
      "frame_id": "dms.machine",
      "start": 4297,
      "end": 4350,
      "line": 96,
      "column": 6,
      "score": 33
    },
    {
      "channel": "dms",
      "frame_id": "dms.machine",
      "start": 4376,
      "end": 4430,
      "line": 102,
      "column": 1,
      "score": 13
    },
    {
      "channel": "dms",
      "frame_id": "dms.machine",
      "start": 4510,
      "end": 4587,
      "line": 104,
      "column": 6,
      "score": 60
    },
    {
      "channel": "dms",
      "frame_id": "dms.machine",
      "start": 4597,
      "end": 4662,
      "line": 104,
      "column": 93,
      "score": 59
    },
    {
      "channel": "dms",
      "frame_id": "dms.machine",
      "start": 4781,
      "end": 5002,
      "line": 116,
      "column": 1,
      "score": 417
    },
    {
      "channel": "dms",
      "frame_id": "dms.machine",
      "start": 5016,
      "end": 5219,
      "line": 116,
      "column": 236,
      "score": 480
    }
  ],
  "tell_counts": {
    "dms": 32,
    "span": 1,
    "sub": 2
  },
  "dms": {
    "mean_machine": 14.522205206738132,
    "mean_human": 1.551301684532925,
    "differential": 12.970903522205207,
    "token_count": 653
  }
}
