---
source: crates/friction-cli/tests/snapshot.rs
expression: stdout
---
pass 1: 1 operation(s) fired
  sub.apply                5263..5271  -> "Use"
  1 held:
    span.delete            3946..4100  KEPT (deletion span.simply held: SeamNotAttested)
pass 2: 0 operation(s) fired — converged
  1 held:
    span.delete            3946..4100  KEPT (deletion span.simply held: SeamNotAttested)
pass 3: 0 operation(s) fired — converged
