---
source: crates/friction-cli/tests/snapshot.rs
expression: stdout
---
METRIC                         VALUE  BAND                STATUS
sentence_length_mean          8.7619  [5.0796, 11.3699]   in    
sentence_length_stddev        7.6152  [4.8412, 9.5356]    in    
sentence_length_cv            0.8691  [0.6938, 1.1063]    in    
discourse_marker_density      0.0000  [0.0000, 3.0769]    in    
triad_rate                    0.0952  [0.0000, 0.0303]    OUT   
contraction_ratio             0.6667  [0.0000, 0.6667]    in    
bullet_parallelism            0.0000  [0.0000, 1.0000]    in    
paragraph_shape_mean          1.2000  [1.0970, 1.5094]    in    
paragraph_shape_cv            0.3333  [0.2883, 0.7260]    in    
em_dash_density               0.0000  [0.0000, 0.0000]    in    
semicolon_density             0.0000  [0.0000, 3.5336]    in    
participial_closer_rate       0.0000  [0.0000, 0.0185]    in    
not_just_but_rate             0.0000  [0.0000, 0.0000]    in    
ritual_marker_rate            0.0000  [0.0000, 0.0000]    in    
llm_favored_phrase_rate       8.1967  [0.0000, 17.8971]   in    
human_favored_phrase_rate    21.8579  [12.5992, 43.8909]  in    
heading_density               8.1967  [2.3095, 14.9813]   in    
list_item_density             0.0000  [0.0000, 31.6249]   in    
bold_span_density             8.1967  [0.0000, 14.1767]   in    
sentence_opener_repeat_rate   0.0000  [0.0000, 0.0656]    in    
top_opener_concentration      0.1000  [0.0545, 0.1613]    in    

dms: mean_machine=1.6291  mean_human=13.3534  differential=-11.7243  tokens=399

tell counts (0 span(s) total):
