---
source: crates/friction-cli/tests/snapshot.rs
expression: stdout
---
pass 1: 0 operation(s) fired — converged
  6 held:
    phg.in-practice        85..96  KEPT (frame phg.in-practice: measured 44.0/M machine vs 39.9/M human; report-only)
    phg.in-theory          115..124  KEPT (frame phg.in-theory: measured 2.9/M machine vs 1.5/M human; report-only)
    adv.truly::certainly   308..326  KEPT (frame adv.truly::certainly: measured 363.9/M machine vs 70.6/M human; report-only)
    phg.at-least           328..336  KEPT (frame phg.at-least: measured 249.4/M machine vs 145.9/M human; report-only)
    phg.see-below          377..386  KEPT (frame phg.see-below: measured 49.9/M machine vs 47.6/M human; report-only)
    intg.particularly      1713..1725  KEPT (frame intg.particularly: measured 176.1/M machine vs 64.5/M human; report-only)
pass 2: 1 operation(s) fired
  register.past_progressive 2445..2457  -> "stood"
