---
source: crates/friction-cli/tests/snapshot.rs
expression: stdout
---
pass 1: 4 operation(s) fired
  sub.apply                287..297  -> "matters"
  sub.apply                1467..1478  -> "important for"
  pivot.lvc                5952..5969  -> "deciding"
  col.excellent-x::choice  6001..6018  -> "good choices"
  44 report-only observation(s) (--verbose to list)
pass 2: 1 operation(s) fired
  adv.ultimately-opener::lit 5862..5959  -> "The key takeaway is to carefully assess your application requirements before deciding"
  44 report-only observation(s) (--verbose to list)
pass 3: 2 operation(s) fired
  restructure.participial_closer 1602..1610  -> ". That makes"
  restructure.participial_closer 4573..4581  -> ". That makes"
  1 held:
    restructure.participial_closer 4098..4106  KEPT (restructure held: first resulting sentence's skeleton is not attested)
pass 4: 0 operation(s) fired — converged
  61 held:
    register.unpack        99..106  KEPT (nominalization: "venture" has no licensed rewrite and the document is still above the human band (73.08 > 50.56 per 1000 words) — needs a human hand)
    register.unpack        355..363  KEPT (nominalization: "business" has no licensed rewrite and the document is still above the human band (73.08 > 50.56 per 1000 words) — needs a human hand)
    register.unpack        487..495  KEPT (nominalization: "decision" has no licensed rewrite and the document is still above the human band (73.08 > 50.56 per 1000 words) — needs a human hand (its verb is "decide"))
    register.unpack        556..567  KEPT (nominalization: "application" has no licensed rewrite and the document is still above the human band (73.08 > 50.56 per 1000 words) — needs a human hand)
    register.unpack        594..604  KEPT (nominalization: "management" has no licensed rewrite and the document is still above the human band (73.08 > 50.56 per 1000 words) — needs a human hand)
    register.unpack        776..789  KEPT (nominalization: "consideration" has no licensed rewrite and the document is still above the human band (73.08 > 50.56 per 1000 words) — needs a human hand)
    register.unpack        945..956  KEPT (nominalization: "Scalability" has no licensed rewrite and the document is still above the human band (73.08 > 50.56 per 1000 words) — needs a human hand)
    register.unpack        1110..1121  KEPT (nominalization: "replication" has no licensed rewrite and the document is still above the human band (73.08 > 50.56 per 1000 words) — needs a human hand)
    register.unpack        1556..1566  KEPT (nominalization: "Simplicity" has no licensed rewrite and the document is still above the human band (73.08 > 50.56 per 1000 words) — needs a human hand)
    register.unpack        1590..1602  KEPT (nominalization: "architecture" has no licensed rewrite and the document is still above the human band (73.08 > 50.56 per 1000 words) — needs a human hand)
    register.unpack        1697..1709  KEPT (nominalization: "intervention" has no licensed rewrite and the document is still above the human band (73.08 > 50.56 per 1000 words) — needs a human hand)
    register.unpack        1732..1741  KEPT (nominalization: "Community" has no licensed rewrite and the document is still above the human band (73.08 > 50.56 per 1000 words) — needs a human hand)
    register.unpack        1781..1790  KEPT (nominalization: "community" has no licensed rewrite and the document is still above the human band (73.08 > 50.56 per 1000 words) — needs a human hand)
    register.unpack        1805..1818  KEPT (nominalization: "documentation" has no licensed rewrite and the document is still above the human band (73.08 > 50.56 per 1000 words) — needs a human hand)
    register.unpack        1902..1909  KEPT (nominalization: "ability" has no licensed rewrite and the document is still above the human band (73.08 > 50.56 per 1000 words) — needs a human hand)
    register.unpack        2075..2086  KEPT (nominalization: "flexibility" has no licensed rewrite and the document is still above the human band (73.08 > 50.56 per 1000 words) — needs a human hand)
    register.unpack        2175..2184  KEPT (nominalization: "integrity" has no licensed rewrite and the document is still above the human band (73.08 > 50.56 per 1000 words) — needs a human hand)
    register.unpack        2205..2216  KEPT (nominalization: "application" has no licensed rewrite and the document is still above the human band (73.08 > 50.56 per 1000 words) — needs a human hand)
    register.unpack        2253..2264  KEPT (nominalization: "information" has no licensed rewrite and the document is still above the human band (73.08 > 50.56 per 1000 words) — needs a human hand)
    register.unpack        2277..2285  KEPT (nominalization: "business" has no licensed rewrite and the document is still above the human band (73.08 > 50.56 per 1000 words) — needs a human hand)
    register.unpack        2529..2542  KEPT (nominalization: "transactional" has no licensed rewrite and the document is still above the human band (73.08 > 50.56 per 1000 words) — needs a human hand)
    register.unpack        2588..2601  KEPT (nominalization: "multi-version" has no licensed rewrite and the document is still above the human band (73.08 > 50.56 per 1000 words) — needs a human hand)
    register.unpack        2602..2613  KEPT (nominalization: "concurrency" has no licensed rewrite and the document is still above the human band (73.08 > 50.56 per 1000 words) — needs a human hand)
    register.unpack        2657..2668  KEPT (nominalization: "consistency" has no licensed rewrite and the document is still above the human band (73.08 > 50.56 per 1000 words) — needs a human hand)
    register.unpack        2765..2775  KEPT (nominalization: "compliance" has no licensed rewrite and the document is still above the human band (73.08 > 50.56 per 1000 words) — needs a human hand)
    register.unpack        2781..2795  KEPT (nominalization: "implementation" has no licensed rewrite and the document is still above the human band (73.08 > 50.56 per 1000 words) — needs a human hand (its verb is "implement"))
    register.unpack        2894..2905  KEPT (nominalization: "Replication" has no licensed rewrite and the document is still above the human band (73.08 > 50.56 per 1000 words) — needs a human hand)
    register.unpack        2940..2951  KEPT (nominalization: "replication" has no licensed rewrite and the document is still above the human band (73.08 > 50.56 per 1000 words) — needs a human hand)
    register.unpack        2982..2995  KEPT (nominalization: "configuration" has no licensed rewrite and the document is still above the human band (73.08 > 50.56 per 1000 words) — needs a human hand (its verb is "configure"))
    register.unpack        3000..3010  KEPT (nominalization: "management" has no licensed rewrite and the document is still above the human band (73.08 > 50.56 per 1000 words) — needs a human hand)
    register.unpack        3021..3032  KEPT (nominalization: "reliability" has no licensed rewrite and the document is still above the human band (73.08 > 50.56 per 1000 words) — needs a human hand)
    register.unpack        3076..3085  KEPT (nominalization: "integrity" has no licensed rewrite and the document is still above the human band (73.08 > 50.56 per 1000 words) — needs a human hand)
    register.unpack        3107..3116  KEPT (nominalization: "adherence" has no licensed rewrite and the document is still above the human band (73.08 > 50.56 per 1000 words) — needs a human hand)
    register.unpack        3202..3210  KEPT (nominalization: "decision" has no licensed rewrite and the document is still above the human band (73.08 > 50.56 per 1000 words) — needs a human hand (its verb is "decide"))
    register.unpack        3231..3242  KEPT (nominalization: "Performance" has no licensed rewrite and the document is still above the human band (73.08 > 50.56 per 1000 words) — needs a human hand)
    register.unpack        3341..3352  KEPT (nominalization: "performance" has no licensed rewrite and the document is still above the human band (73.08 > 50.56 per 1000 words) — needs a human hand)
    register.unpack        3611..3626  KEPT (nominalization: "Customizability" has no licensed rewrite and the document is still above the human band (73.08 > 50.56 per 1000 words) — needs a human hand)
    register.unpack        3634..3641  KEPT (nominalization: "ability" has no licensed rewrite and the document is still above the human band (73.08 > 50.56 per 1000 words) — needs a human hand)
    register.unpack        3721..3733  KEPT (nominalization: "manipulation" has no licensed rewrite and the document is still above the human band (73.08 > 50.56 per 1000 words) — needs a human hand)
    register.unpack        3780..3791  KEPT (nominalization: "performance" has no licensed rewrite and the document is still above the human band (73.08 > 50.56 per 1000 words) — needs a human hand)
    register.unpack        3908..3920  KEPT (nominalization: "architecture" has no licensed rewrite and the document is still above the human band (73.08 > 50.56 per 1000 words) — needs a human hand)
    register.unpack        3961..3970  KEPT (nominalization: "Community" has no licensed rewrite and the document is still above the human band (73.08 > 50.56 per 1000 words) — needs a human hand)
    register.unpack        3971..3982  KEPT (nominalization: "Performance" has no licensed rewrite and the document is still above the human band (73.08 > 50.56 per 1000 words) — needs a human hand)
    register.unpack        4003..4012  KEPT (nominalization: "community" has no licensed rewrite and the document is still above the human band (73.08 > 50.56 per 1000 words) — needs a human hand)
    register.unpack        4044..4056  KEPT (nominalization: "optimization" has no licensed rewrite and the document is still above the human band (73.08 > 50.56 per 1000 words) — needs a human hand (its verb is "optimize"))
    register.unpack        4144..4155  KEPT (nominalization: "application" has no licensed rewrite and the document is still above the human band (73.08 > 50.56 per 1000 words) — needs a human hand)
    register.unpack        4240..4252  KEPT (nominalization: "optimization" has no licensed rewrite and the document is still above the human band (73.08 > 50.56 per 1000 words) — needs a human hand (its verb is "optimize"))
    register.unpack        4257..4272  KEPT (nominalization: "customizability" has no licensed rewrite and the document is still above the human band (73.08 > 50.56 per 1000 words) — needs a human hand)
    register.unpack        4359..4370  KEPT (nominalization: "performance" has no licensed rewrite and the document is still above the human band (73.08 > 50.56 per 1000 words) — needs a human hand)
    register.unpack        4527..4534  KEPT (nominalization: "venture" has no licensed rewrite and the document is still above the human band (73.08 > 50.56 per 1000 words) — needs a human hand)
    register.unpack        4847..4857  KEPT (nominalization: "production" has no licensed rewrite and the document is still above the human band (73.08 > 50.56 per 1000 words) — needs a human hand)
    register.unpack        5097..5106  KEPT (nominalization: "community" has no licensed rewrite and the document is still above the human band (73.08 > 50.56 per 1000 words) — needs a human hand)
    register.unpack        5107..5114  KEPT (nominalization: "edition" has no licensed rewrite and the document is still above the human band (73.08 > 50.56 per 1000 words) — needs a human hand)
    register.unpack        5417..5425  KEPT (nominalization: "business" has no licensed rewrite and the document is still above the human band (73.08 > 50.56 per 1000 words) — needs a human hand)
    register.unpack        5582..5592  KEPT (nominalization: "production" has no licensed rewrite and the document is still above the human band (73.08 > 50.56 per 1000 words) — needs a human hand)
    register.unpack        5607..5618  KEPT (nominalization: "combination" has no licensed rewrite and the document is still above the human band (73.08 > 50.56 per 1000 words) — needs a human hand)
    register.unpack        5653..5662  KEPT (nominalization: "integrity" has no licensed rewrite and the document is still above the human band (73.08 > 50.56 per 1000 words) — needs a human hand)
    register.unpack        5673..5684  KEPT (nominalization: "performance" has no licensed rewrite and the document is still above the human band (73.08 > 50.56 per 1000 words) — needs a human hand)
    register.unpack        5804..5812  KEPT (nominalization: "decision" has no licensed rewrite and the document is still above the human band (73.08 > 50.56 per 1000 words) — needs a human hand (its verb is "decide"))
    register.unpack        5915..5926  KEPT (nominalization: "application" has no licensed rewrite and the document is still above the human band (73.08 > 50.56 per 1000 words) — needs a human hand)
    register.past_progressive 3176..3186  KEPT (past_progressive: this instance has no licensed rewrite and the document is still above the human band (1.22 > 0.00 per 1000 words) — needs a human hand)
