---
source: crates/friction-cli/tests/snapshot.rs
expression: stdout
---
pass 1: 2 operation(s) fired
  sub.apply                1980..1988  -> "uses"
  vsub.leverage            5445..5467  -> "Using information"
  2 held:
    span.delete            1828..1935  KEPT (deletion span.this_ensures recorded: diagnostic-only, no safe rewrite)
    lvc.make-a-request     3885..3900  KEPT (frame lvc.make-a-request held: derived verb before a preposition (untested complement))
  22 report-only observation(s) (--verbose to list)
pass 2: 0 operation(s) fired — converged
  2 held:
    span.delete            1828..1935  KEPT (deletion span.this_ensures recorded: diagnostic-only, no safe rewrite)
    lvc.make-a-request     3864..3964  KEPT (frame lvc.make-a-request held: derived verb before a preposition (untested complement))
  19 report-only observation(s) (--verbose to list)
pass 3: 1 operation(s) fired
  restructure.participial_closer 628..641  -> ". That recognizes"
  1 held:
    restructure.participial_closer 5705..5713  KEPT (restructure held: first resulting sentence's skeleton is not attested)
pass 4: 0 operation(s) fired — converged
