---
source: crates/friction-cli/tests/snapshot.rs
expression: stdout
---
METRIC                         VALUE  BAND                STATUS
sentence_length_mean         14.1493  [7.2222, 22.6122]   in    
sentence_length_stddev        7.9556  [6.7106, 12.6994]   in    
sentence_length_cv            0.5623  [0.4975, 1.1375]    in    
discourse_marker_density      3.2120  [0.0000, 2.8618]    OUT   
triad_rate                    0.0299  [0.0000, 0.0870]    in    
contraction_ratio             1.0000  [0.0000, 0.7308]    OUT   
bullet_parallelism            0.7500  [0.0000, 1.0000]    in    
paragraph_shape_mean          1.9706  [1.1641, 3.5385]    in    
paragraph_shape_cv            0.6090  [0.3858, 0.7954]    in    
em_dash_density               0.0000  [0.0000, 4.2445]    in    
semicolon_density             0.0000  [0.0000, 3.4200]    in    
participial_closer_rate       0.0597  [0.0000, 0.0231]    OUT   
not_just_but_rate             0.0000  [0.0000, 0.0093]    in    
ritual_marker_rate            0.0294  [0.0000, 0.0000]    OUT   
llm_favored_phrase_rate      35.3319  [0.9225, 19.3120]   OUT   
human_favored_phrase_rate     4.2827  [11.1492, 39.2610]  OUT   
heading_density               1.0707  [0.6072, 10.3668]   in    
list_item_density             4.2827  [0.0000, 16.8244]   in    
bold_span_density            10.7066  [0.0000, 10.6682]   OUT   
sentence_opener_repeat_rate   0.0303  [0.0067, 0.1343]    in    
top_opener_concentration      0.2031  [0.0588, 0.2154]    in    
lexical.substitution

  ⚠ "initial" reads as machine-favored register (mined llm-favored (MINING.md); first is the plain equivalent); "first" is a plain near-synonym
   ╭─[corpus/llm/blog/19f12335d308d0e0.md:3:441]
 2 │ 
 3 │ Debugging performance issues in production can feel like chasing ghosts. You’ve got alerts, metrics, and logs, but pinpointing the *why* behind the slowdown is often a frustrating, iterative process. I recently experienced this firsthand with a seemingly innocuous memory leak plaguing one of our long-running Node.js worker processes – a process that was handling a significant chunk of our real-time data processing. The journey from initial alerts to identifying the root cause felt like navigating a complex maze, and it highlighted some crucial lessons about monitoring, debugging, and event listener management.
   ·                                                                                                                                                                                                                                                                                                                                                                                                                                                     ───┬───
   ·                                                                                                                                                                                                                                                                                                                                                                                                                                                        ╰── "initial" reads as machine-favored register (mined llm-favored (MINING.md); first is the plain equivalent); "first" is a plain near-synonym
 4 │ 
   ╰────

lexical.substitution

  ⚠ "crucial" reads as machine-favored register (mined llm-favored (MINING.md, z=6.47); key keeps the emphasis, drops the register); "key" is a plain near-synonym
   ╭─[corpus/llm/blog/19f12335d308d0e0.md:3:547]
 2 │ 
 3 │ Debugging performance issues in production can feel like chasing ghosts. You’ve got alerts, metrics, and logs, but pinpointing the *why* behind the slowdown is often a frustrating, iterative process. I recently experienced this firsthand with a seemingly innocuous memory leak plaguing one of our long-running Node.js worker processes – a process that was handling a significant chunk of our real-time data processing. The journey from initial alerts to identifying the root cause felt like navigating a complex maze, and it highlighted some crucial lessons about monitoring, debugging, and event listener management.
   ·                                                                                                                                                                                                                                                                                                                                                                                                                                                                                                                                                               ───┬───
   ·                                                                                                                                                                                                                                                                                                                                                                                                                                                                                                                                                                  ╰── "crucial" reads as machine-favored register (mined llm-favored (MINING.md, z=6.47); key keeps the emphasis, drops the register); "key" is a plain near-synonym
 4 │ 
   ╰────

symmetry.participial_closer

  × sentence-final participial closer reads as an LLM tic, but it has no clear object to promote; deleting it cannot be verified to preserve the sentence's claim, so this needs a human decision
    ╭─[corpus/llm/blog/19f12335d308d0e0.md:11:364]
 10 │ 
 11 │ The Grafana dashboard highlighted the key metric: `process.memoryUsage()`. The ‘used’ column was steadily increasing, particularly the ‘heapUsed’ value. This immediately suggested a memory leak – something was accumulating within the process without being released. We set up an alert to trigger when `heapUsed` exceeded 75% of the worker's total memory, hoping to catch it early.
    ·                                                                                                                                                                                                                                                                                                                                                                  ─────────────┬────────────
    ·                                                                                                                                                                                                                                                                                                                                                                               ╰── sentence-final participial closer reads as an LLM tic, but it has no clear object to promote; deleting it cannot be verified to preserve the sentence's claim, so this needs a human decision
 12 │ 
    ╰────

symmetry.participial_closer

  × sentence-final participial closer reads as an LLM tic, but it has no clear object to promote; deleting it cannot be verified to preserve the sentence's claim, so this needs a human decision
    ╭─[corpus/llm/blog/19f12335d308d0e0.md:15:213]
 14 │ 
 15 │ Armed with this alert, we started digging into the logs generated by DataProcessor-1. The logs were verbose, as they should be, but there wasn’t anything immediately obvious. We filtered for errors and warnings, hoping to find a clue – perhaps a crash or an unexpected exception that might explain the memory growth. Nothing stood out. 
    ·                                                                                                                                                                                                                   ────────────────────────────────────────────────────┬────────────────────────────────────────────────────
    ·                                                                                                                                                                                                                                                                       ╰── sentence-final participial closer reads as an LLM tic, but it has no clear object to promote; deleting it cannot be verified to preserve the sentence's claim, so this needs a human decision
 16 │ 
    ╰────

lexical.substitution

  ⚠ "initial" reads as machine-favored register (mined llm-favored (MINING.md); first is the plain equivalent); "first" is a plain near-synonym
    ╭─[corpus/llm/blog/19f12335d308d0e0.md:17:5]
 16 │ 
 17 │ Our initial hypotheses ranged from database connection issues (we weren't seeing any errors related to our database connections) to inefficient data processing logic. We considered profiling the code using tools like `node --inspect` and Chrome DevTools, but this felt premature – we needed more concrete evidence before investing significant time in detailed performance analysis.
    ·     ───┬───
    ·        ╰── "initial" reads as machine-favored register (mined llm-favored (MINING.md); first is the plain equivalent); "first" is a plain near-synonym
 18 │ 
    ╰────

lexical.substitution

  ⚠ "utilized" reads as machine-favored register (canonical LLM-register tell for use); "use" is a plain near-synonym
    ╭─[corpus/llm/blog/19f12335d308d0e0.md:21:46]
 20 │ 
 21 │ We decided to take a different approach.  We utilized a heap snapshotting tool called `heapdump-psml`. This tool allows us to capture snapshots of the Node.js process’s memory allocation at specific intervals, providing a detailed breakdown of what was consuming the most memory. 
    ·                                              ────┬───
    ·                                                  ╰── "utilized" reads as machine-favored register (canonical LLM-register tell for use); "use" is a plain near-synonym
 22 │ 
    ╰────

lexical.substitution

  × "specific" reads as machine-favored register (mined llm-favored (MINING.md); particular is a plainer near-synonym); "particular" is a plain near-synonym
    ╭─[corpus/llm/blog/19f12335d308d0e0.md:21:193]
 20 │ 
 21 │ We decided to take a different approach.  We utilized a heap snapshotting tool called `heapdump-psml`. This tool allows us to capture snapshots of the Node.js process’s memory allocation at specific intervals, providing a detailed breakdown of what was consuming the most memory. 
    ·                                                                                                                                                                                               ────┬───
    ·                                                                                                                                                                                                   ╰── "specific" reads as machine-favored register (mined llm-favored (MINING.md); particular is a plainer near-synonym); "particular" is a plain near-synonym
 22 │ 
    ╰────

symmetry.participial_closer

  ⚠ sentence-final participial closer reads as an LLM tic; promoting it to its own sentence preserves the claim
    ╭─[corpus/llm/blog/19f12335d308d0e0.md:21:211]
 20 │ 
 21 │ We decided to take a different approach.  We utilized a heap snapshotting tool called `heapdump-psml`. This tool allows us to capture snapshots of the Node.js process’s memory allocation at specific intervals, providing a detailed breakdown of what was consuming the most memory. 
    ·                                                                                                                                                                                                                 ───────────────────────────────────┬──────────────────────────────────
    ·                                                                                                                                                                                                                                                    ╰── sentence-final participial closer reads as an LLM tic; promoting it to its own sentence preserves the claim
 22 │ 
    ╰────

lexical.substitution

  × "specific" reads as machine-favored register (mined llm-favored (MINING.md); particular is a plainer near-synonym); "particular" is a plain near-synonym
    ╭─[corpus/llm/blog/19f12335d308d0e0.md:27:76]
 26 │ 
 27 │ This was a critical turning point. The heap snapshots pointed us towards a specific event listener within the worker that was responsible for consuming these messages from the queue. This listener was designed to handle incoming data and push it through our processing pipeline.  However, we’d implemented a simplified error handling mechanism – a basic `try...catch` block – but *never* removed the listener after each processed message.
    ·                                                                            ────┬───
    ·                                                                                ╰── "specific" reads as machine-favored register (mined llm-favored (MINING.md); particular is a plainer near-synonym); "particular" is a plain near-synonym
 28 │ 
    ╰────

lexical.substitution

  ⚠ "incredibly" reads as machine-favored register (mined llm-favored (MINING.md); very is the plain intensifier); "very" is a plain near-synonym
    ╭─[corpus/llm/blog/19f12335d308d0e0.md:33:46]
 32 │ 
 33 │ The solution was surprisingly simple – yet incredibly common. We implemented a robust cleanup mechanism within the event listener that ensured all associated objects were released from the heap after each processed message. This involved explicitly calling `delete` on the message object and potentially triggering garbage collection to help clear out unused memory. 
    ·                                            ─────┬────
    ·                                                 ╰── "incredibly" reads as machine-favored register (mined llm-favored (MINING.md); very is the plain intensifier); "very" is a plain near-synonym
 34 │ 
    ╰────

lexical.substitution

  ⚠ "robust" reads as machine-favored register (mined llm-favored (MINING.md, z=6.29); solid is the plain equivalent); "solid" is a plain near-synonym
    ╭─[corpus/llm/blog/19f12335d308d0e0.md:33:82]
 32 │ 
 33 │ The solution was surprisingly simple – yet incredibly common. We implemented a robust cleanup mechanism within the event listener that ensured all associated objects were released from the heap after each processed message. This involved explicitly calling `delete` on the message object and potentially triggering garbage collection to help clear out unused memory. 
    ·                                                                                ───┬──
    ·                                                                                   ╰── "robust" reads as machine-favored register (mined llm-favored (MINING.md, z=6.29); solid is the plain equivalent); "solid" is a plain near-synonym
 34 │ 
    ╰────

symmetry.participial_closer

  ⚠ sentence-final participial closer reads as an LLM tic; promoting it to its own sentence preserves the claim
    ╭─[corpus/llm/blog/19f12335d308d0e0.md:35:49]
 34 │ 
 35 │ We also added logging around the cleanup process, allowing us to verify that it was functioning correctly.  After deploying this change, we monitored the worker's memory usage closely. The increase vanished, and the memory consumption returned to its normal baseline.
    ·                                                 ────────────────────────────┬────────────────────────────
    ·                                                                             ╰── sentence-final participial closer reads as an LLM tic; promoting it to its own sentence preserves the claim
 36 │ 
    ╰────

lexical.substitution

  ⚠ "crucial" reads as machine-favored register (mined llm-favored (MINING.md, z=6.47); key keeps the emphasis, drops the register); "key" is a plain near-synonym
    ╭─[corpus/llm/blog/19f12335d308d0e0.md:39:36]
 38 │ 
 39 │ This experience reinforced several crucial lessons about debugging performance issues in production:
    ·                                    ───┬───
    ·                                       ╰── "crucial" reads as machine-favored register (mined llm-favored (MINING.md, z=6.47); key keeps the emphasis, drops the register); "key" is a plain near-synonym
 40 │ 
    ╰────

lexical.substitution

  ⚠ "utilization" reads as machine-favored register (canonical LLM-register tell for use (noun form)); "use" is a plain near-synonym
    ╭─[corpus/llm/blog/19f12335d308d0e0.md:41:81]
 40 │ 
 41 │ * **Don’t Ignore Initial Alerts:** Even seemingly minor increases in resource utilization should be investigated promptly.  Early detection can prevent a small problem from escalating into a major outage.
    ·                                                                               ─────┬─────
    ·                                                                                    ╰── "utilization" reads as machine-favored register (canonical LLM-register tell for use (noun form)); "use" is a plain near-synonym
 42 │ * **Leverage Monitoring Tools Effectively:** Heap snapshots, memory profiling tools, and detailed metrics are invaluable for pinpointing the source of performance issues. Don't rely solely on logs – they often lack the granularity needed to diagnose complex problems.
    ╰────

symmetry.ritual_conclusion

  × the document's final paragraph opens with the ritual conclusion marker "Ultimately"
    ╭─[corpus/llm/blog/19f12335d308d0e0.md:46:1]
 45 │ 
 46 │ Ultimately, tracking down this memory leak was a testament to the power of systematic investigation, combined with a deep understanding of our application’s architecture and potential pitfalls. It served as a stark reminder that even seemingly well-designed code can harbor unexpected ghosts if not carefully monitored and managed.  And it's a story we now use internally to emphasize the importance of robust event listener management – a lesson that saved us significant time, resources, and potentially, a major production outage.
    · ─────┬────
    ·      ╰── the document's final paragraph opens with the ritual conclusion marker "Ultimately"
    ╰────

lexical.substitution

  ⚠ "robust" reads as machine-favored register (mined llm-favored (MINING.md, z=6.29); solid is the plain equivalent); "solid" is a plain near-synonym
    ╭─[corpus/llm/blog/19f12335d308d0e0.md:46:406]
 45 │ 
 46 │ Ultimately, tracking down this memory leak was a testament to the power of systematic investigation, combined with a deep understanding of our application’s architecture and potential pitfalls. It served as a stark reminder that even seemingly well-designed code can harbor unexpected ghosts if not carefully monitored and managed.  And it's a story we now use internally to emphasize the importance of robust event listener management – a lesson that saved us significant time, resources, and potentially, a major production outage.
    ·                                                                                                                                                                                                                                                                                                                                                                                                                    ───┬──
    ·                                                                                                                                                                                                                                                                                                                                                                                                                       ╰── "robust" reads as machine-favored register (mined llm-favored (MINING.md, z=6.29); solid is the plain equivalent); "solid" is a plain near-synonym
    ╰────
