---
source: crates/friction-cli/tests/snapshot.rs
expression: stdout
---
{
  "genre": "blog",
  "metrics": [
    {
      "name": "sentence_length_mean",
      "value": 14.149253731343284,
      "lo": 7.222222222222222,
      "hi": 22.612244897959183,
      "in_envelope": true
    },
    {
      "name": "sentence_length_stddev",
      "value": 7.955573905099558,
      "lo": 6.710643999484348,
      "hi": 12.69937026747041,
      "in_envelope": true
    },
    {
      "name": "sentence_length_cv",
      "value": 0.5622610249384709,
      "lo": 0.49754649007902846,
      "hi": 1.1375256187963048,
      "in_envelope": true
    },
    {
      "name": "discourse_marker_density",
      "value": 3.2119914346895073,
      "lo": 0.0,
      "hi": 2.8618152085036797,
      "in_envelope": false
    },
    {
      "name": "triad_rate",
      "value": 0.04477611940298507,
      "lo": 0.0,
      "hi": 0.08695652173913043,
      "in_envelope": true
    },
    {
      "name": "contraction_ratio",
      "value": 1.0,
      "lo": 0.0,
      "hi": 0.7307692307692307,
      "in_envelope": false
    },
    {
      "name": "bullet_parallelism",
      "value": 0.75,
      "lo": 0.0,
      "hi": 1.0,
      "in_envelope": true
    },
    {
      "name": "paragraph_shape_mean",
      "value": 1.9705882352941178,
      "lo": 1.1640625,
      "hi": 3.5384615384615383,
      "in_envelope": true
    },
    {
      "name": "paragraph_shape_cv",
      "value": 0.6090210675553185,
      "lo": 0.38580860691983426,
      "hi": 0.7953949089757174,
      "in_envelope": true
    },
    {
      "name": "em_dash_density",
      "value": 0.0,
      "lo": 0.0,
      "hi": 4.244482173174872,
      "in_envelope": true
    },
    {
      "name": "semicolon_density",
      "value": 0.0,
      "lo": 0.0,
      "hi": 3.4199726402188784,
      "in_envelope": true
    },
    {
      "name": "participial_closer_rate",
      "value": 0.08955223880597014,
      "lo": 0.0,
      "hi": 0.023076923076923078,
      "in_envelope": false
    },
    {
      "name": "not_just_but_rate",
      "value": 0.0,
      "lo": 0.0,
      "hi": 0.009259259259259259,
      "in_envelope": true
    },
    {
      "name": "ritual_marker_rate",
      "value": 0.029411764705882353,
      "lo": 0.0,
      "hi": 0.0,
      "in_envelope": false
    },
    {
      "name": "llm_favored_phrase_rate",
      "value": 35.33190578158458,
      "lo": 0.922509225092251,
      "hi": 19.31200965600483,
      "in_envelope": false
    },
    {
      "name": "human_favored_phrase_rate",
      "value": 4.282655246252677,
      "lo": 11.149228130360205,
      "hi": 39.260969976905315,
      "in_envelope": false
    },
    {
      "name": "heading_density",
      "value": 1.0706638115631693,
      "lo": 0.607164541590771,
      "hi": 10.36682615629984,
      "in_envelope": true
    },
    {
      "name": "list_item_density",
      "value": 4.282655246252677,
      "lo": 0.0,
      "hi": 16.82439537329127,
      "in_envelope": true
    },
    {
      "name": "bold_span_density",
      "value": 10.70663811563169,
      "lo": 0.0,
      "hi": 10.668163952835485,
      "in_envelope": false
    },
    {
      "name": "sentence_opener_repeat_rate",
      "value": 0.030303030303030304,
      "lo": 0.006711409395973154,
      "hi": 0.13432835820895522,
      "in_envelope": true
    },
    {
      "name": "top_opener_concentration",
      "value": 0.203125,
      "lo": 0.058823529411764705,
      "hi": 0.2153846153846154,
      "in_envelope": true
    }
  ],
  "spans": [
    {
      "channel": "dms",
      "frame_id": "dms.machine",
      "start": 90,
      "end": 711,
      "line": 3,
      "column": 1,
      "score": 5394
    },
    {
      "channel": "dms",
      "frame_id": "dms.machine",
      "start": 713,
      "end": 794,
      "line": 5,
      "column": 1,
      "score": 81
    },
    {
      "channel": "dms",
      "frame_id": "dms.machine",
      "start": 801,
      "end": 849,
      "line": 7,
      "column": 3,
      "score": 20
    },
    {
      "channel": "dms",
      "frame_id": "dms.machine",
      "start": 853,
      "end": 1405,
      "line": 9,
      "column": 1,
      "score": 4131
    },
    {
      "channel": "dms",
      "frame_id": "dms.machine",
      "start": 1407,
      "end": 1456,
      "line": 11,
      "column": 1,
      "score": 23
    },
    {
      "channel": "dms",
      "frame_id": "dms.machine",
      "start": 1480,
      "end": 1717,
      "line": 11,
      "column": 74,
      "score": 650
    },
    {
      "channel": "dms",
      "frame_id": "dms.machine",
      "start": 1729,
      "end": 1797,
      "line": 11,
      "column": 313,
      "score": 70
    },
    {
      "channel": "dms",
      "frame_id": "dms.machine",
      "start": 1801,
      "end": 1852,
      "line": 13,
      "column": 3,
      "score": 23
    },
    {
      "channel": "dms",
      "frame_id": "dms.machine",
      "start": 1856,
      "end": 2195,
      "line": 15,
      "column": 1,
      "score": 1849
    },
    {
      "channel": "dms",
      "frame_id": "dms.machine",
      "start": 2198,
      "end": 2414,
      "line": 17,
      "column": 1,
      "score": 481
    },
    {
      "channel": "dms",
      "frame_id": "dms.machine",
      "start": 2432,
      "end": 2581,
      "line": 17,
      "column": 235,
      "score": 221
    },
    {
      "channel": "dms",
      "frame_id": "dms.machine",
      "start": 2585,
      "end": 2638,
      "line": 19,
      "column": 3,
      "score": 41
    },
    {
      "channel": "dms",
      "frame_id": "dms.machine",
      "start": 2642,
      "end": 2727,
      "line": 21,
      "column": 1,
      "score": 85
    },
    {
      "channel": "dms",
      "frame_id": "dms.machine",
      "start": 2743,
      "end": 2923,
      "line": 21,
      "column": 102,
      "score": 468
    },
    {
      "channel": "dms",
      "frame_id": "dms.machine",
      "start": 2926,
      "end": 3318,
      "line": 23,
      "column": 1,
      "score": 1966
    },
    {
      "channel": "dms",
      "frame_id": "dms.machine",
      "start": 3323,
      "end": 3381,
      "line": 25,
      "column": 3,
      "score": 34
    },
    {
      "channel": "dms",
      "frame_id": "dms.machine",
      "start": 3385,
      "end": 3742,
      "line": 27,
      "column": 1,
      "score": 1617
    },
    {
      "channel": "dms",
      "frame_id": "dms.machine",
      "start": 3757,
      "end": 3829,
      "line": 27,
      "column": 369,
      "score": 49
    },
    {
      "channel": "dms",
      "frame_id": "dms.machine",
      "start": 3831,
      "end": 3874,
      "line": 29,
      "column": 1,
      "score": 23
    },
    {
      "channel": "dms",
      "frame_id": "dms.machine",
      "start": 3889,
      "end": 4229,
      "line": 29,
      "column": 59,
      "score": 1501
    },
    {
      "channel": "literal",
      "frame_id": "span.simply",
      "start": 4027,
      "end": 4033,
      "line": 29,
      "column": 197,
      "score": null
    },
    {
      "channel": "dms",
      "frame_id": "dms.machine",
      "start": 4233,
      "end": 4268,
      "line": 31,
      "column": 3,
      "score": 14
    },
    {
      "channel": "dms",
      "frame_id": "dms.machine",
      "start": 4272,
      "end": 4530,
      "line": 33,
      "column": 1,
      "score": 689
    },
    {
      "channel": "dms",
      "frame_id": "dms.machine",
      "start": 4540,
      "end": 4640,
      "line": 33,
      "column": 267,
      "score": 112
    },
    {
      "channel": "dms",
      "frame_id": "dms.machine",
      "start": 4643,
      "end": 4910,
      "line": 35,
      "column": 1,
      "score": 999
    },
    {
      "channel": "dms",
      "frame_id": "dms.machine",
      "start": 4950,
      "end": 5050,
      "line": 39,
      "column": 1,
      "score": 74
    },
    {
      "channel": "dms",
      "frame_id": "dms.machine",
      "start": 5056,
      "end": 5258,
      "line": 41,
      "column": 5,
      "score": 457
    },
    {
      "channel": "literal",
      "frame_id": "sub.leverage_base",
      "start": 5263,
      "end": 5271,
      "line": 42,
      "column": 5,
      "score": null
    },
    {
      "channel": "dms",
      "frame_id": "dms.machine",
      "start": 5263,
      "end": 5528,
      "line": 42,
      "column": 5,
      "score": 799
    },
    {
      "channel": "dms",
      "frame_id": "dms.machine",
      "start": 5533,
      "end": 5783,
      "line": 43,
      "column": 5,
      "score": 790
    },
    {
      "channel": "dms",
      "frame_id": "dms.machine",
      "start": 5815,
      "end": 5872,
      "line": 43,
      "column": 287,
      "score": 40
    },
    {
      "channel": "dms",
      "frame_id": "dms.machine",
      "start": 5877,
      "end": 6033,
      "line": 44,
      "column": 5,
      "score": 222
    },
    {
      "channel": "dms",
      "frame_id": "dms.machine",
      "start": 6035,
      "end": 6572,
      "line": 46,
      "column": 1,
      "score": 3764
    }
  ],
  "tell_counts": {
    "dms": 31,
    "span": 1,
    "sub": 1
  },
  "dms": {
    "mean_machine": 27.7426614481409,
    "mean_human": 1.5587084148727985,
    "differential": 26.183953033268104,
    "token_count": 1022
  }
}
