---
source: crates/friction-cli/tests/snapshot.rs
expression: stdout
---
pass 1: 1 operation(s) fired
  sub.apply                191..202  -> "important for"
pass 2: 0 operation(s) fired — converged
pass 3: 0 operation(s) fired — converged
  2 held:
    register.unpack        0..0  KEPT (nominalization: 34 instance(s) remain and the document is still above the human band (70.98 > 50.56 per 1000 words) — none has a licensed rewrite, so each needs a human hand)
    register.em_dash       0..0  KEPT (em_dash: 1 instance(s) remain and the document is still above the human band (2.09 > 0.00 per 1000 words) — none has a licensed rewrite, so each needs a human hand)
