---
source: crates/friction-cli/tests/snapshot.rs
expression: stdout
---
{
  "metrics": [
    {
      "name": "sentence_length_mean",
      "value": 9.226415094339623,
      "lo": 3.4918032786885247,
      "hi": 22.612244897959183,
      "in_envelope": true,
      "weak_signal": false
    },
    {
      "name": "sentence_length_stddev",
      "value": 7.170804300652942,
      "lo": 3.4227587963188086,
      "hi": 13.411800359716398,
      "in_envelope": true,
      "weak_signal": false
    },
    {
      "name": "sentence_length_cv",
      "value": 0.7772037381075785,
      "lo": 0.49754649007902846,
      "hi": 1.3591689344136941,
      "in_envelope": true,
      "weak_signal": false
    },
    {
      "name": "discourse_marker_density",
      "value": 0.0,
      "lo": 0.0,
      "hi": 4.237288135593221,
      "in_envelope": true,
      "weak_signal": false
    },
    {
      "name": "triad_rate",
      "value": 0.018867924528301886,
      "lo": 0.0,
      "hi": 0.08695652173913043,
      "in_envelope": true,
      "weak_signal": false
    },
    {
      "name": "contraction_ratio",
      "value": 1.0,
      "lo": 0.0,
      "hi": 1.0,
      "in_envelope": true,
      "weak_signal": false
    },
    {
      "name": "bullet_parallelism",
      "value": 0.8055555555555557,
      "lo": 0.0,
      "hi": 1.0,
      "in_envelope": true,
      "weak_signal": true
    },
    {
      "name": "paragraph_shape_mean",
      "value": 1.1521739130434783,
      "lo": 1.0357142857142858,
      "hi": 3.5384615384615383,
      "in_envelope": true,
      "weak_signal": false
    },
    {
      "name": "paragraph_shape_cv",
      "value": 0.3604711919725054,
      "lo": 0.179177669748504,
      "hi": 0.7953949089757174,
      "in_envelope": true,
      "weak_signal": false
    },
    {
      "name": "em_dash_density",
      "value": 0.0,
      "lo": 0.0,
      "hi": 4.244482173174872,
      "in_envelope": true,
      "weak_signal": true
    },
    {
      "name": "semicolon_density",
      "value": 0.0,
      "lo": 0.0,
      "hi": 3.9682539682539684,
      "in_envelope": true,
      "weak_signal": false
    },
    {
      "name": "participial_closer_rate",
      "value": 0.05660377358490566,
      "lo": 0.0,
      "hi": 0.03125,
      "in_envelope": false,
      "weak_signal": false
    },
    {
      "name": "not_just_but_rate",
      "value": 0.0,
      "lo": 0.0,
      "hi": 0.009259259259259259,
      "in_envelope": true,
      "weak_signal": true
    },
    {
      "name": "ritual_marker_rate",
      "value": 0.0,
      "lo": 0.0,
      "hi": 0.0,
      "in_envelope": true,
      "weak_signal": false
    },
    {
      "name": "llm_favored_phrase_rate",
      "value": 58.333333333333336,
      "lo": 0.0,
      "hi": 21.634615384615383,
      "in_envelope": false,
      "weak_signal": false
    },
    {
      "name": "human_favored_phrase_rate",
      "value": 8.333333333333334,
      "lo": 8.59106529209622,
      "hi": 48.821548821548824,
      "in_envelope": false,
      "weak_signal": false
    },
    {
      "name": "heading_density",
      "value": 12.5,
      "lo": 0.0,
      "hi": 43.04635761589404,
      "in_envelope": true,
      "weak_signal": false
    },
    {
      "name": "list_item_density",
      "value": 45.833333333333336,
      "lo": 0.0,
      "hi": 98.26589595375722,
      "in_envelope": true,
      "weak_signal": false
    },
    {
      "name": "bold_span_density",
      "value": 14.583333333333334,
      "lo": 0.0,
      "hi": 14.705882352941176,
      "in_envelope": true,
      "weak_signal": false
    },
    {
      "name": "sentence_opener_repeat_rate",
      "value": 0.0,
      "lo": 0.0,
      "hi": 0.13793103448275862,
      "in_envelope": true,
      "weak_signal": false
    },
    {
      "name": "top_opener_concentration",
      "value": 0.08333333333333333,
      "lo": 0.04424778761061947,
      "hi": 0.2153846153846154,
      "in_envelope": true,
      "weak_signal": false
    }
  ],
  "spans": [
    {
      "channel": "dms",
      "frame_id": "dms.machine",
      "start": 2,
      "end": 56,
      "line": 1,
      "column": 3,
      "score": 31,
      "message": "machine-favored phrasing peaks at 'Database Backups for Corkboard'"
    },
    {
      "channel": "dms",
      "frame_id": "dms.machine",
      "start": 60,
      "end": 487,
      "line": 3,
      "column": 1,
      "score": 2787,
      "message": "machine-favored phrasing peaks at 'a backup file.'"
    },
    {
      "channel": "literal",
      "frame_id": "sub.is_crucial",
      "start": 261,
      "end": 271,
      "line": 3,
      "column": 202,
      "score": null
    },
    {
      "channel": "literal",
      "frame_id": "sub.this_guide_will_walk_you_through",
      "start": 273,
      "end": 305,
      "line": 3,
      "column": 214,
      "score": null
    },
    {
      "channel": "dms",
      "frame_id": "dms.machine",
      "start": 508,
      "end": 541,
      "line": 7,
      "column": 1,
      "score": 19,
      "message": "machine-favored phrasing peaks at 'ensure you have:'"
    },
    {
      "channel": "dms",
      "frame_id": "dms.machine",
      "start": 548,
      "end": 585,
      "line": 9,
      "column": 6,
      "score": 7,
      "message": "machine-favored phrasing peaks at 'on your server.'"
    },
    {
      "channel": "dms",
      "frame_id": "dms.machine",
      "start": 591,
      "end": 688,
      "line": 10,
      "column": 6,
      "score": 100,
      "message": "machine-favored phrasing peaks at 'or sufficient privileges.'"
    },
    {
      "channel": "dms",
      "frame_id": "dms.machine",
      "start": 694,
      "end": 741,
      "line": 11,
      "column": 6,
      "score": 28,
      "message": "machine-favored phrasing peaks at 'on the server.'"
    },
    {
      "channel": "dms",
      "frame_id": "dms.machine",
      "start": 745,
      "end": 804,
      "line": 12,
      "column": 4,
      "score": 31,
      "message": "machine-favored phrasing peaks at 'command line interface.'"
    },
    {
      "channel": "dms",
      "frame_id": "dms.machine",
      "start": 843,
      "end": 999,
      "line": 16,
      "column": 1,
      "score": 398,
      "message": "machine-favored phrasing peaks at 'backups over time.'"
    },
    {
      "channel": "dms",
      "frame_id": "dms.machine",
      "start": 1027,
      "end": 1079,
      "line": 19,
      "column": 4,
      "score": 34,
      "message": "machine-favored phrasing peaks at 'backups, such as'"
    },
    {
      "channel": "dms",
      "frame_id": "dms.machine",
      "start": 1110,
      "end": 1165,
      "line": 20,
      "column": 4,
      "score": 22,
      "message": "machine-favored phrasing peaks at 'the following command:'"
    },
    {
      "channel": "dms",
      "frame_id": "dms.machine",
      "start": 1230,
      "end": 1327,
      "line": 26,
      "column": 4,
      "score": 125,
      "message": "machine-favored phrasing peaks at 'to this directory.'"
    },
    {
      "channel": "dms",
      "frame_id": "dms.machine",
      "start": 1364,
      "end": 1518,
      "line": 30,
      "column": 1,
      "score": 405,
      "message": "machine-favored phrasing peaks at 'designated backup directory.'"
    },
    {
      "channel": "dms",
      "frame_id": "dms.machine",
      "start": 1523,
      "end": 1588,
      "line": 32,
      "column": 4,
      "score": 86,
      "message": "machine-favored phrasing peaks at 'with root privileges:'"
    },
    {
      "channel": "dms",
      "frame_id": "dms.machine",
      "start": 1660,
      "end": 1731,
      "line": 38,
      "column": 4,
      "score": 61,
      "message": "machine-favored phrasing peaks at 'paths if necessary:'"
    },
    {
      "channel": "dms",
      "frame_id": "dms.machine",
      "start": 2267,
      "end": 2305,
      "line": 57,
      "column": 78,
      "score": 12,
      "message": "machine-favored phrasing peaks at 'actual database credentials.'"
    },
    {
      "channel": "dms",
      "frame_id": "dms.machine",
      "start": 2309,
      "end": 2358,
      "line": 58,
      "column": 4,
      "score": 46,
      "message": "machine-favored phrasing peaks at 'in nano, press'"
    },
    {
      "channel": "dms",
      "frame_id": "dms.machine",
      "start": 2405,
      "end": 2432,
      "line": 60,
      "column": 4,
      "score": 7,
      "message": "machine-favored phrasing peaks at 'the script executable:'"
    },
    {
      "channel": "dms",
      "frame_id": "dms.machine",
      "start": 2545,
      "end": 2646,
      "line": 68,
      "column": 1,
      "score": 211,
      "message": "machine-favored phrasing peaks at 'based job scheduler.'"
    },
    {
      "channel": "dms",
      "frame_id": "dms.machine",
      "start": 2651,
      "end": 2684,
      "line": 70,
      "column": 4,
      "score": 15,
      "message": "machine-favored phrasing peaks at 'editor for root:'"
    },
    {
      "channel": "dms",
      "frame_id": "dms.machine",
      "start": 2727,
      "end": 2809,
      "line": 76,
      "column": 4,
      "score": 136,
      "message": "machine-favored phrasing peaks at 'time as needed):'"
    },
    {
      "channel": "dms",
      "frame_id": "dms.machine",
      "start": 2919,
      "end": 3013,
      "line": 82,
      "column": 4,
      "score": 215,
      "message": "machine-favored phrasing peaks at 'day at 2 AM.'"
    },
    {
      "channel": "dms",
      "frame_id": "dms.machine",
      "start": 3052,
      "end": 3173,
      "line": 86,
      "column": 1,
      "score": 217,
      "message": "machine-favored phrasing peaks at 'the designated directory.'"
    },
    {
      "channel": "dms",
      "frame_id": "dms.machine",
      "start": 3178,
      "end": 3226,
      "line": 88,
      "column": 4,
      "score": 21,
      "message": "machine-favored phrasing peaks at 'file by checking the'"
    },
    {
      "channel": "dms",
      "frame_id": "dms.machine",
      "start": 3319,
      "end": 3363,
      "line": 90,
      "column": 4,
      "score": 27,
      "message": "machine-favored phrasing peaks at 'its previous state:'"
    },
    {
      "channel": "dms",
      "frame_id": "dms.machine",
      "start": 3539,
      "end": 3577,
      "line": 96,
      "column": 33,
      "score": 17,
      "message": "machine-favored phrasing peaks at 'of your database.'"
    },
    {
      "channel": "dms",
      "frame_id": "dms.machine",
      "start": 3605,
      "end": 3721,
      "line": 100,
      "column": 5,
      "score": 155,
      "message": "machine-favored phrasing peaks at 'files before compression.'"
    },
    {
      "channel": "dms",
      "frame_id": "dms.machine",
      "start": 3726,
      "end": 3866,
      "line": 101,
      "column": 5,
      "score": 280,
      "message": "machine-favored phrasing peaks at 'save disk space.'"
    },
    {
      "channel": "dms",
      "frame_id": "dms.machine",
      "start": 3871,
      "end": 3967,
      "line": 102,
      "column": 5,
      "score": 113,
      "message": "machine-favored phrasing peaks at 'and process speed.'"
    },
    {
      "channel": "literal",
      "frame_id": "span.by_following_these_steps_leading",
      "start": 3969,
      "end": 3995,
      "line": 104,
      "column": 1,
      "score": null
    },
    {
      "channel": "dms",
      "frame_id": "dms.machine",
      "start": 3969,
      "end": 4219,
      "line": 104,
      "column": 1,
      "score": 882,
      "message": "machine-favored phrasing peaks at 'each backup run.'"
    }
  ],
  "tell_counts": {
    "dms": 29,
    "span": 1,
    "sub": 2
  },
  "dms": {
    "mean_machine": 14.34423076923077,
    "mean_human": 1.7096153846153845,
    "differential": 12.634615384615385,
    "token_count": 520
  }
}
