---
source: crates/friction-cli/tests/snapshot.rs
expression: stdout
---
Okay, here’s a StackExchange-style answer explaining how covering indexes optimize queries in MySQL, with an illustrative example and detailed analysis of `EXPLAIN` output:

---

**Subject: Covering Indexes & Avoiding Table Lookups in MySQL - A Detailed Explanation**

**Question:** I'm running some slow SQL queries against my database.  I keep hearing about "covering indexes." What exactly are they, and how do they actually help?

**Answer:**

You’ve hit on a crucial optimization technique in MySQL (and other relational databases).  Let’s break down covering indexes and how they dramatically reduce table lookups – often significantly speeding up your queries.

**What is a Covering Index?**

A covering index is an index that contains *all* the columns needed to satisfy a query. When MySQL can use a covering index, it doesn't need to access the actual underlying data rows of the table itself.  Instead, all the necessary information is retrieved directly from the index. This avoids a full table scan or, worse, a row-by-row retrieval operation.

**How Does It Work?**

MySQL’s query optimizer analyzes your query and checks if it can satisfy the entire request solely through an existing index.  If the index contains all the columns used in the `SELECT`, `WHERE`, `ORDER BY`, and `GROUP BY` clauses, then a “covering index” is formed – and MySQL will try to use it.

**Let's Illustrate with an Example:**

Imagine you have a table called `orders` with the following columns:

*   `order_id` (INT, PRIMARY KEY)
*   `customer_id` (INT)
*   `order_date` (DATE)
*   `total_amount` (DECIMAL(10,2))
*   `status` (VARCHAR(20))

You frequently run a query like this:

```sql
SELECT o.order_id, o.customer_id, o.order_date, o.total_amount
FROM orders o
WHERE o.customer_id = 123 AND o.order_date BETWEEN '2023-01-01' AND '2023-01-31';
```

Without a covering index, MySQL would typically perform a full table scan (or a more efficient index scan that *then* requires a lookup) to find the rows matching these criteria.  It’s then searching for `customer_id = 123` and then filtering by date range within those results – this involves reading every row in the table.

**EXPLAIN Output - Before Covering Index:**

Let's examine the `EXPLAIN` output of this query:

```
+----+-------------+----------------------+----------+---------------+------+--------+------+-------+--+
| id | select_type | table                | partitions| accessed_key | xrows | cosync | flags | Extra |
+----+-------------+----------------------+----------+---------------+------+--------+------+-------+--+
|  1 | SIMPLE      | orders               | NULL     | NULL          |    1 |   0.00 |  NULL | Using where |
+----+-------------+----------------------+----------+---------------+------+--------+------+-------+--+
```

*   **`id: 1`**: This indicates a simple query (no subqueries or joins).
*   **`select_type: SIMPLE`**: Indicates a basic, non-correlated query.
*   **`table: orders`**: The table being queried.
*   **`accessed_key: NULL`**:  MySQL isn't using an index here.
*   **`xrows: 1`**:  This is the estimated number of rows examined (in this case, the entire `orders` table).
*   **`Extra: Using where`**: Crucially, this means MySQL is filtering the *entire* table based on the `WHERE` clause.

**Adding a Covering Index:**

Now, let's add a composite index that includes the selected columns and the `customer_id`:

```sql
CREATE INDEX idx_orders_custdate ON orders (customer_id, order_date);
```

This index contains all the columns needed for our query.

**EXPLAIN Output - After Covering Index:**

Now let's run the same query again and examine the `EXPLAIN` output:

```
+----+-------------+----------------------+----------+---------------+------+--------+------+-------+--+
| id | select_type | table                | partitions| accessed_key | xrows | cosync | flags | Extra |
+----+-------------+----------------------+----------+---------------+------+--------+------+-------+--+
|  1 | SIMPLE      | orders               | NULL     | custdate       |    0 |   0.00 |  NULL | Using index |
+----+-------------+----------------------+----------+---------------+------+--------+------+-------+--+
```

*   **`id: 1`**: Still a simple query.
*   **`select_type: SIMPLE`**: Remains the same.
*   **`table: orders`**:  Still querying `orders`.
*   **`accessed_key: custdate`**: This is the *key*! MySQL now uses the index for filtering, specifically by `customer_id` and `order_date`.
*   **`xrows: 0`**: Because all data needed is retrieved from the index, no rows are actually read from the table itself.
*   **`Extra: Using index`**: This confirms that MySQL is using an index to satisfy the query.

**Key Distinction: "Using index" vs. "Using where"**

The "Using index" extra clause indicates that MySQL is *directly* using the index to retrieve data, avoiding a full table scan or row lookup. “Using where” means it’s filtering rows based on the `WHERE` clause but still requires some form of indexing (likely a non-covering one).



---

Do you want me to delve deeper into specific aspects like index cardinality, different types of covering indexes, or how they relate to query optimization in more complex scenarios?
