---
source: crates/friction-cli/tests/snapshot.rs
expression: stdout
---
METRIC                        BEFORE    AFTER  BAND                MOVEMENT  
sentence_length_mean         13.0952  13.0794  [7.2222, 22.6122]   in -> in  
sentence_length_stddev        7.7228   7.7322  [6.7106, 12.6994]   in -> in  
sentence_length_cv            0.5897   0.5912  [0.4975, 1.1375]    in -> in  
discourse_marker_density      4.7450   3.5629  [0.0000, 2.8618]    OUT -> OUT
triad_rate                    0.0159   0.0159  [0.0000, 0.0870]    in -> in  
contraction_ratio             0.3333   0.3333  [0.0000, 0.7308]    in -> in  
bullet_parallelism            0.9375   0.9375  [0.0000, 1.0000]    in -> in  
paragraph_shape_mean          1.4651   1.4651  [1.1641, 3.5385]    in -> in  
paragraph_shape_cv            0.4959   0.4959  [0.3858, 0.7954]    in -> in  
em_dash_density               0.0000   0.0000  [0.0000, 4.2445]    in -> in  
semicolon_density             0.0000   0.0000  [0.0000, 3.4200]    in -> in  
participial_closer_rate       0.0476   0.0476  [0.0000, 0.0231]    OUT -> OUT
not_just_but_rate             0.0159   0.0159  [0.0000, 0.0093]    OUT -> OUT
ritual_marker_rate            0.0233   0.0233  [0.0000, 0.0000]    OUT -> OUT
llm_favored_phrase_rate      47.4496  38.0048  [0.9225, 19.3120]   OUT -> OUT
human_favored_phrase_rate    13.0486  13.0641  [11.1492, 39.2610]  in -> in  
heading_density               8.3037   8.3135  [0.6072, 10.3668]   in -> in  
list_item_density            18.9798  19.0024  [0.0000, 16.8244]   OUT -> OUT
bold_span_density            28.4698  28.5036  [0.0000, 10.6682]   OUT -> OUT
sentence_opener_repeat_rate   0.0645   0.0645  [0.0067, 0.1343]    in -> in  
top_opener_concentration      0.0794   0.0794  [0.0588, 0.2154]    in -> in  

plan schedule (friction-plan, built from the document's original metrics):
| family | budget | metric | current | lo | hi | excess |
|---|---|---|---|---|---|---|
| structural | 19 | bold_span_density | 28.4698 | 0.0000 | 10.6682 | 17.8016 |
|  |  | list_item_density | 18.9798 | 0.0000 | 16.8244 | 2.1554 |
|  |  | heading_density | 8.3037 | 0.6072 | 10.3668 | 0.0000 |
| symmetry | 0 | not_just_but_rate | 0.0159 | 0.0000 | 0.0093 | 0.0066 |
|  |  | participial_closer_rate | 0.0476 | 0.0000 | 0.0231 | 0.0245 |
|  |  | ritual_marker_rate | 0.0233 | 0.0000 | 0.0000 | 0.0233 |
|  |  | triad_rate | 0.0159 | 0.0000 | 0.0870 | 0.0000 |
| connective | 1 | discourse_marker_density | 4.7450 | 0.0000 | 2.8618 | 1.8831 |
| lexical | 29 | discourse_marker_density | 4.7450 | 0.0000 | 2.8618 | 1.8831 |
|  |  | llm_favored_phrase_rate | 47.4496 | 0.9225 | 19.3120 | 28.1376 |
| rhythm | 0 | sentence_length_cv | 0.5897 | 0.4975 | 1.1375 | 0.0000 |
| contraction | 0 | contraction_ratio | 0.3333 | 0.0000 | 0.7308 | 0.0000 |

fixpoint: 2 round(s), 11 patch(es) applied
