---
source: crates/friction-cli/tests/snapshot.rs
expression: stdout
---
pass 1: 2 operation(s) fired
  sub.apply                191..202  -> "important for"
  vsub.streamline          3515..3531  -> "simplifies your"
  1 held:
    span.delete            2202..2286  KEPT (deletion span.this_ensures recorded: diagnostic-only, no safe rewrite)
  11 report-only observation(s) (--verbose to list)
pass 2: 0 operation(s) fired — converged
  1 held:
    span.delete            2204..2288  KEPT (deletion span.this_ensures recorded: diagnostic-only, no safe rewrite)
  11 report-only observation(s) (--verbose to list)
pass 3: 1 operation(s) fired
  restructure.participial_closer 681..689  -> ". That makes"
pass 4: 0 operation(s) fired — converged
  35 held:
    register.unpack        297..307  KEPT (nominalization: "annotation" has no licensed rewrite and the document is still above the human band (70.83 > 50.56 per 1000 words) — needs a human hand)
    register.unpack        363..373  KEPT (nominalization: "complexity" has no licensed rewrite and the document is still above the human band (70.83 > 50.56 per 1000 words) — needs a human hand)
    register.unpack        415..422  KEPT (nominalization: "elision" has no licensed rewrite and the document is still above the human band (70.83 > 50.56 per 1000 words) — needs a human hand)
    register.unpack        632..641  KEPT (nominalization: "reference" has no licensed rewrite and the document is still above the human band (70.83 > 50.56 per 1000 words) — needs a human hand)
    register.unpack        752..761  KEPT (nominalization: "soundness" has no licensed rewrite and the document is still above the human band (70.83 > 50.56 per 1000 words) — needs a human hand)
    register.unpack        789..798  KEPT (nominalization: "verbosity" has no licensed rewrite and the document is still above the human band (70.83 > 50.56 per 1000 words) — needs a human hand)
    register.unpack        858..866  KEPT (nominalization: "function" has no licensed rewrite and the document is still above the human band (70.83 > 50.56 per 1000 words) — needs a human hand)
    register.unpack        880..889  KEPT (nominalization: "reference" has no licensed rewrite and the document is still above the human band (70.83 > 50.56 per 1000 words) — needs a human hand)
    register.unpack        960..969  KEPT (nominalization: "reference" has no licensed rewrite and the document is still above the human band (70.83 > 50.56 per 1000 words) — needs a human hand)
    register.unpack        977..985  KEPT (nominalization: "argument" has no licensed rewrite and the document is still above the human band (70.83 > 50.56 per 1000 words) — needs a human hand)
    register.unpack        1085..1094  KEPT (nominalization: "reference" has no licensed rewrite and the document is still above the human band (70.83 > 50.56 per 1000 words) — needs a human hand)
    register.unpack        1393..1402  KEPT (nominalization: "reference" has no licensed rewrite and the document is still above the human band (70.83 > 50.56 per 1000 words) — needs a human hand)
    register.unpack        1502..1510  KEPT (nominalization: "function" has no licensed rewrite and the document is still above the human band (70.83 > 50.56 per 1000 words) — needs a human hand)
    register.unpack        1527..1536  KEPT (nominalization: "Reference" has no licensed rewrite and the document is still above the human band (70.83 > 50.56 per 1000 words) — needs a human hand)
    register.unpack        1560..1568  KEPT (nominalization: "function" has no licensed rewrite and the document is still above the human band (70.83 > 50.56 per 1000 words) — needs a human hand)
    register.unpack        1587..1596  KEPT (nominalization: "reference" has no licensed rewrite and the document is still above the human band (70.83 > 50.56 per 1000 words) — needs a human hand)
    register.unpack        1670..1679  KEPT (nominalization: "reference" has no licensed rewrite and the document is still above the human band (70.83 > 50.56 per 1000 words) — needs a human hand)
    register.unpack        2233..2242  KEPT (nominalization: "reference" has no licensed rewrite and the document is still above the human band (70.83 > 50.56 per 1000 words) — needs a human hand)
    register.unpack        2324..2332  KEPT (nominalization: "function" has no licensed rewrite and the document is still above the human band (70.83 > 50.56 per 1000 words) — needs a human hand)
    register.unpack        2360..2369  KEPT (nominalization: "reference" has no licensed rewrite and the document is still above the human band (70.83 > 50.56 per 1000 words) — needs a human hand)
    register.unpack        2416..2429  KEPT (nominalization: "non-reference" has no licensed rewrite and the document is still above the human band (70.83 > 50.56 per 1000 words) — needs a human hand)
    register.unpack        2484..2493  KEPT (nominalization: "reference" has no licensed rewrite and the document is still above the human band (70.83 > 50.56 per 1000 words) — needs a human hand)
    register.unpack        2531..2539  KEPT (nominalization: "argument" has no licensed rewrite and the document is still above the human band (70.83 > 50.56 per 1000 words) — needs a human hand)
    register.unpack        2583..2591  KEPT (nominalization: "function" has no licensed rewrite and the document is still above the human band (70.83 > 50.56 per 1000 words) — needs a human hand)
    register.unpack        2862..2871  KEPT (nominalization: "reference" has no licensed rewrite and the document is still above the human band (70.83 > 50.56 per 1000 words) — needs a human hand)
    register.unpack        2946..2955  KEPT (nominalization: "reference" has no licensed rewrite and the document is still above the human band (70.83 > 50.56 per 1000 words) — needs a human hand)
    register.unpack        3026..3033  KEPT (nominalization: "elision" has no licensed rewrite and the document is still above the human band (70.83 > 50.56 per 1000 words) — needs a human hand)
    register.unpack        3049..3056  KEPT (nominalization: "balance" has no licensed rewrite and the document is still above the human band (70.83 > 50.56 per 1000 words) — needs a human hand)
    register.unpack        3198..3207  KEPT (nominalization: "reference" has no licensed rewrite and the document is still above the human band (70.83 > 50.56 per 1000 words) — needs a human hand)
    register.unpack        3437..3446  KEPT (nominalization: "ambiguity" has no licensed rewrite and the document is still above the human band (70.83 > 50.56 per 1000 words) — needs a human hand)
    register.unpack        3674..3681  KEPT (nominalization: "elision" has no licensed rewrite and the document is still above the human band (70.83 > 50.56 per 1000 words) — needs a human hand)
    register.unpack        3757..3766  KEPT (nominalization: "reference" has no licensed rewrite and the document is still above the human band (70.83 > 50.56 per 1000 words) — needs a human hand)
    register.unpack        3861..3868  KEPT (nominalization: "clarity" has no licensed rewrite and the document is still above the human band (70.83 > 50.56 per 1000 words) — needs a human hand)
    register.unpack        3882..3892  KEPT (nominalization: "management" has no licensed rewrite and the document is still above the human band (70.83 > 50.56 per 1000 words) — needs a human hand)
    register.em_dash       127..130  KEPT (em_dash: this instance has no licensed rewrite and the document is still above the human band (2.08 > 0.00 per 1000 words) — needs a human hand)
