---
source: crates/friction-cli/tests/snapshot.rs
expression: stdout
---
METRIC                         VALUE  BAND               STATUS
sentence_length_mean          9.2264  [3.4918, 22.6122]  in    
sentence_length_stddev        7.1708  [3.4228, 13.4118]  in    
sentence_length_cv            0.7772  [0.4975, 1.3592]   in    
discourse_marker_density      0.0000  [0.0000, 4.2373]   in    
triad_rate                    0.0189  [0.0000, 0.0870]   in    
contraction_ratio             1.0000  [0.0000, 1.0000]   in    
bullet_parallelism            0.8056  [0.0000, 1.0000]   weak  
paragraph_shape_mean          1.1522  [1.0357, 3.5385]   in    
paragraph_shape_cv            0.3605  [0.1792, 0.7954]   in    
em_dash_density               0.0000  [0.0000, 4.2445]   weak  
semicolon_density             0.0000  [0.0000, 3.9683]   in    
participial_closer_rate       0.0566  [0.0000, 0.0312]   OUT   
not_just_but_rate             0.0000  [0.0000, 0.0093]   weak  
ritual_marker_rate            0.0000  [0.0000, 0.0000]   in    
llm_favored_phrase_rate      58.3333  [0.0000, 21.6346]  OUT   
human_favored_phrase_rate     8.3333  [8.5911, 48.8215]  OUT   
heading_density              12.5000  [0.0000, 43.0464]  in    
list_item_density            45.8333  [0.0000, 98.2659]  in    
bold_span_density            14.5833  [0.0000, 14.7059]  in    
sentence_opener_repeat_rate   0.0000  [0.0000, 0.1379]   in    
top_opener_concentration      0.0833  [0.0442, 0.2154]   in    

dms: mean_machine=14.3442  mean_human=1.7096  differential=12.6346  tokens=520

tell counts (32 span(s) total):
  dms: 29
  span: 1
  sub: 2
dms.machine

  ⚠ machine-favored phrasing peaks at 'Database Backups for Corkboard'
   ╭─[corpus/llm/docs/0a0197006e9ca159.md:1:3]
 1 │ **How to Set Up Automatic Database Backups for Corkboard**
   ·   ───────────────────────────┬──────────────────────────
   ·                              ╰── machine-favored phrasing peaks at 'Database Backups for Corkboard'
 2 │ 
   ╰────

dms.machine

  ⚠ machine-favored phrasing peaks at 'a backup file.'
   ╭─[corpus/llm/docs/0a0197006e9ca159.md:3:1]
 2 │ 
 3 │ Corkboard is your go-to platform for organizing notes and ideas in an intuitive, visual manner. To ensure that all your valuable data remains safe and accessible, setting up automatic database backups is crucial. This guide will walk you through the process of configuring these backups using cron scheduling on a Linux server environment, specifying where to store the backups, and detailing how to restore from a backup file.
   · ─────────────────────────────────────────────────────────────────────────────────────────────────────────────────────────────────────────────────────────────────────────────────────────────────────────────────────┬─────────────────────────────────────────────────────────────────────────────────────────────────────────────────────────────────────────────────────────────────────────────────────────────────────────────────────
   ·                                                                                                                                                                                                                      ╰── machine-favored phrasing peaks at 'a backup file.'
 4 │ 
   ╰────

sub.is_crucial

  ⚠ Literal tell: sub.is_crucial
   ╭─[corpus/llm/docs/0a0197006e9ca159.md:3:202]
 2 │ 
 3 │ Corkboard is your go-to platform for organizing notes and ideas in an intuitive, visual manner. To ensure that all your valuable data remains safe and accessible, setting up automatic database backups is crucial. This guide will walk you through the process of configuring these backups using cron scheduling on a Linux server environment, specifying where to store the backups, and detailing how to restore from a backup file.
   ·                                                                                                                                                                                                          ─────┬────
   ·                                                                                                                                                                                                               ╰── Literal tell: sub.is_crucial
 4 │ 
   ╰────

sub.this_guide_will_walk_you_through

  ⚠ Literal tell: sub.this_guide_will_walk_you_through
   ╭─[corpus/llm/docs/0a0197006e9ca159.md:3:214]
 2 │ 
 3 │ Corkboard is your go-to platform for organizing notes and ideas in an intuitive, visual manner. To ensure that all your valuable data remains safe and accessible, setting up automatic database backups is crucial. This guide will walk you through the process of configuring these backups using cron scheduling on a Linux server environment, specifying where to store the backups, and detailing how to restore from a backup file.
   ·                                                                                                                                                                                                                      ────────────────┬───────────────
   ·                                                                                                                                                                                                                                      ╰── Literal tell: sub.this_guide_will_walk_you_through
 4 │ 
   ╰────

dms.machine

  ⚠ machine-favored phrasing peaks at 'ensure you have:'
   ╭─[corpus/llm/docs/0a0197006e9ca159.md:7:1]
 6 │ 
 7 │ Before we begin, ensure you have:
   · ────────────────┬────────────────
   ·                 ╰── machine-favored phrasing peaks at 'ensure you have:'
 8 │ 
   ╰────

dms.machine

  ⚠ machine-favored phrasing peaks at 'on your server.'
    ╭─[corpus/llm/docs/0a0197006e9ca159.md:9:6]
  8 │ 
  9 │ 1. **Corkboard installed** on your server.
    ·      ──────────────────┬──────────────────
    ·                        ╰── machine-favored phrasing peaks at 'on your server.'
 10 │ 2. **MySQL/MariaDB** (or PostgreSQL) database set up for Corkboard with root or sufficient privileges.
    ╰────

dms.machine

  ⚠ machine-favored phrasing peaks at 'or sufficient privileges.'
    ╭─[corpus/llm/docs/0a0197006e9ca159.md:10:6]
  9 │ 1. **Corkboard installed** on your server.
 10 │ 2. **MySQL/MariaDB** (or PostgreSQL) database set up for Corkboard with root or sufficient privileges.
    ·      ────────────────────────────────────────────────┬────────────────────────────────────────────────
    ·                                                      ╰── machine-favored phrasing peaks at 'or sufficient privileges.'
 11 │ 3. **Root access** or sudo privileges on the server.
    ╰────

dms.machine

  ⚠ machine-favored phrasing peaks at 'on the server.'
    ╭─[corpus/llm/docs/0a0197006e9ca159.md:11:6]
 10 │ 2. **MySQL/MariaDB** (or PostgreSQL) database set up for Corkboard with root or sufficient privileges.
 11 │ 3. **Root access** or sudo privileges on the server.
    ·      ───────────────────────┬───────────────────────
    ·                             ╰── machine-favored phrasing peaks at 'on the server.'
 12 │ 4. Basic knowledge of using a terminal/command line interface.
    ╰────

dms.machine

  ⚠ machine-favored phrasing peaks at 'command line interface.'
    ╭─[corpus/llm/docs/0a0197006e9ca159.md:12:4]
 11 │ 3. **Root access** or sudo privileges on the server.
 12 │ 4. Basic knowledge of using a terminal/command line interface.
    ·    ─────────────────────────────┬─────────────────────────────
    ·                                 ╰── machine-favored phrasing peaks at 'command line interface.'
 13 │ 
    ╰────

dms.machine

  ⚠ machine-favored phrasing peaks at 'backups over time.'
    ╭─[corpus/llm/docs/0a0197006e9ca159.md:16:1]
 15 │ 
 16 │ First, you need a dedicated directory to store your backups. This will help keep your system organized and make it easier to manage older backups over time.
    · ──────────────────────────────────────────────────────────────────────────────┬─────────────────────────────────────────────────────────────────────────────
    ·                                                                               ╰── machine-favored phrasing peaks at 'backups over time.'
 17 │ 
    ╰────

dms.machine

  ⚠ machine-favored phrasing peaks at 'backups, such as'
    ╭─[corpus/llm/docs/0a0197006e9ca159.md:19:4]
 18 │ 1. Open your terminal.
 19 │ 2. Navigate to a suitable location for backups, such as `/var/backups/corkboard/`.
    ·    ──────────────────────────┬─────────────────────────
    ·                              ╰── machine-favored phrasing peaks at 'backups, such as'
 20 │ 3. Create the backup directory with the following command:
    ╰────

dms.machine

  ⚠ machine-favored phrasing peaks at 'the following command:'
    ╭─[corpus/llm/docs/0a0197006e9ca159.md:20:4]
 19 │ 2. Navigate to a suitable location for backups, such as `/var/backups/corkboard/`.
 20 │ 3. Create the backup directory with the following command:
    ·    ───────────────────────────┬───────────────────────────
    ·                               ╰── machine-favored phrasing peaks at 'the following command:'
 21 │ 
    ╰────

dms.machine

  ⚠ machine-favored phrasing peaks at 'to this directory.'
    ╭─[corpus/llm/docs/0a0197006e9ca159.md:26:4]
 25 │ 
 26 │ 4. Set appropriate permissions so that only root or users you authorize can write to this directory.
    ·    ────────────────────────────────────────────────┬────────────────────────────────────────────────
    ·                                                    ╰── machine-favored phrasing peaks at 'to this directory.'
 27 │ 
    ╰────

dms.machine

  ⚠ machine-favored phrasing peaks at 'designated backup directory.'
    ╭─[corpus/llm/docs/0a0197006e9ca159.md:30:1]
 29 │ 
 30 │ Next, create a script that will handle the backup process. This script will dump your database into a file and save it in the designated backup directory.
    · ─────────────────────────────────────────────────────────────────────────────┬────────────────────────────────────────────────────────────────────────────
    ·                                                                              ╰── machine-favored phrasing peaks at 'designated backup directory.'
 31 │ 
    ╰────

dms.machine

  ⚠ machine-favored phrasing peaks at 'with root privileges:'
    ╭─[corpus/llm/docs/0a0197006e9ca159.md:32:4]
 31 │ 
 32 │ 1. Open your favorite text editor (e.g., nano) with root privileges:
    ·    ────────────────────────────────┬────────────────────────────────
    ·                                    ╰── machine-favored phrasing peaks at 'with root privileges:'
 33 │ 
    ╰────

dms.machine

  ⚠ machine-favored phrasing peaks at 'paths if necessary:'
    ╭─[corpus/llm/docs/0a0197006e9ca159.md:38:4]
 37 │ 
 38 │ 2. Paste the following code into the script, adjusting paths if necessary:
    ·    ───────────────────────────────────┬───────────────────────────────────
    ·                                       ╰── machine-favored phrasing peaks at 'paths if necessary:'
 39 │ 
    ╰────

dms.machine

  ⚠ machine-favored phrasing peaks at 'actual database credentials.'
    ╭─[corpus/llm/docs/0a0197006e9ca159.md:57:78]
 56 │ 
 57 │ 3. Replace `your_db_user`, `your_db_password`, and `corkboard_database_name` with your actual database credentials.
    ·                                                                              ───────────────────┬──────────────────
    ·                                                                                                 ╰── machine-favored phrasing peaks at 'actual database credentials.'
 58 │ 4. Save the file and exit the editor (in nano, press `CTRL+X`, then `Y`, followed by `ENTER`).
    ╰────

dms.machine

  ⚠ machine-favored phrasing peaks at 'in nano, press'
    ╭─[corpus/llm/docs/0a0197006e9ca159.md:58:4]
 57 │ 3. Replace `your_db_user`, `your_db_password`, and `corkboard_database_name` with your actual database credentials.
 58 │ 4. Save the file and exit the editor (in nano, press `CTRL+X`, then `Y`, followed by `ENTER`).
    ·    ────────────────────────┬────────────────────────
    ·                            ╰── machine-favored phrasing peaks at 'in nano, press'
 59 │ 
    ╰────

dms.machine

  ⚠ machine-favored phrasing peaks at 'the script executable:'
    ╭─[corpus/llm/docs/0a0197006e9ca159.md:60:4]
 59 │ 
 60 │ 5. Make the script executable:
    ·    ─────────────┬─────────────
    ·                 ╰── machine-favored phrasing peaks at 'the script executable:'
 61 │ 
    ╰────

dms.machine

  ⚠ machine-favored phrasing peaks at 'based job scheduler.'
    ╭─[corpus/llm/docs/0a0197006e9ca159.md:68:1]
 67 │ 
 68 │ Now that your backup script is ready, you need to schedule it using cron, a time-based job scheduler.
    · ──────────────────────────────────────────────────┬──────────────────────────────────────────────────
    ·                                                   ╰── machine-favored phrasing peaks at 'based job scheduler.'
 69 │ 
    ╰────

dms.machine

  ⚠ machine-favored phrasing peaks at 'editor for root:'
    ╭─[corpus/llm/docs/0a0197006e9ca159.md:70:4]
 69 │ 
 70 │ 1. Open the crontab editor for root:
    ·    ────────────────┬────────────────
    ·                    ╰── machine-favored phrasing peaks at 'editor for root:'
 71 │ 
    ╰────

dms.machine

  ⚠ machine-favored phrasing peaks at 'time as needed):'
    ╭─[corpus/llm/docs/0a0197006e9ca159.md:76:4]
 75 │ 
 76 │ 2. Add a new line to run the backup script daily at 2 AM (adjust the time as needed):
    ·    ─────────────────────────────────────────┬────────────────────────────────────────
    ·                                             ╰── machine-favored phrasing peaks at 'time as needed):'
 77 │ 
    ╰────

dms.machine

  ⚠ machine-favored phrasing peaks at 'day at 2 AM.'
    ╭─[corpus/llm/docs/0a0197006e9ca159.md:82:4]
 81 │ 
 82 │ 3. Save and exit the editor. The cron job is now set to run your backup script every day at 2 AM.
    ·    ───────────────────────────────────────────────┬──────────────────────────────────────────────
    ·                                                   ╰── machine-favored phrasing peaks at 'day at 2 AM.'
 83 │ 
    ╰────

dms.machine

  ⚠ machine-favored phrasing peaks at 'the designated directory.'
    ╭─[corpus/llm/docs/0a0197006e9ca159.md:86:1]
 85 │ 
 86 │ In case of data loss or corruption, you can restore Corkboard from any available backup file in the designated directory.
    · ────────────────────────────────────────────────────────────┬────────────────────────────────────────────────────────────
    ·                                                             ╰── machine-favored phrasing peaks at 'the designated directory.'
 87 │ 
    ╰────

dms.machine

  ⚠ machine-favored phrasing peaks at 'file by checking the'
    ╭─[corpus/llm/docs/0a0197006e9ca159.md:88:4]
 87 │ 
 88 │ 1. Identify the desired backup file by checking the `BACKUP_DIR`. Files are named like `corkboard_YourDatabaseName_YYYYMMDD_HHMMSS.sql.gz`.
    ·    ────────────────────────┬───────────────────────
    ·                            ╰── machine-favored phrasing peaks at 'file by checking the'
 89 │ 
    ╰────

dms.machine

  ⚠ machine-favored phrasing peaks at 'its previous state:'
    ╭─[corpus/llm/docs/0a0197006e9ca159.md:90:4]
 89 │ 
 90 │ 2. To restore a database to its previous state:
    ·    ──────────────────────┬─────────────────────
    ·                          ╰── machine-favored phrasing peaks at 'its previous state:'
 91 │ 
    ╰────

dms.machine

  ⚠ machine-favored phrasing peaks at 'of your database.'
    ╭─[corpus/llm/docs/0a0197006e9ca159.md:96:33]
 95 │ 
 96 │ 3. Replace `your_database_name` with the actual name of your database.
    ·                                 ───────────────────┬──────────────────
    ·                                                    ╰── machine-favored phrasing peaks at 'of your database.'
 97 │ 
    ╰────

dms.machine

  ⚠ machine-favored phrasing peaks at 'files before compression.'
     ╭─[corpus/llm/docs/0a0197006e9ca159.md:100:5]
  99 │ 
 100 │ - **Security**: Ensure that backups are stored securely, especially if you're using plain text files before compression.
     ·     ──────────────────────────────────────────────────────────┬─────────────────────────────────────────────────────────
     ·                                                               ╰── machine-favored phrasing peaks at 'files before compression.'
 101 │ - **Backup Retention**: Consider setting up a policy to keep only the most recent backups and delete older ones periodically to save disk space.
     ╰────

dms.machine

  ⚠ machine-favored phrasing peaks at 'save disk space.'
     ╭─[corpus/llm/docs/0a0197006e9ca159.md:101:5]
 100 │ - **Security**: Ensure that backups are stored securely, especially if you're using plain text files before compression.
 101 │ - **Backup Retention**: Consider setting up a policy to keep only the most recent backups and delete older ones periodically to save disk space.
     ·     ──────────────────────────────────────────────────────────────────────┬─────────────────────────────────────────────────────────────────────
     ·                                                                           ╰── machine-favored phrasing peaks at 'save disk space.'
 102 │ - **Testing**: Periodically test restoring from a backup to confirm its integrity and process speed.
     ╰────

dms.machine

  ⚠ machine-favored phrasing peaks at 'and process speed.'
     ╭─[corpus/llm/docs/0a0197006e9ca159.md:102:5]
 101 │ - **Backup Retention**: Consider setting up a policy to keep only the most recent backups and delete older ones periodically to save disk space.
 102 │ - **Testing**: Periodically test restoring from a backup to confirm its integrity and process speed.
     ·     ────────────────────────────────────────────────┬───────────────────────────────────────────────
     ·                                                     ╰── machine-favored phrasing peaks at 'and process speed.'
 103 │ 
     ╰────

span.by_following_these_steps_leading

  ⚠ Literal tell: span.by_following_these_steps_leading
     ╭─[corpus/llm/docs/0a0197006e9ca159.md:104:1]
 103 │ 
 104 │ By following these steps, you've set up automatic database backups for Corkboard, ensuring that your notes remain safe against unexpected data loss. Regularly checking your backup logs will help you stay informed about the success of each backup run.
     · ─────────────┬────────────
     ·              ╰── Literal tell: span.by_following_these_steps_leading
     ╰────

dms.machine

  ⚠ machine-favored phrasing peaks at 'each backup run.'
     ╭─[corpus/llm/docs/0a0197006e9ca159.md:104:1]
 103 │ 
 104 │ By following these steps, you've set up automatic database backups for Corkboard, ensuring that your notes remain safe against unexpected data loss. Regularly checking your backup logs will help you stay informed about the success of each backup run.
     · ─────────────────────────────────────────────────────────────────────────────────────────────────────────────────────────────┬────────────────────────────────────────────────────────────────────────────────────────────────────────────────────────────
     ·                                                                                                                              ╰── machine-favored phrasing peaks at 'each backup run.'
     ╰────
